 game_shader_generic_deferred

 Timestamp is 5022583a (Wed Aug 08 14:14:50 2012)

 Preferred load address is 10000000

 Start         Length     Name                   Class
 0001:00000000 0001b6ccH .text                   CODE
 0001:0001b6d0 00000de5H .text$yc                CODE
 0001:0001c4c0 000001beH .text$yd                CODE
 0002:00000000 0000012cH .idata$5                DATA
 0002:0000012c 00000004H .CRT$XCA                DATA
 0002:00000130 000001a0H .CRT$XCU                DATA
 0002:000002d0 00000004H .CRT$XCZ                DATA
 0002:000002d4 00000004H .CRT$XIA                DATA
 0002:000002d8 00000014H .CRT$XIC                DATA
 0002:000002ec 00000004H .CRT$XIZ                DATA
 0002:000002f0 00000004H .CRT$XPA                DATA
 0002:000002f4 00000004H .CRT$XPX                DATA
 0002:000002f8 00000004H .CRT$XPXA               DATA
 0002:000002fc 00000004H .CRT$XPZ                DATA
 0002:00000300 00000004H .CRT$XTA                DATA
 0002:00000304 00000004H .CRT$XTZ                DATA
 0002:00000310 000189f8H .rdata                  DATA
 0002:00018d08 00000093H .rdata$debug            DATA
 0002:00018d9c 00000c94H .rdata$r                DATA
 0002:00019a30 0000000cH .rdata$sxdata           DATA
 0002:00019a3c 00000004H .rtc$IAA                DATA
 0002:00019a40 00000004H .rtc$IZZ                DATA
 0002:00019a44 00000004H .rtc$TAA                DATA
 0002:00019a48 00000004H .rtc$TZZ                DATA
 0002:00019a50 00000384H .xdata$x                DATA
 0002:00019dd4 00000028H .idata$2                DATA
 0002:00019dfc 00000014H .idata$3                DATA
 0002:00019e10 0000012cH .idata$4                DATA
 0002:00019f3c 00000536H .idata$6                DATA
 0002:0001a480 00000063H .edata                  DATA
 0003:00000000 00002dbcH .data                   DATA
 0003:00002dc0 00013a04H .bss                    DATA

  Address         Publics by Value              Rva+Base       Lib:Object

 0000:00000000       __except_list              00000000     <absolute>
 0000:00000003       ___safe_se_handler_count   00000003     <absolute>
 0000:00000000       ___ImageBase               10000000     <linker-defined>
 0001:00000000       ?SetHWMorphVertexShaderState@CBaseVSShader@@QAEXHHW4VertexTextureSampler_t@@@Z 10001000 f   BaseVSShader.obj
 0001:00000110       ?GetName@CShader@GAUSSIAN_BLUR_6@@UBEPBDXZ 10001110 f i blur.obj
 0001:00000120       ?GetFlags@CShader@GAUSSIAN_BLUR_6@@UBEHXZ 10001120 f i blur.obj
 0001:00000130       ?OnInitShaderInstance@CShader@GAUSSIAN_BLUR_6@@UAEXPAPAVIMaterialVar@@PAVIShaderInit@@PBD@Z 10001130 f i blur.obj
 0001:00000130       ?OnInitShaderInstance@CShader@VOLUME_BLEND@@UAEXPAPAVIMaterialVar@@PAVIShaderInit@@PBD@Z 10001130 f i volume_blend.obj
 0001:00000160       ?OnDrawElements@CShader@GAUSSIAN_BLUR_6@@UAEXPAPAVIMaterialVar@@PAVIShaderShadow@@PAVIShaderDynamicAPI@@W4VertexCompressionType_t@@PAPAVCBasePerMaterialContextData@@@Z 10001160 f i blur.obj
 0001:00000290       ?GetParamCount@CShader@GAUSSIAN_BLUR_6@@UBEHXZ 10001290 f i blur.obj
 0001:000002a0       ?GetParamInfo@CShader@GAUSSIAN_BLUR_6@@UBEABUShaderParamInfo_t@@H@Z 100012a0 f i blur.obj
 0001:000002d0       ??0CShaderParam@GAUSSIAN_BLUR_6@@QAE@PBDW4ShaderParamType_t@@00H@Z 100012d0 f i blur.obj
 0001:00000370       ?GetName@CShader@DEBUG_LIGHTING_CTRL@@UBEPBDXZ 10001370 f i debug_lightingctrl.obj
 0001:00000380       ?GetFlags@CShader@DEBUG_LIGHTING_CTRL@@UBEHXZ 10001380 f i debug_lightingctrl.obj
 0001:00000390       ?OnDrawElements@CShader@DEBUG_LIGHTING_CTRL@@UAEXPAPAVIMaterialVar@@PAVIShaderShadow@@PAVIShaderDynamicAPI@@W4VertexCompressionType_t@@PAPAVCBasePerMaterialContextData@@@Z 10001390 f i debug_lightingctrl.obj
 0001:000004d0       ?GetParamCount@CShader@DEBUG_LIGHTING_CTRL@@UBEHXZ 100014d0 f i debug_lightingctrl.obj
 0001:000004e0       ?GetParamInfo@CShader@DEBUG_LIGHTING_CTRL@@UBEABUShaderParamInfo_t@@H@Z 100014e0 f i debug_lightingctrl.obj
 0001:00000510       ?GetName@CShader@DEBUG_RADIOSITY_GRID@@UBEPBDXZ 10001510 f i debug_radiosity_grid.obj
 0001:00000520       ?GetFlags@CShader@DEBUG_RADIOSITY_GRID@@UBEHXZ 10001520 f i debug_radiosity_grid.obj
 0001:00000530       ?OnDrawElements@CShader@DEBUG_RADIOSITY_GRID@@UAEXPAPAVIMaterialVar@@PAVIShaderShadow@@PAVIShaderDynamicAPI@@W4VertexCompressionType_t@@PAPAVCBasePerMaterialContextData@@@Z 10001530 f i debug_radiosity_grid.obj
 0001:000005e0       ?GetParamCount@CShader@DEBUG_RADIOSITY_GRID@@UBEHXZ 100015e0 f i debug_radiosity_grid.obj
 0001:000005f0       ?GetParamInfo@CShader@DEBUG_RADIOSITY_GRID@@UBEABUShaderParamInfo_t@@H@Z 100015f0 f i debug_radiosity_grid.obj
 0001:00000620       ?GetName@CShader@DEBUG_SHADOW@@UBEPBDXZ 10001620 f i debug_shadow.obj
 0001:00000630       ?GetFlags@CShader@DEBUG_SHADOW@@UBEHXZ 10001630 f i debug_shadow.obj
 0001:00000640       ?OnDrawElements@CShader@DEBUG_SHADOW@@UAEXPAPAVIMaterialVar@@PAVIShaderShadow@@PAVIShaderDynamicAPI@@W4VertexCompressionType_t@@PAPAVCBasePerMaterialContextData@@@Z 10001640 f i debug_shadow.obj
 0001:000008d0       ?GetParamCount@CShader@DEBUG_SHADOW@@UBEHXZ 100018d0 f i debug_shadow.obj
 0001:000008e0       ?GetParamInfo@CShader@DEBUG_SHADOW@@UBEABUShaderParamInfo_t@@H@Z 100018e0 f i debug_shadow.obj
 0001:00000910       ??_ECBasePerMaterialContextData@@UAEPAXI@Z 10001910 f i deferred_brush.obj
 0001:00000910       ??_GCBasePerMaterialContextData@@UAEPAXI@Z 10001910 f i deferred_brush.obj
 0001:00000940       ??_ECDeferredPerMaterialContextData@@UAEPAXI@Z 10001940 f i deferred_brush.obj
 0001:00000940       ??_GCDeferredPerMaterialContextData@@UAEPAXI@Z 10001940 f i deferred_brush.obj
 0001:000009a0       ?SetupParmsGBuffer@CShader@DEFERRED_BRUSH@@QAEXAAUdefParms_gBuffer@@@Z 100019a0 f i deferred_brush.obj
 0001:00000a50       ?SetupParmsComposite@CShader@DEFERRED_BRUSH@@QAEXAAUdefParms_composite@@@Z 10001a50 f i deferred_brush.obj
 0001:00000b40       ?OnInitShaderParams@CShader@DEFERRED_BRUSH@@UAEXPAPAVIMaterialVar@@PBD@Z 10001b40 f i deferred_brush.obj
 0001:00000c70       ?GetName@CShader@DEFERRED_BRUSH@@UBEPBDXZ 10001c70 f i deferred_brush.obj
 0001:00000c80       ?GetFlags@CShader@DEFERRED_BRUSH@@UBEHXZ 10001c80 f i deferred_brush.obj
 0001:00000c90       ?OnInitShaderInstance@CShader@DEFERRED_BRUSH@@UAEXPAPAVIMaterialVar@@PAVIShaderInit@@PBD@Z 10001c90 f i deferred_brush.obj
 0001:00000d90       ?GetFallbackShader@CShader@DEFERRED_BRUSH@@UBEPBDPAPAVIMaterialVar@@@Z 10001d90 f i deferred_brush.obj
 0001:00000e10       ?OnDrawElements@CShader@DEFERRED_BRUSH@@UAEXPAPAVIMaterialVar@@PAVIShaderShadow@@PAVIShaderDynamicAPI@@W4VertexCompressionType_t@@PAPAVCBasePerMaterialContextData@@@Z 10001e10 f i deferred_brush.obj
 0001:00000ff0       ?GetParamCount@CShader@DEFERRED_BRUSH@@UBEHXZ 10001ff0 f i deferred_brush.obj
 0001:00001000       ?GetParamInfo@CShader@DEFERRED_BRUSH@@UBEABUShaderParamInfo_t@@H@Z 10002000 f i deferred_brush.obj
 0001:00001030       ??0CShaderParam@DEFERRED_BRUSH@@QAE@PBDW4ShaderParamType_t@@00H@Z 10002030 f i deferred_brush.obj
 0001:000010d0       ?SetupParmsComposite@CShader@DEFERRED_MODEL@@QAEXAAUdefParms_composite@@@Z 100020d0 f i deferred_model.obj
 0001:00001190       ?OnInitShaderParams@CShader@DEFERRED_MODEL@@UAEXPAPAVIMaterialVar@@PBD@Z 10002190 f i deferred_model.obj
 0001:000012c0       ?GetName@CShader@DEFERRED_MODEL@@UBEPBDXZ 100022c0 f i deferred_model.obj
 0001:000012d0       ?GetFlags@CShader@DEFERRED_MODEL@@UBEHXZ 100022d0 f i deferred_model.obj
 0001:000012e0       ?OnInitShaderInstance@CShader@DEFERRED_MODEL@@UAEXPAPAVIMaterialVar@@PAVIShaderInit@@PBD@Z 100022e0 f i deferred_model.obj
 0001:000013e0       ?GetFallbackShader@CShader@DEFERRED_MODEL@@UBEPBDPAPAVIMaterialVar@@@Z 100023e0 f i deferred_model.obj
 0001:00001420       ?OnDrawElements@CShader@DEFERRED_MODEL@@UAEXPAPAVIMaterialVar@@PAVIShaderShadow@@PAVIShaderDynamicAPI@@W4VertexCompressionType_t@@PAPAVCBasePerMaterialContextData@@@Z 10002420 f i deferred_model.obj
 0001:00001600       ?GetParamCount@CShader@DEFERRED_MODEL@@UBEHXZ 10002600 f i deferred_model.obj
 0001:00001610       ?GetParamInfo@CShader@DEFERRED_MODEL@@UBEABUShaderParamInfo_t@@H@Z 10002610 f i deferred_model.obj
 0001:00001640       ??1?$CUtlVector@PAVCShaderParam@DEFERRED_MODEL@@V?$CUtlMemory@PAVCShaderParam@DEFERRED_MODEL@@H@@@@QAE@XZ 10002640 f i deferred_model.obj
 0001:00001640       ??1?$CUtlVector@PAVCShaderParam@DEBUG_SHADOW@@V?$CUtlMemory@PAVCShaderParam@DEBUG_SHADOW@@H@@@@QAE@XZ 10002640 f i debug_shadow.obj
 0001:00001640       ??1?$CUtlVector@PAVCShaderParam@RADIOSITY_BLEND@@V?$CUtlMemory@PAVCShaderParam@RADIOSITY_BLEND@@H@@@@QAE@XZ 10002640 f i radiosity_blend.obj
 0001:00001640       ??1?$CUtlVector@PAVCShaderParam@RADIOSITY_PROPAGATE@@V?$CUtlMemory@PAVCShaderParam@RADIOSITY_PROPAGATE@@H@@@@QAE@XZ 10002640 f i radiosity_propagate.obj
 0001:00001640       ??1?$CUtlVector@PAVCShaderParam@DEBUG_LIGHTING_CTRL@@V?$CUtlMemory@PAVCShaderParam@DEBUG_LIGHTING_CTRL@@H@@@@QAE@XZ 10002640 f i debug_lightingctrl.obj
 0001:00001640       ??1?$CUtlVector@PAVCShaderParam@VOLUME_BLEND@@V?$CUtlMemory@PAVCShaderParam@VOLUME_BLEND@@H@@@@QAE@XZ 10002640 f i volume_blend.obj
 0001:00001640       ??1?$CUtlVector@PAVCShaderParam@RADIOSITY_GLOBAL@@V?$CUtlMemory@PAVCShaderParam@RADIOSITY_GLOBAL@@H@@@@QAE@XZ 10002640 f i radiosity_global.obj
 0001:00001640       ??1?$CUtlVector@PAVCShaderParam@GAUSSIAN_BLUR_6@@V?$CUtlMemory@PAVCShaderParam@GAUSSIAN_BLUR_6@@H@@@@QAE@XZ 10002640 f i blur.obj
 0001:00001640       ??1?$CUtlVector@PAVCShaderParam@DEBUG_RADIOSITY_GRID@@V?$CUtlMemory@PAVCShaderParam@DEBUG_RADIOSITY_GRID@@H@@@@QAE@XZ 10002640 f i debug_radiosity_grid.obj
 0001:00001640       ??1?$CUtlVector@PAVCShaderParam@LIGHTING_GLOBAL@@V?$CUtlMemory@PAVCShaderParam@LIGHTING_GLOBAL@@H@@@@QAE@XZ 10002640 f i lighting_global.obj
 0001:00001640       ??1?$CUtlVector@PAVCShaderParam@VOLUME_PREPASS@@V?$CUtlMemory@PAVCShaderParam@VOLUME_PREPASS@@H@@@@QAE@XZ 10002640 f i volume_prepass.obj
 0001:00001640       ??1?$CUtlVector@PAVCShaderParam@DEFERRED_BRUSH@@V?$CUtlMemory@PAVCShaderParam@DEFERRED_BRUSH@@H@@@@QAE@XZ 10002640 f i deferred_brush.obj
 0001:00001640       ??1?$CUtlVector@P6AXPAVIConVar@@PBDM@ZV?$CUtlMemory@P6AXPAVIConVar@@PBDM@ZH@@@@QAE@XZ 10002640 f i tier1:convar.obj
 0001:00001640       ??1?$CUtlVector@PAVCShaderParam@LIGHTING_WORLD@@V?$CUtlMemory@PAVCShaderParam@LIGHTING_WORLD@@H@@@@QAE@XZ 10002640 f i lighting_world.obj
 0001:00001640       ??1?$CUtlVector@PAVCShaderParam@LIGHTING_VOLUME@@V?$CUtlMemory@PAVCShaderParam@LIGHTING_VOLUME@@H@@@@QAE@XZ 10002640 f i lighting_volume.obj
 0001:000016b0       ??0CShaderParam@DEFERRED_MODEL@@QAE@PBDW4ShaderParamType_t@@00H@Z 100026b0 f i deferred_model.obj
 0001:00001750       ?GetTexcoordSettings@@YAX_N0AAHPAPAH@Z 10002750 f   deferred_utility.obj
 0001:000017a0       ?SetCommands@CDeferredPerMaterialContextData@@QAEXW4DefStage_t@1@PAE@Z 100027a0 f i defpass_composite.obj
 0001:00001830       ?GetIndex@composite_ps30_Static_Index@@QAEHXZ 10002830 f i defpass_composite.obj
 0001:00001890       ?InitParmsComposite@@YAXABUdefParms_composite@@PAVCBaseVSShader@@PAPAVIMaterialVar@@@Z 10002890 f   defpass_composite.obj
 0001:00001b40       ?InitPassComposite@@YAXABUdefParms_composite@@PAVCBaseVSShader@@PAPAVIMaterialVar@@@Z 10002b40 f   defpass_composite.obj
 0001:00001cb0       ?SetVertexShaderTextureTransform@?$CCommandBufferBuilder@V?$CFixedCommandStorageBuffer@$0CAA@@@@@QAEXHH@Z 10002cb0 f i defpass_composite.obj
 0001:00001d90       ?DrawPassComposite@@YAXABUdefParms_composite@@PAVCBaseVSShader@@PAPAVIMaterialVar@@PAVIShaderShadow@@PAVIShaderDynamicAPI@@W4VertexCompressionType_t@@PAVCDeferredPerMaterialContextData@@@Z 10002d90 f   defpass_composite.obj
 0001:00003590       ?InitParmsGBuffer@@YAXABUdefParms_gBuffer@@PAVCBaseVSShader@@PAPAVIMaterialVar@@@Z 10004590 f   defpass_gbuffer.obj
 0001:00003650       ?InitPassGBuffer@@YAXABUdefParms_gBuffer@@PAVCBaseVSShader@@PAPAVIMaterialVar@@@Z 10004650 f   defpass_gbuffer.obj
 0001:000038e0       ?DrawPassGBuffer@@YAXABUdefParms_gBuffer@@PAVCBaseVSShader@@PAPAVIMaterialVar@@PAVIShaderShadow@@PAVIShaderDynamicAPI@@W4VertexCompressionType_t@@PAVCDeferredPerMaterialContextData@@@Z 100048e0 f   defpass_gbuffer.obj
 0001:000049c0       ?InitParmsShadowPass@@YAXABUdefParms_shadow@@PAVCBaseVSShader@@PAPAVIMaterialVar@@@Z 100059c0 f   defpass_shadow.obj
 0001:00004a20       ?InitPassShadowPass@@YAXABUdefParms_shadow@@PAVCBaseVSShader@@PAPAVIMaterialVar@@@Z 10005a20 f   defpass_shadow.obj
 0001:00004ac0       ?DrawPassShadowPass@@YAXABUdefParms_shadow@@PAVCBaseVSShader@@PAPAVIMaterialVar@@PAVIShaderShadow@@PAVIShaderDynamicAPI@@W4VertexCompressionType_t@@PAVCDeferredPerMaterialContextData@@@Z 10005ac0 f   defpass_shadow.obj
 0001:000054a0       ?EnableDeferredLighting@CDeferredExtension@@UAEXXZ 100064a0 f   IDeferredExt.obj
 0001:000054b0       ?IsDeferredLightingEnabled@CDeferredExtension@@QAE_NXZ 100064b0 f   IDeferredExt.obj
 0001:000054c0       ?CommitOrigin@CDeferredExtension@@UAEXABVVector@@@Z 100064c0 f   IDeferredExt.obj
 0001:000054e0       ?CommitViewForward@CDeferredExtension@@UAEXABVVector@@@Z 100064e0 f   IDeferredExt.obj
 0001:00005500       ?CommitZDists@CDeferredExtension@@UAEXABM0@Z 10006500 f   IDeferredExt.obj
 0001:00005520       ?CommitZScale@CDeferredExtension@@UAEXABM@Z 10006520 f   IDeferredExt.obj
 0001:00005530       ?CommitFrustumDeltas@CDeferredExtension@@UAEXABVVMatrix@@@Z 10006530 f   IDeferredExt.obj
 0001:00005540       ??4shadowData_ortho_t@@QAEAAU0@ABU0@@Z 10006540 f i IDeferredExt.obj
 0001:000055b0       ?CommitShadowData_General@CDeferredExtension@@UAEXABUshadowData_general_t@@@Z 100065b0 f   IDeferredExt.obj
 0001:000055e0       ?CommitVolumeData@CDeferredExtension@@UAEXABUvolumeData_t@@@Z 100065e0 f   IDeferredExt.obj
 0001:00005610       ?CommitLightData_Common@CDeferredExtension@@UAEPAMPAMHHHHH@Z 10006610 f   IDeferredExt.obj
 0001:00005660       ?CommitTexture_General@CDeferredExtension@@UAEXPAVITexture@@00@Z 10006660 f   IDeferredExt.obj
 0001:00005690       ?CommitTexture_CascadedDepth@CDeferredExtension@@UAEXABHPAVITexture@@@Z 10006690 f   IDeferredExt.obj
 0001:000056b0       ?CommitTexture_DualParaboloidDepth@CDeferredExtension@@UAEXABHPAVITexture@@@Z 100066b0 f   IDeferredExt.obj
 0001:000056d0       ?CommitTexture_ProjectedDepth@CDeferredExtension@@UAEXABHPAVITexture@@@Z 100066d0 f   IDeferredExt.obj
 0001:000056f0       ?CommitTexture_Cookie@CDeferredExtension@@UAEXABHPAVITexture@@@Z 100066f0 f   IDeferredExt.obj
 0001:00005710       ?CommitTexture_VolumePrePass@CDeferredExtension@@UAEXPAVITexture@@@Z 10006710 f   IDeferredExt.obj
 0001:00005720       ?CommitTexture_ShadowRadOutput_Ortho@CDeferredExtension@@UAEXPAVITexture@@0@Z 10006720 f   IDeferredExt.obj
 0001:00005740       ?CommitTexture_Radiosity@CDeferredExtension@@UAEXPAVITexture@@000@Z 10006740 f   IDeferredExt.obj
 0001:00005770       ?CommitShadowData_Ortho@CDeferredExtension@@UAEXABHABUshadowData_ortho_t@@@Z 10006770 f   IDeferredExt.obj
 0001:00005790       ?CommitShadowData_Proj@CDeferredExtension@@UAEXABHABUshadowData_proj_t@@@Z 10006790 f   IDeferredExt.obj
 0001:00005800       ?CommitRadiosityData@CDeferredExtension@@UAEXABUradiosityData_t@@@Z 10006800 f   IDeferredExt.obj
 0001:00005840       ?CommitLightData_Global@CDeferredExtension@@UAEXABUlightData_Global_t@@@Z 10006840 f   IDeferredExt.obj
 0001:00005850       ??0CDeferredExtension@@QAE@XZ 10006850 f   IDeferredExt.obj
 0001:000059c0       ??_ECDeferredExtension@@UAEPAXI@Z 100069c0 f i IDeferredExt.obj
 0001:000059c0       ??_GCDeferredExtension@@UAEPAXI@Z 100069c0 f i IDeferredExt.obj
 0001:000059c0       ??_GIBaseInterface@@UAEPAXI@Z 100069c0 f i IDeferredExt.obj
 0001:000059c0       ??_EIBaseInterface@@UAEPAXI@Z 100069c0 f i IDeferredExt.obj
 0001:000059f0       ?OnInitShaderParams@CShader@DEBUG_RADIOSITY_GRID@@UAEXPAPAVIMaterialVar@@PBD@Z 100069f0 f i debug_radiosity_grid.obj
 0001:000059f0       ?OnInitShaderParams@CShader@DEBUG_LIGHTING_CTRL@@UAEXPAPAVIMaterialVar@@PBD@Z 100069f0 f i debug_lightingctrl.obj
 0001:000059f0       ?OnInitShaderParams@CShader@GAUSSIAN_BLUR_6@@UAEXPAPAVIMaterialVar@@PBD@Z 100069f0 f i blur.obj
 0001:000059f0       ?OnInitShaderParams@CShader@VOLUME_PREPASS@@UAEXPAPAVIMaterialVar@@PBD@Z 100069f0 f i volume_prepass.obj
 0001:000059f0       ?OnInitShaderParams@CShader@RADIOSITY_BLEND@@UAEXPAPAVIMaterialVar@@PBD@Z 100069f0 f i radiosity_blend.obj
 0001:000059f0       ?OnInitShaderParams@CShader@DEBUG_SHADOW@@UAEXPAPAVIMaterialVar@@PBD@Z 100069f0 f i debug_shadow.obj
 0001:000059f0       ?OnInitShaderParams@CBaseShader@@UAEXPAPAVIMaterialVar@@PBD@Z 100069f0 f i blur.obj
 0001:000059f0       ?OnInitShaderParams@CShader@VOLUME_BLEND@@UAEXPAPAVIMaterialVar@@PBD@Z 100069f0 f i volume_blend.obj
 0001:000059f0       ?OnInitShaderParams@CShader@RADIOSITY_GLOBAL@@UAEXPAPAVIMaterialVar@@PBD@Z 100069f0 f i radiosity_global.obj
 0001:000059f0       ?OnInitShaderParams@CShader@LIGHTING_GLOBAL@@UAEXPAPAVIMaterialVar@@PBD@Z 100069f0 f i lighting_global.obj
 0001:000059f0       ?OnInitShaderParams@CShader@RADIOSITY_PROPAGATE@@UAEXPAPAVIMaterialVar@@PBD@Z 100069f0 f i radiosity_propagate.obj
 0001:00005a00       ?GetName@CShader@LIGHTING_GLOBAL@@UBEPBDXZ 10006a00 f i lighting_global.obj
 0001:00005a10       ?GetFlags@CShader@LIGHTING_GLOBAL@@UBEHXZ 10006a10 f i lighting_global.obj
 0001:00005a20       ??4lightData_Global_t@@QAEAAU0@ABU0@@Z 10006a20 f i IDeferredExt.obj
 0001:00005a20       ??0lightData_Global_t@@QAE@ABU0@@Z 10006a20 f i lighting_global.obj
 0001:00005ab0       ?GetParamCount@CShader@LIGHTING_GLOBAL@@UBEHXZ 10006ab0 f i lighting_global.obj
 0001:00005ac0       ?OnDrawElements@CShader@LIGHTING_GLOBAL@@UAEXPAPAVIMaterialVar@@PAVIShaderShadow@@PAVIShaderDynamicAPI@@W4VertexCompressionType_t@@PAPAVCBasePerMaterialContextData@@@Z 10006ac0 f i lighting_global.obj
 0001:00005e70       ?GetParamInfo@CShader@LIGHTING_GLOBAL@@UBEABUShaderParamInfo_t@@H@Z 10006e70 f i lighting_global.obj
 0001:00005ea0       ?DrawPassLightPass@@YAXABUlightPassParms@@PAVCBaseVSShader@@PAPAVIMaterialVar@@PAVIShaderShadow@@PAVIShaderDynamicAPI@@W4VertexCompressionType_t@@@Z 10006ea0 f   lighting_pass_basic.obj
 0001:00006440       ?InitParmsLightPassVolum@@YAXABUlightPassParms@@PAVCBaseVSShader@@PAPAVIMaterialVar@@@Z 10007440 f   lighting_pass_volum.obj
 0001:00006440       ?InitParmsLightPass@@YAXABUlightPassParms@@PAVCBaseVSShader@@PAPAVIMaterialVar@@@Z 10007440 f   lighting_pass_basic.obj
 0001:00006480       ?InitPassLightPassVolum@@YAXABUlightPassParms@@PAVCBaseVSShader@@PAPAVIMaterialVar@@@Z 10007480 f   lighting_pass_volum.obj
 0001:00006480       ?InitPassLightPass@@YAXABUlightPassParms@@PAVCBaseVSShader@@PAPAVIMaterialVar@@@Z 10007480 f   lighting_pass_basic.obj
 0001:00006490       ?DrawPassLightPassVolum@@YAXABUlightPassParms@@PAVCBaseVSShader@@PAPAVIMaterialVar@@PAVIShaderShadow@@PAVIShaderDynamicAPI@@W4VertexCompressionType_t@@@Z 10007490 f   lighting_pass_volum.obj
 0001:00006850       ?OnInitShaderParams@CShader@LIGHTING_WORLD@@UAEXPAPAVIMaterialVar@@PBD@Z 10007850 f i lighting_world.obj
 0001:000068a0       ?GetName@CShader@LIGHTING_WORLD@@UBEPBDXZ 100078a0 f i lighting_world.obj
 0001:000068b0       ?GetFlags@CShader@LIGHTING_WORLD@@UBEHXZ 100078b0 f i lighting_world.obj
 0001:000068c0       ?OnInitShaderInstance@CShader@LIGHTING_WORLD@@UAEXPAPAVIMaterialVar@@PAVIShaderInit@@PBD@Z 100078c0 f i lighting_world.obj
 0001:00006910       ?OnDrawElements@CShader@LIGHTING_WORLD@@UAEXPAPAVIMaterialVar@@PAVIShaderShadow@@PAVIShaderDynamicAPI@@W4VertexCompressionType_t@@PAPAVCBasePerMaterialContextData@@@Z 10007910 f i lighting_world.obj
 0001:00006960       ?GetParamCount@CShader@LIGHTING_WORLD@@UBEHXZ 10007960 f i lighting_world.obj
 0001:00006970       ?GetParamInfo@CShader@LIGHTING_WORLD@@UBEABUShaderParamInfo_t@@H@Z 10007970 f i lighting_world.obj
 0001:000069a0       ??0CShaderParam@LIGHTING_WORLD@@QAE@PBDW4ShaderParamType_t@@00H@Z 100079a0 f i lighting_world.obj
 0001:00006a40       ?OnInitShaderParams@CShader@LIGHTING_VOLUME@@UAEXPAPAVIMaterialVar@@PBD@Z 10007a40 f i lighting_volume.obj
 0001:00006a90       ?GetName@CShader@LIGHTING_VOLUME@@UBEPBDXZ 10007a90 f i lighting_volume.obj
 0001:00006aa0       ?GetFlags@CShader@LIGHTING_VOLUME@@UBEHXZ 10007aa0 f i lighting_volume.obj
 0001:00006ab0       ?OnInitShaderInstance@CShader@LIGHTING_VOLUME@@UAEXPAPAVIMaterialVar@@PAVIShaderInit@@PBD@Z 10007ab0 f i lighting_volume.obj
 0001:00006b00       ?OnDrawElements@CShader@LIGHTING_VOLUME@@UAEXPAPAVIMaterialVar@@PAVIShaderShadow@@PAVIShaderDynamicAPI@@W4VertexCompressionType_t@@PAPAVCBasePerMaterialContextData@@@Z 10007b00 f i lighting_volume.obj
 0001:00006b50       ?GetParamCount@CShader@LIGHTING_VOLUME@@UBEHXZ 10007b50 f i lighting_volume.obj
 0001:00006b60       ?GetParamInfo@CShader@LIGHTING_VOLUME@@UBEABUShaderParamInfo_t@@H@Z 10007b60 f i lighting_volume.obj
 0001:00006b90       ??0CShaderParam@LIGHTING_VOLUME@@QAE@PBDW4ShaderParamType_t@@00H@Z 10007b90 f i lighting_volume.obj
 0001:00006c30       ?GetName@CShader@RADIOSITY_BLEND@@UBEPBDXZ 10007c30 f i radiosity_blend.obj
 0001:00006c40       ?GetFlags@CShader@RADIOSITY_BLEND@@UBEHXZ 10007c40 f i radiosity_blend.obj
 0001:00006c50       ?OnDrawElements@CShader@RADIOSITY_BLEND@@UAEXPAPAVIMaterialVar@@PAVIShaderShadow@@PAVIShaderDynamicAPI@@W4VertexCompressionType_t@@PAPAVCBasePerMaterialContextData@@@Z 10007c50 f i radiosity_blend.obj
 0001:00006e40       ?GetParamCount@CShader@RADIOSITY_BLEND@@UBEHXZ 10007e40 f i radiosity_blend.obj
 0001:00006e50       ?GetParamInfo@CShader@RADIOSITY_BLEND@@UBEABUShaderParamInfo_t@@H@Z 10007e50 f i radiosity_blend.obj
 0001:00006e80       ?GetName@CShader@RADIOSITY_GLOBAL@@UBEPBDXZ 10007e80 f i radiosity_global.obj
 0001:00006e90       ?GetFlags@CShader@RADIOSITY_GLOBAL@@UBEHXZ 10007e90 f i radiosity_global.obj
 0001:00006ea0       ?OnInitShaderInstance@CShader@DEBUG_RADIOSITY_GRID@@UAEXPAPAVIMaterialVar@@PAVIShaderInit@@PBD@Z 10007ea0 f i debug_radiosity_grid.obj
 0001:00006ea0       ?OnInitShaderInstance@CShader@DEBUG_SHADOW@@UAEXPAPAVIMaterialVar@@PAVIShaderInit@@PBD@Z 10007ea0 f i debug_shadow.obj
 0001:00006ea0       ?OnInitShaderInstance@CShader@LIGHTING_GLOBAL@@UAEXPAPAVIMaterialVar@@PAVIShaderInit@@PBD@Z 10007ea0 f i lighting_global.obj
 0001:00006ea0       ?OnInitShaderInstance@CShader@RADIOSITY_BLEND@@UAEXPAPAVIMaterialVar@@PAVIShaderInit@@PBD@Z 10007ea0 f i radiosity_blend.obj
 0001:00006ea0       ?OnInitShaderInstance@CShader@VOLUME_PREPASS@@UAEXPAPAVIMaterialVar@@PAVIShaderInit@@PBD@Z 10007ea0 f i volume_prepass.obj
 0001:00006ea0       ?OnInitShaderInstance@CShader@RADIOSITY_GLOBAL@@UAEXPAPAVIMaterialVar@@PAVIShaderInit@@PBD@Z 10007ea0 f i radiosity_global.obj
 0001:00006ea0       ?OnInitShaderInstance@CShader@DEBUG_LIGHTING_CTRL@@UAEXPAPAVIMaterialVar@@PAVIShaderInit@@PBD@Z 10007ea0 f i debug_lightingctrl.obj
 0001:00006eb0       ?GetParamCount@CShader@RADIOSITY_GLOBAL@@UBEHXZ 10007eb0 f i radiosity_global.obj
 0001:00006ec0       ?OnDrawElements@CShader@RADIOSITY_GLOBAL@@UAEXPAPAVIMaterialVar@@PAVIShaderShadow@@PAVIShaderDynamicAPI@@W4VertexCompressionType_t@@PAPAVCBasePerMaterialContextData@@@Z 10007ec0 f i radiosity_global.obj
 0001:000070f0       ?GetParamInfo@CShader@RADIOSITY_GLOBAL@@UBEABUShaderParamInfo_t@@H@Z 100080f0 f i radiosity_global.obj
 0001:00007120       ?GetName@CShader@RADIOSITY_PROPAGATE@@UBEPBDXZ 10008120 f i radiosity_propagate.obj
 0001:00007130       ?GetFlags@CShader@RADIOSITY_PROPAGATE@@UBEHXZ 10008130 f i radiosity_propagate.obj
 0001:00007140       ?OnInitShaderInstance@CShader@RADIOSITY_PROPAGATE@@UAEXPAPAVIMaterialVar@@PAVIShaderInit@@PBD@Z 10008140 f i radiosity_propagate.obj
 0001:00007190       ?OnDrawElements@CShader@RADIOSITY_PROPAGATE@@UAEXPAPAVIMaterialVar@@PAVIShaderShadow@@PAVIShaderDynamicAPI@@W4VertexCompressionType_t@@PAPAVCBasePerMaterialContextData@@@Z 10008190 f i radiosity_propagate.obj
 0001:000072b0       ?GetParamCount@CShader@RADIOSITY_PROPAGATE@@UBEHXZ 100082b0 f i radiosity_propagate.obj
 0001:000072c0       ?Grow@?$CUtlMemory@PAVCShaderParam@GAUSSIAN_BLUR_6@@H@@QAEXH@Z 100082c0 f i blur.obj
 0001:000072c0       ?Grow@?$CUtlMemory@PAVCShaderParam@LIGHTING_VOLUME@@H@@QAEXH@Z 100082c0 f i lighting_volume.obj
 0001:000072c0       ?Grow@?$CUtlMemory@PAVCShaderParam@DEFERRED_MODEL@@H@@QAEXH@Z 100082c0 f i deferred_model.obj
 0001:000072c0       ?Grow@?$CUtlMemory@PAVCShaderParam@LIGHTING_WORLD@@H@@QAEXH@Z 100082c0 f i lighting_world.obj
 0001:000072c0       ?Grow@?$CUtlMemory@PAVIShader@@H@@QAEXH@Z 100082c0 f i shaderlib:ShaderDLL.obj
 0001:000072c0       ?Grow@?$CUtlMemory@PAVCShaderParam@DEFERRED_BRUSH@@H@@QAEXH@Z 100082c0 f i deferred_brush.obj
 0001:000072c0       ?Grow@?$CUtlMemory@PAVCShaderParam@RADIOSITY_PROPAGATE@@H@@QAEXH@Z 100082c0 f i radiosity_propagate.obj
 0001:00007350       ?GetParamInfo@CShader@RADIOSITY_PROPAGATE@@UBEABUShaderParamInfo_t@@H@Z 10008350 f i radiosity_propagate.obj
 0001:00007380       ??0CShaderParam@RADIOSITY_PROPAGATE@@QAE@PBDW4ShaderParamType_t@@00H@Z 10008380 f i radiosity_propagate.obj
 0001:00007420       ?GetName@CShader@VOLUME_BLEND@@UBEPBDXZ 10008420 f i volume_blend.obj
 0001:00007430       ?GetFlags@CShader@VOLUME_BLEND@@UBEHXZ 10008430 f i volume_blend.obj
 0001:00007440       ?OnDrawElements@CShader@VOLUME_BLEND@@UAEXPAPAVIMaterialVar@@PAVIShaderShadow@@PAVIShaderDynamicAPI@@W4VertexCompressionType_t@@PAPAVCBasePerMaterialContextData@@@Z 10008440 f i volume_blend.obj
 0001:00007510       ?GetParamCount@CShader@VOLUME_BLEND@@UBEHXZ 10008510 f i volume_blend.obj
 0001:00007520       ?GetParamInfo@CShader@VOLUME_BLEND@@UBEABUShaderParamInfo_t@@H@Z 10008520 f i volume_blend.obj
 0001:00007550       ?GetName@CShader@VOLUME_PREPASS@@UBEPBDXZ 10008550 f i volume_prepass.obj
 0001:00007560       ?GetFlags@CShader@VOLUME_PREPASS@@UBEHXZ 10008560 f i volume_prepass.obj
 0001:00007570       ?GetFallbackShader@CShader@LIGHTING_VOLUME@@UBEPBDPAPAVIMaterialVar@@@Z 10008570 f i lighting_volume.obj
 0001:00007570       ?GetFallbackShader@CShader@VOLUME_BLEND@@UBEPBDPAPAVIMaterialVar@@@Z 10008570 f i volume_blend.obj
 0001:00007570       ?GetFallbackShader@CShader@VOLUME_PREPASS@@UBEPBDPAPAVIMaterialVar@@@Z 10008570 f i volume_prepass.obj
 0001:00007570       ?GetFallbackShader@CShader@LIGHTING_WORLD@@UBEPBDPAPAVIMaterialVar@@@Z 10008570 f i lighting_world.obj
 0001:00007570       ?GetFallbackShader@CShader@DEBUG_RADIOSITY_GRID@@UBEPBDPAPAVIMaterialVar@@@Z 10008570 f i debug_radiosity_grid.obj
 0001:00007570       ?GetFallbackShader@CShader@RADIOSITY_PROPAGATE@@UBEPBDPAPAVIMaterialVar@@@Z 10008570 f i radiosity_propagate.obj
 0001:00007570       ?GetFallbackShader@CShader@DEBUG_SHADOW@@UBEPBDPAPAVIMaterialVar@@@Z 10008570 f i debug_shadow.obj
 0001:00007570       ?GetFallbackShader@CShader@RADIOSITY_GLOBAL@@UBEPBDPAPAVIMaterialVar@@@Z 10008570 f i radiosity_global.obj
 0001:00007570       ?GetFallbackShader@CShader@GAUSSIAN_BLUR_6@@UBEPBDPAPAVIMaterialVar@@@Z 10008570 f i blur.obj
 0001:00007570       ?GetFallbackShader@CShader@LIGHTING_GLOBAL@@UBEPBDPAPAVIMaterialVar@@@Z 10008570 f i lighting_global.obj
 0001:00007570       ?GetFallbackShader@CShader@RADIOSITY_BLEND@@UBEPBDPAPAVIMaterialVar@@@Z 10008570 f i radiosity_blend.obj
 0001:00007570       ?GetFallbackShader@CBaseShader@@UBEPBDPAPAVIMaterialVar@@@Z 10008570 f i blur.obj
 0001:00007570       ?GetFallbackShader@CShader@DEBUG_LIGHTING_CTRL@@UBEPBDPAPAVIMaterialVar@@@Z 10008570 f i debug_lightingctrl.obj
 0001:00007580       ?OnDrawElements@CShader@VOLUME_PREPASS@@UAEXPAPAVIMaterialVar@@PAVIShaderShadow@@PAVIShaderDynamicAPI@@W4VertexCompressionType_t@@PAPAVCBasePerMaterialContextData@@@Z 10008580 f i volume_prepass.obj
 0001:000076a0       ?GetParamCount@CShader@VOLUME_PREPASS@@UBEHXZ 100086a0 f i volume_prepass.obj
 0001:000076b0       ?GetParamInfo@CShader@VOLUME_PREPASS@@UBEABUShaderParamInfo_t@@H@Z 100086b0 f i volume_prepass.obj
 0001:000076e0       ?ConVar_Register@@YAXHPAVIConCommandBaseAccessor@@@Z 100086e0 f   tier1:convar.obj
 0001:00007790       ?ConVar_Unregister@@YAXXZ  10008790 f   tier1:convar.obj
 0001:000077e0       ?IsCommand@ConCommand@@UBE_NXZ 100087e0 f   tier1:convar.obj
 0001:000077e0       ?IsCommand@ConCommandBase@@UBE_NXZ 100087e0 f   tier1:convar.obj
 0001:000077f0       ?GetDLLIdentifier@ConCommandBase@@UBEHXZ 100087f0 f   tier1:convar.obj
 0001:00007800       ?Create@ConCommandBase@@MAEXPBD0H@Z 10008800 f   tier1:convar.obj
 0001:00007850       ?Init@ConVar@@EAEXXZ       10008850 f   tier1:convar.obj
 0001:00007850       ?Init@ConCommandBase@@MAEXXZ 10008850 f   tier1:convar.obj
 0001:00007870       ?GetName@ConCommandBase@@UBEPBDXZ 10008870 f   tier1:convar.obj
 0001:00007880       ?IsFlagSet@ConCommandBase@@UBE_NH@Z 10008880 f   tier1:convar.obj
 0001:00007890       ?AddFlags@ConCommandBase@@UAEXH@Z 10008890 f   tier1:convar.obj
 0001:000078a0       ?RemoveFlags@ConCommandBase@@UAEXH@Z 100088a0 f   tier1:convar.obj
 0001:000078b0       ?GetHelpText@ConCommandBase@@UBEPBDXZ 100088b0 f   tier1:convar.obj
 0001:000078c0       ?IsRegistered@ConCommandBase@@UBE_NXZ 100088c0 f   tier1:convar.obj
 0001:000078d0       ?DefaultCompletionFunc@@YAHPBDQAY0EA@D@Z 100088d0 f   tier1:convar.obj
 0001:000078d0       ?GetSplitScreenPlayerSlot@ConVar@@UBEHXZ 100088d0 f   tier1:convar.obj
 0001:000078e0       ??0ConCommand@@QAE@PBDP6AXABVCCommand@@@Z0HP6AH0QAY0EA@D@Z@Z 100088e0 f   tier1:convar.obj
 0001:00007980       ??1ConCommand@@UAE@XZ      10008980 f   tier1:convar.obj
 0001:00007990       ?Dispatch@ConCommand@@UAEXABVCCommand@@@Z 10008990 f   tier1:convar.obj
 0001:000079d0       ?CanAutoComplete@ConCommand@@UAE_NXZ 100089d0 f   tier1:convar.obj
 0001:000079e0       ?IsFlagSet@ConVar@@UBE_NH@Z 100089e0 f   tier1:convar.obj
 0001:000079f0       ?GetFlags@ConVar@@UBEHXZ   100089f0 f   tier1:convar.obj
 0001:00007a00       ?GetHelpText@ConVar@@UBEPBDXZ 10008a00 f   tier1:convar.obj
 0001:00007a10       ?AddFlags@ConVar@@UAEXH@Z  10008a10 f   tier1:convar.obj
 0001:00007a20       ?IsRegistered@ConVar@@UBE_NXZ 10008a20 f   tier1:convar.obj
 0001:00007a30       ?GetName@ConVar@@UBEPBDXZ  10008a30 f   tier1:convar.obj
 0001:00007a40       ?GetBaseName@ConVar@@UBEPBDXZ 10008a40 f   tier1:convar.obj
 0001:00007a50       ?IsCommand@ConVar@@UBE_NXZ 10008a50 f   tier1:convar.obj
 0001:00007a60       ?InternalSetColorFromString@ConVar@@AAE_NPBD@Z 10008a60 f   tier1:convar.obj
 0001:00007b10       ?InternalSetValue@ConVar@@EAEXPBD@Z 10008b10 f   tier1:convar.obj
 0001:00007c40       ?ClampValue@ConVar@@EAE_NAAM@Z 10008c40 f   tier1:convar.obj
 0001:00007c80       ?InternalSetFloatValue@ConVar@@EAEXM@Z 10008c80 f   tier1:convar.obj
 0001:00007d60       ?InternalSetIntValue@ConVar@@EAEXH@Z 10008d60 f   tier1:convar.obj
 0001:00007e30       ?InternalSetColorValue@ConVar@@EAEXVColor@@@Z 10008e30 f   tier1:convar.obj
 0001:00007e60       ?SetValue@ConVar@@UAEXPBD@Z 10008e60 f   tier1:convar.obj
 0001:00007e70       ?SetValue@ConVar@@UAEXM@Z  10008e70 f   tier1:convar.obj
 0001:00007e90       ?SetValue@ConVar@@UAEXH@Z  10008e90 f   tier1:convar.obj
 0001:00007ea0       ?SetValue@ConVar@@UAEXVColor@@@Z 10008ea0 f   tier1:convar.obj
 0001:00007eb0       ?RegisterConCommandBase@CDefaultAccessor@@UAE_NPAVConCommandBase@@@Z 10008eb0 f i tier1:convar.obj
 0001:00007ed0       ??_GConCommandBase@@UAEPAXI@Z 10008ed0 f i tier1:convar.obj
 0001:00007ed0       ??_GConCommand@@UAEPAXI@Z  10008ed0 f i tier1:convar.obj
 0001:00007ed0       ??_EConCommand@@UAEPAXI@Z  10008ed0 f i tier1:convar.obj
 0001:00007ed0       ??_EConCommandBase@@UAEPAXI@Z 10008ed0 f i tier1:convar.obj
 0001:00007ef0       ?Grow@?$CUtlMemory@P6AXPAVIConVar@@PBDM@ZH@@QAEXH@Z 10008ef0 f i tier1:convar.obj
 0001:00007f80       ?Grow@?$CUtlMemory@VCUtlString@@H@@QAEXH@Z 10008f80 f i tier1:convar.obj
 0001:00008010       ?ChangeStringValue@ConVar@@EAEXPBDM@Z 10009010 f   tier1:convar.obj
 0001:000080d0       ?InsertBefore@?$CUtlVector@P6AXPAVIConVar@@PBDM@ZV?$CUtlMemory@P6AXPAVIConVar@@PBDM@ZH@@@@QAEHHABQ6AXPAVIConVar@@PBDM@Z@Z 100090d0 f i tier1:convar.obj
 0001:00008140       ??1ConVar@@UAE@XZ          10009140 f   tier1:convar.obj
 0001:00008180       ?GetName@ConVar@@WBI@BEPBDXZ 10009180 f i tier1:convar.obj
 0001:00008190       ?IsFlagSet@ConVar@@WBI@BE_NH@Z 10009190 f i tier1:convar.obj
 0001:000081a0       ?InsertBefore@?$CUtlVector@VCUtlString@@V?$CUtlMemory@VCUtlString@@H@@@@QAEHHABVCUtlString@@@Z 100091a0 f i tier1:convar.obj
 0001:00008210       ??_EConVar@@UAEPAXI@Z      10009210 f i tier1:convar.obj
 0001:00008210       ??_ECEmptyConVar@@UAEPAXI@Z 10009210 f i tier1:convar.obj
 0001:00008210       ??_GCEmptyConVar@@UAEPAXI@Z 10009210 f i tier1:convar.obj
 0001:00008210       ??_GConVar@@UAEPAXI@Z      10009210 f i tier1:convar.obj
 0001:00008260       ?Create@ConVar@@EAEXPBD0H0_NM1MP6AXPAVIConVar@@0M@Z@Z 10009260 f   tier1:convar.obj
 0001:000083a0       ?AutoCompleteSuggest@ConCommand@@UAEHPBDAAV?$CUtlVector@VCUtlString@@V?$CUtlMemory@VCUtlString@@H@@@@@Z 100093a0 f   tier1:convar.obj
 0001:00008480       ??0ConVar@@QAE@PBD0H@Z     10009480 f   tier1:convar.obj
 0001:000084f0       ?SetValue@CEmptyConVar@@UAEXH@Z 100094f0 f i tier1:convar.obj
 0001:000084f0       ?SetValue@CEmptyConVar@@UAEXM@Z 100094f0 f i tier1:convar.obj
 0001:000084f0       ?SetValue@CEmptyConVar@@UAEXPBD@Z 100094f0 f i tier1:convar.obj
 0001:00008500       ?GetName@CEmptyConVar@@UBEPBDXZ 10009500 f i tier1:convar.obj
 0001:00008510       ?IsFlagSet@CEmptyConVar@@UBE_NH@Z 10009510 f i tier1:convar.obj
 0001:00008520       ?GetName@CEmptyConVar@@WBI@BEPBDXZ 10009520 f i tier1:convar.obj
 0001:00008530       ?IsFlagSet@CEmptyConVar@@WBI@BE_NH@Z 10009530 f i tier1:convar.obj
 0001:00008540       ?_V_strlen@@YAHPBD@Z       10009540 f   tier1:strtools.obj
 0001:00008570       ?_V_strcmp@@YAHPBD0@Z      10009570 f   tier1:strtools.obj
 0001:000085d0       ?_V_memset@@YAXPAXHH@Z     100095d0 f   tier1:strtools.obj
 0001:00008600       ?_V_memcpy@@YAXPAXPBXH@Z   10009600 f   tier1:strtools.obj
 0001:00008630       ?_V_memmove@@YAXPAXPBXH@Z  10009630 f   tier1:strtools.obj
 0001:00008660       ?V_snprintf@@YAHPADHPBDZZ  10009660 f   tier1:strtools.obj
 0001:000086b0       ??0InterfaceReg@@QAE@P6APAXXZPBD@Z 100096b0 f   tier1:interface.obj
 0001:000086d0       ?CreateInterfaceInternal@@YAPAXPBDPAH@Z 100096d0 f   tier1:interface.obj
 0001:00008740       _CreateInterface           10009740 f   tier1:interface.obj
 0001:00008750       ?Grow@?$CUtlMemory@EH@@QAEXH@Z 10009750 f i tier1:utlstring.obj
 0001:000087e0       ?Set@CUtlBinaryBlock@@QAEXPBXH@Z 100097e0 f   tier1:utlstring.obj
 0001:00008850       ??0CUtlString@@QAE@PBD@Z   10009850 f   tier1:utlstring.obj
 0001:00008890       ??0CUtlString@@QAE@ABV0@@Z 10009890 f   tier1:utlstring.obj
 0001:000088e0       ?FindConversion@CUtlCStringConversion@@UAEDPBDPAH@Z 100098e0 f   tier1:utlbuffer.obj
 0001:00008900       ??0CUtlCharConversion@@QAE@DPBDHPAUConversionArray_t@0@@Z 10009900 f   tier1:utlbuffer.obj
 0001:00008990       ?FindConversion@CUtlCharConversion@@UAEDPBDPAH@Z 10009990 f   tier1:utlbuffer.obj
 0001:000089f0       ?FindConversion@CUtlNoEscConversion@@UAEDPBDPAH@Z 100099f0 f i tier1:utlbuffer.obj
 0001:00008a00       ?ReconnectInterface@@YAXP6APAXPBDPAH@Z0PAPAX@Z 10009a00 f   interfaces:interfaces.obj
 0001:00008a70       ?ConnectInterfaces@@YAXPAP6APAXPBDPAH@ZH@Z 10009a70 f   interfaces:interfaces.obj
 0001:00008b70       ?DisconnectInterfaces@@YAXXZ 10009b70 f   interfaces:interfaces.obj
 0001:00008bb0       ?BuildGammaTable@@YAXMMMH@Z 10009bb0 f   mathlib:color_conversion.obj
 0001:00008f10       ??4VMatrix@@QAEAAV0@ABV0@@Z 10009f10 f   mathlib:vmatrix.obj
 0001:00008f80       ?MatrixSetIdentity@@YAXAAVVMatrix@@@Z 10009f80 f   mathlib:vmatrix.obj
 0001:00008fe0       ?Transpose@VMatrix@@QBE?AV1@XZ 10009fe0 f   mathlib:vmatrix.obj
 0001:00009050       ?_VectorNormalizeFast@@YIXAAVVector@@@Z 1000a050 f   mathlib:mathlib_base.obj
 0001:000090b0       ?MathLib_Init@@YAXMMMH_N000@Z 1000a0b0 f   mathlib:mathlib_base.obj
 0001:00009150       ?Seed@SIMDRandStreamContext@@QAEXI@Z 1000a150 f i mathlib:randsse.obj
 0001:00009240       ?SeedRandSIMD@@YAXI@Z      1000a240 f   mathlib:randsse.obj
 0001:00009270       ??_ECBasePerInstanceContextData@@UAEPAXI@Z 1000a270 f i shaderlib:BaseShader.obj
 0001:00009270       ??_GCBasePerInstanceContextData@@UAEPAXI@Z 1000a270 f i shaderlib:BaseShader.obj
 0001:000092a0       ?GetParamCount@CBaseShader@@UBEHXZ 1000a2a0 f   shaderlib:BaseShader.obj
 0001:000092b0       ?GetParamInfo@CBaseShader@@UBEABUShaderParamInfo_t@@H@Z 1000a2b0 f   shaderlib:BaseShader.obj
 0001:000092d0       ?InitShaderParams@CBaseShader@@UAEXPAPAVIMaterialVar@@PBD@Z 1000a2d0 f   shaderlib:BaseShader.obj
 0001:00009300       ?InitShaderInstance@CBaseShader@@UAEXPAPAVIMaterialVar@@PAVIShaderInit@@PBD2@Z 1000a300 f   shaderlib:BaseShader.obj
 0001:00009350       ?SetInitialShadowState@CBaseShader@@QAEXXZ 1000a350 f   shaderlib:BaseShader.obj
 0001:00009420       ?LoadTexture@CBaseShader@@QAEXH@Z 1000a420 f   shaderlib:BaseShader.obj
 0001:00009470       ?LoadBumpMap@CBaseShader@@QAEXH@Z 1000a470 f   shaderlib:BaseShader.obj
 0001:000094c0       ?LoadCubeMap@CBaseShader@@QAEXH@Z 1000a4c0 f   shaderlib:BaseShader.obj
 0001:00009510       ?GetShaderAPITextureBindHandle@CBaseShader@@QAEHHHH@Z 1000a510 f   shaderlib:BaseShader.obj
 0001:00009560       ?NeedsPowerOfTwoFrameBufferTexture@CBaseShader@@UBE_NPAPAVIMaterialVar@@_N@Z 1000a560 f   shaderlib:BaseShader.obj
 0001:00009580       ?NeedsFullFrameBufferTexture@CBaseShader@@UBE_NPAPAVIMaterialVar@@_N@Z 1000a580 f   shaderlib:BaseShader.obj
 0001:000095a0       ?IsTranslucent@CBaseShader@@UBE_NPAPAVIMaterialVar@@@Z 1000a5a0 f   shaderlib:BaseShader.obj
 0001:000095c0       ?EnableAlphaBlending@CBaseShader@@QAEXW4ShaderBlendFactor_t@@0@Z 1000a5c0 f   shaderlib:BaseShader.obj
 0001:00009600       ?DefaultFog@CBaseShader@@QAEXXZ 1000a600 f   shaderlib:BaseShader.obj
 0001:00009660       ??_GCPerInstanceContextData@@UAEPAXI@Z 1000a660 f i shaderlib:BaseShader.obj
 0001:00009660       ??_ECPerInstanceContextData@@UAEPAXI@Z 1000a660 f i shaderlib:BaseShader.obj
 0001:000096a0       ??0CBaseShader@@QAE@XZ     1000a6a0 f   shaderlib:BaseShader.obj
 0001:000096c0       ?DrawElements@CBaseShader@@UAEXPAPAVIMaterialVar@@HPAVIShaderShadow@@PAVIShaderDynamicAPI@@W4VertexCompressionType_t@@PAPAVCBasePerMaterialContextData@@PAPAVCBasePerInstanceContextData@@@Z 1000a6c0 f   shaderlib:BaseShader.obj
 0001:00009750       ?BindTexture@CBaseShader@@QAEXW4Sampler_t@@HH@Z 1000a750 f   shaderlib:BaseShader.obj
 0001:000097a0       ?BindTexture@CBaseShader@@QAEXW4Sampler_t@@PAVITexture@@H@Z 1000a7a0 f   shaderlib:BaseShader.obj
 0001:000097c0       ?ComputeModulationFlags@CBaseShader@@UAEHPAPAVIMaterialVar@@PAVIShaderDynamicAPI@@@Z 1000a7c0 f   shaderlib:BaseShader.obj
 0001:000098a0       ?PI_EndCommandBuffer@CBaseShader@@QAEXXZ 1000a8a0 f   shaderlib:BaseShader.obj
 0001:00009990       ?Draw@CBaseShader@@QAEX_N@Z 1000a990 f   shaderlib:BaseShader.obj
 0001:00009a70       ?Connect@CShaderDLL@@UAE_NP6APAXPBDPAH@Z_N@Z 1000aa70 f   shaderlib:ShaderDLL.obj
 0001:00009af0       ?Disconnect@CShaderDLL@@UAEX_N@Z 1000aaf0 f   shaderlib:ShaderDLL.obj
 0001:00009b30       ?Connect@CShaderDLL@@UAE_NP6APAXPBDPAH@Z@Z 1000ab30 f   shaderlib:ShaderDLL.obj
 0001:00009b50       ?Disconnect@CShaderDLL@@UAEXXZ 1000ab50 f   shaderlib:ShaderDLL.obj
 0001:00009b60       ?GetFlags@ConCommandBase@@UBEHXZ 1000ab60 f   tier1:convar.obj
 0001:00009b60       ?ShaderCount@CShaderDLL@@UBEHXZ 1000ab60 f   shaderlib:ShaderDLL.obj
 0001:00009b70       ?GetShader@CShaderDLL@@UAEPAVIShader@@H@Z 1000ab70 f   shaderlib:ShaderDLL.obj
 0001:00009b90       ??0CShaderDLL@@QAE@XZ      1000ab90 f   shaderlib:ShaderDLL.obj
 0001:00009bf0       ?GetShaderDLL@@YAPAVIShaderDLL@@XZ 1000abf0 f   shaderlib:ShaderDLL.obj
 0001:00009c30       ?GetShaderDLLInternal@@YAPAVIShaderDLLInternal@@XZ 1000ac30 f   shaderlib:ShaderDLL.obj
 0001:00009c60       ?InsertShader@CShaderDLL@@UAEXPAVIShader@@@Z 1000ac60 f   shaderlib:ShaderDLL.obj
 0001:00009cc0       ?InitShaderLibCVars@@YAXP6APAXPBDPAH@Z@Z 1000acc0 f   shaderlib:shaderlib_cvar.obj
 0001:00009ce0       ?RegisterConCommandBase@CShaderLibConVarAccessor@@UAE_NPAVConCommandBase@@@Z 1000ace0 f i shaderlib:shaderlib_cvar.obj
 0001:00009d39       __cfltcvt_init             1000ad39 f   LIBCMT:_fpinit_.obj
 0001:00009d99       __fpmath                   1000ad99 f   LIBCMT:_fpinit_.obj
 0001:00009dc0       _fmod                      1000adc0 f   LIBCMT:_87fmod_.obj
 0001:00009dca       __CIfmod                   1000adca f   LIBCMT:_87fmod_.obj
 0001:00009df0       __ftol2_sse                1000adf0 f   LIBCMT:ftol2.obj
 0001:00009df9       __ftol2_pentium4           1000adf9 f   LIBCMT:ftol2.obj
 0001:00009e0c       __ftol2_sse_excpt          1000ae0c f   LIBCMT:ftol2.obj
 0001:00009e26       __ftol2                    1000ae26 f   LIBCMT:ftol2.obj
 0001:00009f51       ___onexitinit              1000af51 f   LIBCMT:onexit.obj
 0001:00009f82       __onexit                   1000af82 f   LIBCMT:onexit.obj
 0001:00009fbe       _atexit                    1000afbe f   LIBCMT:onexit.obj
 0001:00009fd5       ??1type_info@@UAE@XZ       1000afd5 f   LIBCMT:typinfo.obj
 0001:00009fe5       ??_Etype_info@@UAEPAXI@Z   1000afe5 f i LIBCMT:typinfo.obj
 0001:00009fe5       ??_Gtype_info@@UAEPAXI@Z   1000afe5 f i LIBCMT:typinfo.obj
 0001:0000a006       __purecall                 1000b006 f   LIBCMT:purevirt.obj
 0001:0000a030       _printf                    1000b030 f   LIBCMT:printf.obj
 0001:0000a0d7       __get_printf_count_output  1000b0d7 f   LIBCMT:printf.obj
 0001:0000a0ed       ??3@YAXPAX@Z               1000b0ed f   LIBCMT:delete.obj
 0001:0000a0f8       ??1bad_alloc@std@@UAE@XZ   1000b0f8 f i LIBCMT:new.obj
 0001:0000a103       ??_Gbad_alloc@std@@UAEPAXI@Z 1000b103 f i LIBCMT:new.obj
 0001:0000a103       ??_Ebad_alloc@std@@UAEPAXI@Z 1000b103 f i LIBCMT:new.obj
 0001:0000a12a       ??0bad_alloc@std@@QAE@ABV01@@Z 1000b12a f i LIBCMT:new.obj
 0001:0000a147       ??2@YAPAXI@Z               1000b147 f   LIBCMT:new.obj
 0001:0000a1d0       _memcpy                    1000b1d0 f   LIBCMT:memcpy.obj
 0001:0000a531       _atol                      1000b531 f   LIBCMT:atox.obj
 0001:0000a547       _atoi                      1000b547 f   LIBCMT:atox.obj
 0001:0000a552       __CRT_INIT@12              1000b552 f   LIBCMT:dllcrt0.obj
 0001:0000a7ac       __DllMainCRTStartup@12     1000b7ac f   LIBCMT:dllcrt0.obj
 0001:0000a83d       _sscanf                    1000b83d f   LIBCMT:sscanf.obj
 0001:0000a85f       ??0_LocaleUpdate@@QAE@PAUlocaleinfo_struct@@@Z 1000b85f f i LIBCMT:atof.obj
 0001:0000a8e6       __atof_l                   1000b8e6 f   LIBCMT:atof.obj
 0001:0000a991       _atof                      1000b991 f   LIBCMT:atof.obj
 0001:0000a9a4       __vsnprintf_l              1000b9a4 f   LIBCMT:vsnprint.obj
 0001:0000aa50       __vsnprintf                1000ba50 f   LIBCMT:vsnprint.obj
 0001:0000aa70       __alloca_probe             1000ba70     LIBCMT:chkstk.obj
 0001:0000aa70       __chkstk                   1000ba70 f   LIBCMT:chkstk.obj
 0001:0000aab0       _strchr                    1000bab0 f   LIBCMT:strchr.obj
 0001:0000aab6       ___from_strstr_to_strchr   1000bab6     LIBCMT:strchr.obj
 0001:0000ab70       __alloca_probe_16          1000bb70 f   LIBCMT:alloca16.obj
 0001:0000ab86       __alloca_probe_8           1000bb86     LIBCMT:alloca16.obj
 0001:0000aba0       _strstr                    1000bba0 f   LIBCMT:strstr.obj
 0001:0000ac26       __tolower_l                1000bc26 f   LIBCMT:tolower.obj
 0001:0000ad3b       _tolower                   1000bd3b f   LIBCMT:tolower.obj
 0001:0000ad70       __allmul                   1000bd70 f   LIBCMT:llmul.obj
 0001:0000adb0       _strncat                   1000bdb0 f   LIBCMT:strncat.obj
 0001:0000aef0       _memset                    1000bef0 f   LIBCMT:memset.obj
 0001:0000af70       _memmove                   1000bf70 f   LIBCMT:memmove.obj
 0001:0000b2e0       _strncpy                   1000c2e0 f   LIBCMT:strncpy.obj
 0001:0000b410       __allrem                   1000c410 f   LIBCMT:llrem.obj
 0001:0000b4d0       __alldiv                   1000c4d0 f   LIBCMT:lldiv.obj
 0001:0000b7a5       _strtol                    1000c7a5 f   LIBCMT:strtol.obj
 0001:0000b7d0       _floor                     1000c7d0 f   LIBCMT:_floor_pentium4_.obj
 0001:0000b810       __floor_pentium4           1000c810 f   LIBCMT:_floor_pentium4_.obj
 0001:0000b900       _pow                       1000c900 f   LIBCMT:_pow_.obj
 0001:0000b940       __CIpow                    1000c940 f   LIBCMT:_pow_.obj
 0001:0000b97b       __CIpow_default            1000c97b f   LIBCMT:_pow_.obj
 0001:0000b994       __pow_default              1000c994     LIBCMT:_pow_.obj
 0001:0000bb8a       ___libm_sse2_pow           1000cb8a f   LIBCMT:_pow_sse2_.obj
 0001:0000c610       _acos                      1000d610 f   LIBCMT:_acos_.obj
 0001:0000c650       __CIacos                   1000d650 f   LIBCMT:_acos_.obj
 0001:0000c68b       __CIacos_default           1000d68b f   LIBCMT:_acos_.obj
 0001:0000c69f       __acos_default             1000d69f     LIBCMT:_acos_.obj
 0001:0000c756       ___libm_sse2_sin           1000d756 f   LIBCMT:_sin_sse2_.obj
 0001:0000c910       _asin                      1000d910 f   LIBCMT:_asin_.obj
 0001:0000c950       __CIasin                   1000d950 f   LIBCMT:_asin_.obj
 0001:0000c98b       __CIasin_default           1000d98b f   LIBCMT:_asin_.obj
 0001:0000c99f       __asin_default             1000d99f     LIBCMT:_asin_.obj
 0001:0000ca56       __forcdecpt_l              1000da56 f   LIBCMT:cvt.obj
 0001:0000caca       __cropzeros_l              1000daca f   LIBCMT:cvt.obj
 0001:0000cb4c       __positive                 1000db4c f   LIBCMT:cvt.obj
 0001:0000cb68       __fassign_l                1000db68 f   LIBCMT:cvt.obj
 0001:0000cbaa       __fassign                  1000dbaa f   LIBCMT:cvt.obj
 0001:0000cbe3       __forcdecpt                1000dbe3 f   LIBCMT:cvt.obj
 0001:0000cbf6       __cropzeros                1000dbf6 f   LIBCMT:cvt.obj
 0001:0000cd6a       __cftoe_l                  1000dd6a f   LIBCMT:cvt.obj
 0001:0000ce31       __cftoe                    1000de31 f   LIBCMT:cvt.obj
 0001:0000ce51       __cftoa_l                  1000de51 f   LIBCMT:cvt.obj
 0001:0000d2ca       __cftof_l                  1000e2ca f   LIBCMT:cvt.obj
 0001:0000d38b       __cftog_l                  1000e38b f   LIBCMT:cvt.obj
 0001:0000d478       __cfltcvt_l                1000e478 f   LIBCMT:cvt.obj
 0001:0000d500       __cfltcvt                  1000e500 f   LIBCMT:cvt.obj
 0001:0000d523       __initp_misc_cfltcvt_tab   1000e523 f   LIBCMT:cmiscdat.obj
 0001:0000d546       __setdefaultprecision      1000e546 f   LIBCMT:fp8.obj
 0001:0000d570       __cintrindisp2             1000e570 f   LIBCMT:_87cdisp_.obj
 0001:0000d5ae       __cintrindisp1             1000e5ae f   LIBCMT:_87cdisp_.obj
 0001:0000d5eb       __ctrandisp2               1000e5eb f   LIBCMT:_87cdisp_.obj
 0001:0000d77a       __ctrandisp1               1000e77a f   LIBCMT:_87cdisp_.obj
 0001:0000d7ad       __fload                    1000e7ad f   LIBCMT:_87cdisp_.obj
 0001:0000d7f0       __trandisp1                1000e7f0 f   LIBCMT:_87disp_.obj
 0001:0000d857       __trandisp2                1000e857 f   LIBCMT:_87disp_.obj
 0001:0000d8e3       __rttospopde               1000e8e3     LIBCMT:_87disp_.obj
 0001:0000d8e8       __rttospop                 1000e8e8     LIBCMT:_87disp_.obj
 0001:0000d8ea       __rtnospop                 1000e8ea     LIBCMT:_87disp_.obj
 0001:0000d8ec       __rttosnpop                1000e8ec     LIBCMT:_87disp_.obj
 0001:0000d8ed       __rtnospopde               1000e8ed     LIBCMT:_87disp_.obj
 0001:0000d8f4       __rtzeropop                1000e8f4     LIBCMT:_87disp_.obj
 0001:0000d8f6       __rtzeronpop               1000e8f6     LIBCMT:_87disp_.obj
 0001:0000d8fb       __rtonepop                 1000e8fb     LIBCMT:_87disp_.obj
 0001:0000d8fd       __rtonenpop                1000e8fd     LIBCMT:_87disp_.obj
 0001:0000d902       __tosnan1                  1000e902     LIBCMT:_87disp_.obj
 0001:0000d92d       __nosnan2                  1000e92d     LIBCMT:_87disp_.obj
 0001:0000d92f       __tosnan2                  1000e92f     LIBCMT:_87disp_.obj
 0001:0000d957       __nan2                     1000e957     LIBCMT:_87disp_.obj
 0001:0000d996       __rtindfpop                1000e996     LIBCMT:_87disp_.obj
 0001:0000d998       __rtindfnpop               1000e998     LIBCMT:_87disp_.obj
 0001:0000d9a9       __rttosnpopde              1000e9a9     LIBCMT:_87disp_.obj
 0001:0000d9b3       __rtchsifneg               1000e9b3     LIBCMT:_87disp_.obj
 0001:0000d9ba       ___sse2_available_init     1000e9ba f   LIBCMT:cpu_disp.obj
 0001:0000d9ca       __malloc_crt               1000e9ca f   LIBCMT:crtheap.obj
 0001:0000da0f       __calloc_crt               1000ea0f f   LIBCMT:crtheap.obj
 0001:0000da5b       __realloc_crt              1000ea5b f   LIBCMT:crtheap.obj
 0001:0000daa9       __recalloc_crt             1000eaa9 f   LIBCMT:crtheap.obj
 0001:0000dafb       __msize                    1000eafb f   LIBCMT:msize.obj
 0001:0000db2e       ___crtCorExitProcess       1000eb2e f   LIBCMT:crt0dat.obj
 0001:0000db59       ___crtExitProcess          1000eb59 f   LIBCMT:crt0dat.obj
 0001:0000db71       __lockexit                 1000eb71 f   LIBCMT:crt0dat.obj
 0001:0000db7a       __unlockexit               1000eb7a f   LIBCMT:crt0dat.obj
 0001:0000db83       __init_pointers            1000eb83 f   LIBCMT:crt0dat.obj
 0001:0000dbb6       __initterm_e               1000ebb6 f   LIBCMT:crt0dat.obj
 0001:0000dbda       __cinit                    1000ebda f   LIBCMT:crt0dat.obj
 0001:0000ddb1       __exit                     1000edb1 f   LIBCMT:crt0dat.obj
 0001:0000ddc7       __cexit                    1000edc7 f   LIBCMT:crt0dat.obj
 0001:0000ddd6       __amsg_exit                1000edd6 f   LIBCMT:crt0dat.obj
 0001:0000de00       __SEH_prolog4              1000ee00 f   LIBCMT:sehprolg4.obj
 0001:0000de45       __SEH_epilog4              1000ee45 f   LIBCMT:sehprolg4.obj
 0001:0000de60       __except_handler4          1000ee60 f   LIBCMT:chandler4.obj
 0001:0000dfef       ?_Type_info_dtor@type_info@@CAXPAV1@@Z 1000efef f   LIBCMT:typname.obj
 0001:0000e060       _strcmp                    1000f060 f   LIBCMT:strcmp.obj
 0001:0000e0e8       _abort                     1000f0e8 f   LIBCMT:abort.obj
 0001:0000e11b       __set_abort_behavior       1000f11b f   LIBCMT:abort.obj
 0001:0000e13c       __GET_RTERRMSG             1000f13c f   LIBCMT:crt0msg.obj
 0001:0000e162       __NMSG_WRITE               1000f162 f   LIBCMT:crt0msg.obj
 0001:0000e311       __FF_MSGBANNER             1000f311 f   LIBCMT:crt0msg.obj
 0001:0000e34a       __initp_misc_purevirt      1000f34a f   LIBCMT:inithelp.obj
 0001:0000e359       ___iob_func                1000f359 f   LIBCMT:_file.obj
 0001:0000e35f       ___initstdio               1000f35f f   LIBCMT:_file.obj
 0001:0000e410       ___endstdio                1000f410 f   LIBCMT:_file.obj
 0001:0000e430       __lock_file                1000f430 f   LIBCMT:_file.obj
 0001:0000e471       __lock_file2               1000f471 f   LIBCMT:_file.obj
 0001:0000e4a3       __unlock_file              1000f4a3 f   LIBCMT:_file.obj
 0001:0000e4df       __unlock_file2             1000f4df f   LIBCMT:_file.obj
 0001:0000e50e       __stbuf                    1000f50e f   LIBCMT:_sftbuf.obj
 0001:0000e5aa       __ftbuf                    1000f5aa f   LIBCMT:_sftbuf.obj
 0001:0000e673       __output_l                 1000f673 f   LIBCMT:output.obj
 0001:0000f27b       __initp_misc_invarg        1001027b f   LIBCMT:invarg.obj
 0001:0000f28a       __call_reportfault         1001028a f   LIBCMT:invarg.obj
 0001:0000f3b3       __invoke_watson            100103b3 f   LIBCMT:invarg.obj
 0001:0000f3d8       __invalid_parameter        100103d8 f   LIBCMT:invarg.obj
 0001:0000f405       __invalid_parameter_noinfo 10010405 f   LIBCMT:invarg.obj
 0001:0000f415       __get_errno_from_oserr     10010415 f   LIBCMT:dosmap.obj
 0001:0000f457       __errno                    10010457 f   LIBCMT:dosmap.obj
 0001:0000f46a       ___doserrno                1001046a f   LIBCMT:dosmap.obj
 0001:0000f47d       __dosmaperr                1001047d f   LIBCMT:dosmap.obj
 0001:0000f4a0       _free                      100104a0 f   LIBCMT:free.obj
 0001:0000f4da       ??0exception@std@@QAE@ABQBDH@Z 100104da f   LIBCMT:stdexcpt.obj
 0001:0000f4f7       ?what@exception@std@@UBEPBDXZ 100104f7 f   LIBCMT:stdexcpt.obj
 0001:0000f504       ?_Copy_str@exception@std@@AAEXPBD@Z 10010504 f   LIBCMT:stdexcpt.obj
 0001:0000f544       ?_Tidy@exception@std@@AAEXXZ 10010544 f   LIBCMT:stdexcpt.obj
 0001:0000f562       ??4exception@std@@QAEAAV01@ABV01@@Z 10010562 f   LIBCMT:stdexcpt.obj
 0001:0000f597       ??1exception@std@@UAE@XZ   10010597 f   LIBCMT:stdexcpt.obj
 0001:0000f5a2       ??_Eexception@std@@UAEPAXI@Z 100105a2 f i LIBCMT:stdexcpt.obj
 0001:0000f5a2       ??_Gexception@std@@UAEPAXI@Z 100105a2 f i LIBCMT:stdexcpt.obj
 0001:0000f5c9       ??0exception@std@@QAE@ABV01@@Z 100105c9 f   LIBCMT:stdexcpt.obj
 0001:0000f5ee       _malloc                    100105ee f   LIBCMT:malloc.obj
 0001:0000f682       __initp_heap_handler       10010682 f   LIBCMT:handler.obj
 0001:0000f691       __callnewh                 10010691 f   LIBCMT:handler.obj
 0001:0000f6b9       __CxxThrowException@8      100106b9 f   LIBCMT:throw.obj
 0001:0000f705       __VEC_memcpy               10010705 f   LIBCMT:p4_memcpy.obj
 0001:0000f808       __encoded_null             10010808 f   LIBCMT:tidtable.obj
 0001:0000f811       ___crtTlsAlloc@4           10010811 f   LIBCMT:tidtable.obj
 0001:0000f81a       ___set_flsgetvalue         1001081a f   LIBCMT:tidtable.obj
 0001:0000f84e       __mtterm                   1001084e f   LIBCMT:tidtable.obj
 0001:0000f88b       __initptd                  1001088b f   LIBCMT:tidtable.obj
 0001:0000f93f       __getptd_noexit            1001093f f   LIBCMT:tidtable.obj
 0001:0000f9b8       __getptd                   100109b8 f   LIBCMT:tidtable.obj
 0001:0000f9d2       __freefls@4                100109d2 f   LIBCMT:tidtable.obj
 0001:0000fb01       __freeptd                  10010b01 f   LIBCMT:tidtable.obj
 0001:0000fb6f       __mtinit                   10010b6f f   LIBCMT:tidtable.obj
 0001:0000fcea       __ioinit                   10010cea f   LIBCMT:ioinit.obj
 0001:0000ff2f       __ioterm                   10010f2f f   LIBCMT:ioinit.obj
 0001:0000ff82       __setenvp                  10010f82 f   LIBCMT:stdenvp.obj
 0001:000101f8       __setargv                  100111f8 f   LIBCMT:stdargv.obj
 0001:000102b3       ___crtGetEnvironmentStringsA 100112b3 f   LIBCMT:a_env.obj
 0001:0001034a       __RTC_Initialize           1001134a f   LIBCMT:_initsect_.obj
 0001:00010370       __RTC_Terminate            10011370 f   LIBCMT:_initsect_.obj
 0001:00010396       __heap_init                10011396 f   LIBCMT:heapinit.obj
 0001:000103b4       __heap_term                100113b4 f   LIBCMT:heapinit.obj
 0001:000103c8       __XcptFilter               100113c8 f   LIBCMT:winxfltr.obj
 0001:00010512       ___CppXcptFilter           10011512 f   LIBCMT:winxfltr.obj
 0001:00010532       _DllMain@12                10011532 f   LIBCMT:dllmain.obj
 0001:00010538       ___security_init_cookie    10011538 f   LIBCMT:gs_support.obj
 0001:000105e0       _strlen                    100115e0 f   LIBCMT:strlen.obj
 0001:00010722       __input_l                  10011722 f   LIBCMT:input.obj
 0001:00011949       ___updatetmbcinfo          10012949 f   LIBCMT:mbctype.obj
 0001:00011a69       __setmbcp_nolock           10012a69 f   LIBCMT:mbctype.obj
 0001:00011c52       __setmbcp                  10012c52 f   LIBCMT:mbctype.obj
 0001:00011dec       ___initmbctable            10012dec f   LIBCMT:mbctype.obj
 0001:00011e0a       ___addlocaleref            10012e0a f   LIBCMT:localref.obj
 0001:00011e99       ___removelocaleref         10012e99 f   LIBCMT:localref.obj
 0001:00011f32       ___freetlocinfo            10012f32 f   LIBCMT:localref.obj
 0001:0001207d       __updatetlocinfoEx_nolock  1001307d f   LIBCMT:localref.obj
 0001:000120ca       ___updatetlocinfo          100130ca f   LIBCMT:localref.obj
 0001:00012143       __fltin2                   10013143 f   LIBCMT:_cfin_.obj
 0001:000121ea       __isctype_l                100131ea f   LIBCMT:isctype.obj
 0001:000122a2       @__security_check_cookie@4 100132a2 f   LIBCMT:secchk.obj
 0001:000122b1       ___strgtold12_l            100132b1 f   LIBCMT:_strgtold_.obj
 0001:0001298d       __flsbuf                   1001398d f   LIBCMT:_flsbuf.obj
 0001:00012af1       __freea                    10013af1 f i LIBCMT:a_map.obj
 0001:00012cf8       ___crtLCMapStringA         10013cf8 f   LIBCMT:a_map.obj
 0001:00012d3e       __isleadbyte_l             10013d3e f i LIBCMT:_wctype.obj
 0001:00012d76       _isleadbyte                10013d76 f i LIBCMT:_wctype.obj
 0001:00012d89       __VEC_memzero              10013d89 f   LIBCMT:p4_memset.obj
 0001:00012e43       __mtinitlocks              10013e43 f   LIBCMT:mlock.obj
 0001:00012e8d       __mtdeletelocks            10013e8d f   LIBCMT:mlock.obj
 0001:00012ee4       __unlock                   10013ee4 f   LIBCMT:mlock.obj
 0001:00012efb       __mtinitlocknum            10013efb f   LIBCMT:mlock.obj
 0001:00012fbd       __lock                     10013fbd f   LIBCMT:mlock.obj
 0001:00012ff0       __aulldvrm                 10013ff0 f   LIBCMT:ulldvrm.obj
 0001:00013090       ___libm_error_support      10014090 f   LIBCMT:_libm_error_.obj
 0001:0001335c       __sse2_mathfcns_init       1001435c f   LIBCMT:_mathfcns_.obj
 0001:0001336c       __floor_default            1001436c f   LIBCMT:_floor_.obj
 0001:00013450       __CIpow_pentium4           10014450 f   LIBCMT:_pow_pentium4_.obj
 0001:00013469       __pow_pentium4             10014469     LIBCMT:_pow_pentium4_.obj
 0001:00013fc1       __fFEXP                    10014fc1     LIBCMT:_87tran_.obj
 0001:00014018       __rtinfpopse               10015018     LIBCMT:_87tran_.obj
 0001:0001401a       __rtinfnpopse              1001501a     LIBCMT:_87tran_.obj
 0001:0001402a       __fFLN                     1001502a     LIBCMT:_87tran_.obj
 0001:000140df       __rtinfpop                 100150df     LIBCMT:_87tran_.obj
 0001:000140e1       __rtinfnpop                100150e1     LIBCMT:_87tran_.obj
 0001:000140fe       __ffexpm1                  100150fe     LIBCMT:_87tran_.obj
 0001:000141b0       __startTwoArgErrorHandling 100151b0 f   LIBCMT:_genexcep_.obj
 0001:000141c7       __startOneArgErrorHandling 100151c7 f   LIBCMT:_genexcep_.obj
 0001:00014210       __twoToTOS                 10015210 f   LIBCMT:_common_.obj
 0001:00014225       __load_CW                  10015225 f   LIBCMT:_common_.obj
 0001:0001423c       __convertTOStoQNaN         1001523c f   LIBCMT:_common_.obj
 0001:00014255       __fload_withFB             10015255 f   LIBCMT:_common_.obj
 0001:00014298       __checkTOS_withFB          10015298 f   LIBCMT:_common_.obj
 0001:000142ae       __fast_exit                100152ae f   LIBCMT:_common_.obj
 0001:000142bb       __math_exit                100152bb f   LIBCMT:_common_.obj
 0001:000142e5       __check_overflow_exit      100152e5 f   LIBCMT:_common_.obj
 0001:000142f9       __check_range_exit         100152f9 f   LIBCMT:_common_.obj
 0001:0001439c       __d_inttype                1001539c f   LIBCMT:_powhlp_.obj
 0001:00014406       __powhlp                   10015406 f   LIBCMT:_powhlp_.obj
 0001:00014540       __CIacos_pentium4          10015540 f   LIBCMT:_acos_pentium4_.obj
 0001:00014558       __acos_pentium4            10015558     LIBCMT:_acos_pentium4_.obj
 0001:00014aa0       _cos                       10015aa0 f   LIBCMT:_cos_.obj
 0001:00014ae0       __CIcos                    10015ae0 f   LIBCMT:_cos_.obj
 0001:00014b1b       __CIcos_default            10015b1b f   LIBCMT:_cos_.obj
 0001:00014b2f       __cos_default              10015b2f     LIBCMT:_cos_.obj
 0001:00014bd0       _sin                       10015bd0 f   LIBCMT:_sin_.obj
 0001:00014c10       __CIsin                    10015c10 f   LIBCMT:_sin_.obj
 0001:00014c4b       __CIsin_default            10015c4b f   LIBCMT:_sin_.obj
 0001:00014c5f       __sin_default              10015c5f     LIBCMT:_sin_.obj
 0001:00014d00       _tan                       10015d00 f   LIBCMT:_tan_.obj
 0001:00014d40       __CItan                    10015d40 f   LIBCMT:_tan_.obj
 0001:00014d7b       __CItan_default            10015d7b f   LIBCMT:_tan_.obj
 0001:00014d8f       __tan_default              10015d8f     LIBCMT:_tan_.obj
 0001:00014e30       __CIasin_pentium4          10015e30 f   LIBCMT:_asin_pentium4_.obj
 0001:00014e48       __asin_pentium4            10015e48     LIBCMT:_asin_pentium4_.obj
 0001:000153b0       _strrchr                   100163b0 f   LIBCMT:strrchr.obj
 0001:000153dd       __isdigit_l                100163dd f i LIBCMT:_ctype.obj
 0001:0001542e       _isdigit                   1001642e f i LIBCMT:_ctype.obj
 0001:0001545c       __isxdigit_l               1001645c f i LIBCMT:_ctype.obj
 0001:000154b2       _isxdigit                  100164b2 f i LIBCMT:_ctype.obj
 0001:000154e2       __isspace_l                100164e2 f i LIBCMT:_ctype.obj
 0001:00015533       _isspace                   10016533 f i LIBCMT:_ctype.obj
 0001:00015561       __atodbl_l                 10016561 f   LIBCMT:atodbl.obj
 0001:00015609       __atoflt_l                 10016609 f   LIBCMT:atodbl.obj
 0001:000156b1       _strcpy_s                  100166b1 f   LIBCMT:strcpy_s.obj
 0001:00015710       __fptostr                  10016710 f   LIBCMT:_fptostr.obj
 0001:000157c3       ___dtold                   100167c3 f   LIBCMT:_cfout_.obj
 0001:00015876       __fltout2                  10016876 f   LIBCMT:_cfout_.obj
 0001:00015910       __alldvrm                  10016910 f   LIBCMT:lldvrm.obj
 0001:000159f0       __aullshr                  100169f0 f   LIBCMT:ullshr.obj
 0001:00015a0f       __fptrap                   10016a0f f   LIBCMT:crt0fp.obj
 0001:00015a18       __controlfp_s              10016a18 f   LIBCMT:_contrlfp_.obj
 0001:00015a77       __87except                 10016a77 f   LIBCMT:_87except_.obj
 0001:00015bb6       __calloc_impl              10016bb6 f   LIBCMT:calloc_impl.obj
 0001:00015c38       _realloc                   10016c38 f   LIBCMT:realloc.obj
 0001:00015ce5       __recalloc                 10016ce5 f   LIBCMT:recalloc.obj
 0001:00015d53       ?terminate@@YAXXZ          10016d53 f   LIBCMT:hooks.obj
 0001:00015d8c       __initp_eh_hooks           10016d8c f   LIBCMT:hooks.obj
 0001:00015d9d       __initp_misc_winsig        10016d9d f   LIBCMT:winsig.obj
 0001:00015df2       ___get_sigabrt             10016df2 f   LIBCMT:winsig.obj
 0001:00015dff       _raise                     10016dff f   LIBCMT:winsig.obj
 0001:00015fa2       __initp_misc_rand_s        10016fa2 f   LIBCMT:rand_s.obj
 0001:00015fc0       __ValidateImageBase        10016fc0 f   LIBCMT:pesect.obj
 0001:00016000       __FindPESection            10017000 f   LIBCMT:pesect.obj
 0001:00016050       __IsNonwritableInCurrentImage 10017050 f   LIBCMT:pesect.obj
 0001:00016110       __local_unwind4            10017110 f   LIBCMT:exsup4.obj
 0001:000161e6       __seh_longjmp_unwind4@4    100171e6 f   LIBCMT:exsup4.obj
 0001:00016202       @_EH4_CallFilterFunc@8     10017202 f   LIBCMT:exsup4.obj
 0001:00016219       @_EH4_TransferToHandler@8  10017219 f   LIBCMT:exsup4.obj
 0001:00016232       @_EH4_GlobalUnwind2@8      10017232 f   LIBCMT:exsup4.obj
 0001:0001624b       @_EH4_LocalUnwind@16       1001724b f   LIBCMT:exsup4.obj
 0001:00016262       ___crtMessageBoxW          10017262 f   LIBCMT:crtmboxw.obj
 0001:000163ce       _wcscat_s                  100173ce f   LIBCMT:wcscat_s.obj
 0001:00016443       _wcsncpy_s                 10017443 f   LIBCMT:wcsncpy_s.obj
 0001:00016510       _wcslen                    10017510 f   LIBCMT:wcslen.obj
 0001:0001652b       _wcscpy_s                  1001752b f   LIBCMT:wcscpy_s.obj
 0001:0001658e       __set_error_mode           1001758e f   LIBCMT:errmode.obj
 0001:000165cd       __fcloseall                100175cd f   LIBCMT:closeall.obj
 0001:00016669       __flush                    10017669 f   LIBCMT:fflush.obj
 0001:000166d1       __fflush_nolock            100176d1 f   LIBCMT:fflush.obj
 0001:000167f3       __flushall                 100177f3 f   LIBCMT:fflush.obj
 0001:000167fc       __isatty                   100177fc f   LIBCMT:isatty.obj
 0001:00016852       __fileno                   10017852 f   LIBCMT:fileno.obj
 0001:00016878       __wctomb_s_l               10017878 f   LIBCMT:wctomb.obj
 0001:000169cd       _wctomb_s                  100179cd f   LIBCMT:wctomb.obj
 0001:000169ea       __crt_debugger_hook        100179ea f   LIBCMT:dbghook.obj
 0001:00016a45       __ismbblead                10017a45 f   LIBCMT:ismbbyte.obj
 0001:00016a5d       __filbuf                   10017a5d f   LIBCMT:_filbuf.obj
 0001:00016b7f       __ungetc_nolock            10017b7f f   LIBCMT:ungetc.obj
 0001:00016c62       __mbtowc_l                 10017c62 f   LIBCMT:mbtowc.obj
 0001:00016d78       _mbtowc                    10017d78 f   LIBCMT:mbtowc.obj
 0001:00016e79       ___crtGetStringTypeA       10017e79 f   LIBCMT:a_str.obj
 0001:00016eb9       ___free_lc_time            10017eb9 f   LIBCMT:inittime.obj
 0001:00017230       ___free_lconv_num          10018230 f   LIBCMT:initnum.obj
 0001:00017299       ___free_lconv_mon          10018299 f   LIBCMT:initmon.obj
 0001:00017397       __ld12tod                  10018397 f   LIBCMT:_intrncvt_.obj
 0001:000178e8       __ld12tof                  100188e8 f   LIBCMT:_intrncvt_.obj
 0001:00017e39       ___report_gsfailure        10018e39 f   LIBCMT:gs_report.obj
 0001:00017f3f       ___mtold12                 10018f3f f   LIBCMT:_mantold_.obj
 0001:00018123       __lseeki64_nolock          10019123 f   LIBCMT:lseeki64.obj
 0001:000181a8       __lseeki64                 100191a8 f   LIBCMT:lseeki64.obj
 0001:00018292       __write_nolock             10019292 f   LIBCMT:write.obj
 0001:0001898f       __write                    1001998f f   LIBCMT:write.obj
 0001:00018a63       __getbuf                   10019a63 f   LIBCMT:_getbuf.obj
 0001:00018ab0       _strcspn                   10019ab0 f   LIBCMT:strcspn.obj
 0001:00018b00       _strpbrk                   10019b00 f   LIBCMT:strpbrk.obj
 0001:00018b40       __SEH_prolog4_GS           10019b40 f   LIBCMT:sehprolg4gs.obj
 0001:00018b88       __SEH_epilog4_GS           10019b88 f   LIBCMT:sehprolg4gs.obj
 0001:00018b97       __matherr                  10019b97 f   LIBCMT:_matherr_.obj
 0001:00018b9a       __raise_exc_ex             10019b9a f   LIBCMT:_fpexcept_.obj
 0001:00018e76       __raise_exc                10019e76 f   LIBCMT:_fpexcept_.obj
 0001:00018e99       __handle_exc               10019e99 f   LIBCMT:_fpexcept_.obj
 0001:0001907d       __set_errno_from_matherr   1001a07d f   LIBCMT:_fpexcept_.obj
 0001:000190aa       __errcode                  1001a0aa f   LIBCMT:_fpexcept_.obj
 0001:000190de       __umatherr                 1001a0de f   LIBCMT:_fpexcept_.obj
 0001:0001917e       __handle_qnan1             1001a17e f   LIBCMT:_fpexcept_.obj
 0001:000191d3       __except1                  1001a1d3 f   LIBCMT:_fpexcept_.obj
 0001:0001929d       __frnd                     1001a29d f   LIBCMT:_frnd_.obj
 0001:000192b1       __set_exp                  1001a2b1 f   LIBCMT:_util_.obj
 0001:000192de       __sptype                   1001a2de f   LIBCMT:_util_.obj
 0001:00019344       __decomp                   1001a344 f   LIBCMT:_util_.obj
 0001:00019407       __statfp                   1001a407 f   LIBCMT:_fpctrl_.obj
 0001:00019417       __clrfp                    1001a417 f   LIBCMT:_fpctrl_.obj
 0001:00019428       __ctrlfp                   1001a428 f   LIBCMT:_fpctrl_.obj
 0001:00019453       __set_statfp               1001a453 f   LIBCMT:_fpctrl_.obj
 0001:000194ab       ___set_fpsr_sse2           1001a4ab f   LIBCMT:_fpctrl_.obj
 0001:0001951d       __fpclass                  1001a51d f   LIBCMT:_ieeemisc_.obj
 0001:000195c0       __CIcos_pentium4           1001a5c0 f   LIBCMT:_cos_pentium4_.obj
 0001:000195d8       __cos_pentium4             1001a5d8     LIBCMT:_cos_pentium4_.obj
 0001:00019770       __CIsin_pentium4           1001a770 f   LIBCMT:_sin_pentium4_.obj
 0001:00019788       __sin_pentium4             1001a788     LIBCMT:_sin_pentium4_.obj
 0001:00019940       __CItan_pentium4           1001a940 f   LIBCMT:_tan_pentium4_.obj
 0001:00019958       __tan_pentium4             1001a958     LIBCMT:_tan_pentium4_.obj
 0001:00019ba0       _$I10_OUTPUT               1001aba0 f   LIBCMT:_x10fout_.obj
 0001:0001a5c6       __control87                1001b5c6 f i LIBCMT:_ieee87_.obj
 0001:0001a8e0       __global_unwind2           1001b8e0 f   LIBCMT:exsup.obj
 0001:0001a945       __local_unwind2            1001b945 f   LIBCMT:exsup.obj
 0001:0001a9c9       __abnormal_termination     1001b9c9 f   LIBCMT:exsup.obj
 0001:0001a9ec       __NLG_Notify1              1001b9ec f   LIBCMT:exsup.obj
 0001:0001a9f5       __NLG_Notify               1001b9f5 f   LIBCMT:exsup.obj
 0001:0001aa0c       __NLG_Dispatch2            1001ba0c     LIBCMT:exsup.obj
 0001:0001aa0c       __NLG_Dispatch             1001ba0c     LIBCMT:exsup.obj
 0001:0001aa14       __NLG_Call                 1001ba14 f   LIBCMT:exsup.obj
 0001:0001aa16       __NLG_Return2              1001ba16     LIBCMT:exsup.obj
 0001:0001aa17       __fclose_nolock            1001ba17 f   LIBCMT:fclose.obj
 0001:0001aa84       _fclose                    1001ba84 f   LIBCMT:fclose.obj
 0001:0001aaf8       __commit                   1001baf8 f   LIBCMT:commit.obj
 0001:0001abd1       __read_nolock              1001bbd1 f   LIBCMT:read.obj
 0001:0001b188       __read                     1001c188 f   LIBCMT:read.obj
 0001:0001b27e       __free_osfhnd              1001c27e f   LIBCMT:osfinfo.obj
 0001:0001b304       __get_osfhandle            1001c304 f   LIBCMT:osfinfo.obj
 0001:0001b36d       ___lock_fhandle            1001c36d f   LIBCMT:osfinfo.obj
 0001:0001b40c       __unlock_fhandle           1001c40c f   LIBCMT:osfinfo.obj
 0001:0001b433       __putwch_nolock            1001c433 f   LIBCMT:putwch.obj
 0001:0001b475       __close_nolock             1001c475 f   LIBCMT:close.obj
 0001:0001b511       __close                    1001c511 f   LIBCMT:close.obj
 0001:0001b5d5       __freebuf                  1001c5d5 f   LIBCMT:_freebuf.obj
 0001:0001b606       ___initconout              1001c606 f   LIBCMT:initcon.obj
 0001:0001b625       ___termconout              1001c625 f   LIBCMT:initcon.obj
 0001:0001b640       ___ascii_strnicmp          1001c640 f   LIBCMT:_strnicm.obj
 0001:0001b6b0       ?ConnectTier1Libraries@@YAXPAP6APAXPBDPAH@ZH@Z 1001c6b0 f   tier1:tier1.obj
 0001:0001b6c0       ?DisconnectTier1Libraries@@YAXXZ 1001c6c0 f   tier1:tier1.obj
 0001:0001b6c6       _RtlUnwind@16              1001c6c6 f   kernel32:KERNEL32.dll
 0002:00000000       __imp__MultiByteToWideChar@24 1001e000     kernel32:KERNEL32.dll
 0002:00000004       __imp__WideCharToMultiByte@32 1001e004     kernel32:KERNEL32.dll
 0002:00000008       __imp__GetProcAddress@8    1001e008     kernel32:KERNEL32.dll
 0002:0000000c       __imp__GetCurrentProcessId@0 1001e00c     kernel32:KERNEL32.dll
 0002:00000010       __imp__CloseHandle@4       1001e010     kernel32:KERNEL32.dll
 0002:00000014       __imp__WriteConsoleW@20    1001e014     kernel32:KERNEL32.dll
 0002:00000018       __imp__SetStdHandle@8      1001e018     kernel32:KERNEL32.dll
 0002:0000001c       __imp__ReadFile@20         1001e01c     kernel32:KERNEL32.dll
 0002:00000020       __imp__FlushFileBuffers@4  1001e020     kernel32:KERNEL32.dll
 0002:00000024       __imp__GetConsoleMode@8    1001e024     kernel32:KERNEL32.dll
 0002:00000028       __imp__GetConsoleCP@0      1001e028     kernel32:KERNEL32.dll
 0002:0000002c       __imp__SetFilePointer@16   1001e02c     kernel32:KERNEL32.dll
 0002:00000030       __imp__GetStringTypeW@16   1001e030     kernel32:KERNEL32.dll
 0002:00000034       __imp__RtlUnwind@16        1001e034     kernel32:KERNEL32.dll
 0002:00000038       __imp__LoadLibraryW@4      1001e038     kernel32:KERNEL32.dll
 0002:0000003c       __imp__HeapReAlloc@16      1001e03c     kernel32:KERNEL32.dll
 0002:00000040       __imp__EncodePointer@4     1001e040     kernel32:KERNEL32.dll
 0002:00000044       __imp__DecodePointer@4     1001e044     kernel32:KERNEL32.dll
 0002:00000048       __imp__GetCurrentThreadId@0 1001e048     kernel32:KERNEL32.dll
 0002:0000004c       __imp__GetCommandLineA@0   1001e04c     kernel32:KERNEL32.dll
 0002:00000050       __imp__GetLastError@0      1001e050     kernel32:KERNEL32.dll
 0002:00000054       __imp__IsProcessorFeaturePresent@4 1001e054     kernel32:KERNEL32.dll
 0002:00000058       __imp__Sleep@4             1001e058     kernel32:KERNEL32.dll
 0002:0000005c       __imp__HeapSize@12         1001e05c     kernel32:KERNEL32.dll
 0002:00000060       __imp__GetModuleHandleW@4  1001e060     kernel32:KERNEL32.dll
 0002:00000064       __imp__ExitProcess@4       1001e064     kernel32:KERNEL32.dll
 0002:00000068       __imp__WriteFile@20        1001e068     kernel32:KERNEL32.dll
 0002:0000006c       __imp__GetStdHandle@4      1001e06c     kernel32:KERNEL32.dll
 0002:00000070       __imp__GetModuleFileNameW@12 1001e070     kernel32:KERNEL32.dll
 0002:00000074       __imp__EnterCriticalSection@4 1001e074     kernel32:KERNEL32.dll
 0002:00000078       __imp__LeaveCriticalSection@4 1001e078     kernel32:KERNEL32.dll
 0002:0000007c       __imp__UnhandledExceptionFilter@4 1001e07c     kernel32:KERNEL32.dll
 0002:00000080       __imp__SetUnhandledExceptionFilter@4 1001e080     kernel32:KERNEL32.dll
 0002:00000084       __imp__IsDebuggerPresent@0 1001e084     kernel32:KERNEL32.dll
 0002:00000088       __imp__TerminateProcess@8  1001e088     kernel32:KERNEL32.dll
 0002:0000008c       __imp__GetCurrentProcess@0 1001e08c     kernel32:KERNEL32.dll
 0002:00000090       __imp__HeapFree@12         1001e090     kernel32:KERNEL32.dll
 0002:00000094       __imp__HeapAlloc@12        1001e094     kernel32:KERNEL32.dll
 0002:00000098       __imp__RaiseException@16   1001e098     kernel32:KERNEL32.dll
 0002:0000009c       __imp__TlsAlloc@0          1001e09c     kernel32:KERNEL32.dll
 0002:000000a0       __imp__TlsGetValue@4       1001e0a0     kernel32:KERNEL32.dll
 0002:000000a4       __imp__TlsSetValue@8       1001e0a4     kernel32:KERNEL32.dll
 0002:000000a8       __imp__TlsFree@4           1001e0a8     kernel32:KERNEL32.dll
 0002:000000ac       __imp__InterlockedIncrement@4 1001e0ac     kernel32:KERNEL32.dll
 0002:000000b0       __imp__SetLastError@4      1001e0b0     kernel32:KERNEL32.dll
 0002:000000b4       __imp__InterlockedDecrement@4 1001e0b4     kernel32:KERNEL32.dll
 0002:000000b8       __imp__SetHandleCount@4    1001e0b8     kernel32:KERNEL32.dll
 0002:000000bc       __imp__InitializeCriticalSectionAndSpinCount@8 1001e0bc     kernel32:KERNEL32.dll
 0002:000000c0       __imp__GetFileType@4       1001e0c0     kernel32:KERNEL32.dll
 0002:000000c4       __imp__GetStartupInfoW@4   1001e0c4     kernel32:KERNEL32.dll
 0002:000000c8       __imp__DeleteCriticalSection@4 1001e0c8     kernel32:KERNEL32.dll
 0002:000000cc       __imp__GetModuleFileNameA@12 1001e0cc     kernel32:KERNEL32.dll
 0002:000000d0       __imp__FreeEnvironmentStringsW@4 1001e0d0     kernel32:KERNEL32.dll
 0002:000000d4       __imp__GetEnvironmentStringsW@0 1001e0d4     kernel32:KERNEL32.dll
 0002:000000d8       __imp__HeapCreate@12       1001e0d8     kernel32:KERNEL32.dll
 0002:000000dc       __imp__HeapDestroy@4       1001e0dc     kernel32:KERNEL32.dll
 0002:000000e0       __imp__QueryPerformanceCounter@4 1001e0e0     kernel32:KERNEL32.dll
 0002:000000e4       __imp__GetTickCount@0      1001e0e4     kernel32:KERNEL32.dll
 0002:000000e8       __imp__GetSystemTimeAsFileTime@4 1001e0e8     kernel32:KERNEL32.dll
 0002:000000ec       __imp__GetCPInfo@8         1001e0ec     kernel32:KERNEL32.dll
 0002:000000f0       __imp__GetACP@0            1001e0f0     kernel32:KERNEL32.dll
 0002:000000f4       __imp__GetOEMCP@0          1001e0f4     kernel32:KERNEL32.dll
 0002:000000f8       __imp__IsValidCodePage@4   1001e0f8     kernel32:KERNEL32.dll
 0002:000000fc       __imp__LCMapStringW@24     1001e0fc     kernel32:KERNEL32.dll
 0002:00000100       __imp__CreateFileW@28      1001e100     kernel32:KERNEL32.dll
 0002:00000104       \177KERNEL32_NULL_THUNK_DATA 1001e104     kernel32:KERNEL32.dll
 0002:00000108       __imp__GetCPUInformation   1001e108     tier0:tier0.dll
 0002:0000010c       __imp___AssertValidReadPtr 1001e10c     tier0:tier0.dll
 0002:00000110       __imp___AssertValidWritePtr 1001e110     tier0:tier0.dll
 0002:00000114       __imp__Error               1001e114     tier0:tier0.dll
 0002:00000118       __imp__AssertValidStringPtr 1001e118     tier0:tier0.dll
 0002:0000011c       __imp__Warning             1001e11c     tier0:tier0.dll
 0002:00000120       __imp__Msg                 1001e120     tier0:tier0.dll
 0002:00000124       __imp__g_pMemAlloc         1001e124     tier0:tier0.dll
 0002:00000128       \177tier0_NULL_THUNK_DATA  1001e128     tier0:tier0.dll
 0002:0000012c       ___xc_a                    1001e12c     LIBCMT:crt0init.obj
 0002:000002d0       ___xc_z                    1001e2d0     LIBCMT:crt0init.obj
 0002:000002d4       ___xi_a                    1001e2d4     LIBCMT:crt0init.obj
 0002:000002ec       ___xi_z                    1001e2ec     LIBCMT:crt0init.obj
 0002:000002f0       ___xp_a                    1001e2f0     LIBCMT:crt0init.obj
 0002:000002fc       ___xp_z                    1001e2fc     LIBCMT:crt0init.obj
 0002:00000300       ___xt_a                    1001e300     LIBCMT:crt0init.obj
 0002:00000304       ___xt_z                    1001e304     LIBCMT:crt0init.obj
 0002:00000354       __real@3f800000            1001e354     BaseVSShader.obj
 0002:00000358       __real@3f000000            1001e358     BaseVSShader.obj
 0002:0000035c       __real@40000000            1001e35c     BaseVSShader.obj
 0002:00000360       __real@3ff0000000000000    1001e360     BaseVSShader.obj
 0002:00000368       ??_C@_0P@EDPJKOMO@mat_fullbright?$AA@ 1001e368     BaseVSShader.obj
 0002:00000378       ??_C@_01GBGANLPD@0?$AA@    1001e378     BaseVSShader.obj
 0002:0000037c       ??_C@_0BA@HNOAMPCF@GAUSSIAN_BLUR_6?$AA@ 1001e37c     blur.obj
 0002:0000038c       ??_C@_00CNPNBAHC@?$AA@     1001e38c     blur.obj
 0002:0000039c       ??_7CShader@GAUSSIAN_BLUR_6@@6B@ 1001e39c     blur.obj
 0002:000003d8       __real@40800000            1001e3d8     blur.obj
 0002:000003dc       ??_C@_0BE@CMFBLPFG@gaussianblur_6_ps30?$AA@ 1001e3dc     blur.obj
 0002:000003f0       ??_C@_0BB@DDHMNDHA@screenspace_vs30?$AA@ 1001e3f0     blur.obj
 0002:00000404       ??_C@_0M@NCINKPCJ@$ISVERTICAL?$AA@ 1001e404     blur.obj
 0002:00000410       ??_C@_0BE@GDIKMFPM@DEBUG_LIGHTING_CTRL?$AA@ 1001e410     debug_lightingctrl.obj
 0002:0000042c       ??_7CShader@DEBUG_LIGHTING_CTRL@@6B@ 1001e42c     debug_lightingctrl.obj
 0002:00000468       ??_C@_0BJ@OOFDLNIL@debug_lighting_ctrl_ps30?$AA@ 1001e468     debug_lightingctrl.obj
 0002:00000484       ??_C@_0BC@PMEMINIB@defconstruct_vs30?$AA@ 1001e484     debug_lightingctrl.obj
 0002:00000498       ??_C@_0N@FJBEEMCH@SENDWORLDPOS?$AA@ 1001e498     debug_lightingctrl.obj
[...]
 0003:0001496c       ___fastflag                1004d96c     LIBCMT:_fpinit_.obj
 0003:00014988       __aenvptr                  1004d988     LIBCMT:dllcrt0.obj
 0003:0001498c       __wenvptr                  1004d98c     LIBCMT:dllcrt0.obj
 0003:00014990       ___error_mode              1004d990     LIBCMT:dllcrt0.obj
 0003:00014994       ___app_type                1004d994     LIBCMT:dllcrt0.obj
 0003:00014998       __maxwait                  1004d998     LIBCMT:crtheap.obj
 0003:0001499c       __umaskval                 1004d99c     LIBCMT:crt0dat.obj
 0003:000149a0       ___argc                    1004d9a0     LIBCMT:crt0dat.obj
 0003:000149a4       ___argv                    1004d9a4     LIBCMT:crt0dat.obj
 0003:000149a8       ___wargv                   1004d9a8     LIBCMT:crt0dat.obj
 0003:000149ac       __environ                  1004d9ac     LIBCMT:crt0dat.obj
 0003:000149b0       ___initenv                 1004d9b0     LIBCMT:crt0dat.obj
 0003:000149b4       __wenviron                 1004d9b4     LIBCMT:crt0dat.obj
 0003:000149b8       ___winitenv                1004d9b8     LIBCMT:crt0dat.obj
 0003:000149bc       __pgmptr                   1004d9bc     LIBCMT:crt0dat.obj
 0003:000149c0       __wpgmptr                  1004d9c0     LIBCMT:crt0dat.obj
 0003:000149c4       __exitflag                 1004d9c4     LIBCMT:crt0dat.obj
 0003:000149c8       __C_Termination_Done       1004d9c8     LIBCMT:crt0dat.obj
 0003:000149cc       __C_Exit_Done              1004d9cc     LIBCMT:crt0dat.obj
 0003:00015000       ___pPurecall               1004e000     LIBCMT:inithelp.obj
 0003:00015004       __cflush                   1004e004     LIBCMT:_file.obj
 0003:00015008       __stdbuf                   1004e008     LIBCMT:_sftbuf.obj
 0003:00015010       ___pInvalidArgHandler      1004e010     LIBCMT:invarg.obj
 0003:00015014       ?_pnhHeap@@3P6AHI@ZA       1004e014     LIBCMT:handler.obj
 0003:00015018       _gpFlsAlloc                1004e018     LIBCMT:tidtable.obj
 0003:0001501c       _gpFlsGetValue             1004e01c     LIBCMT:tidtable.obj
 0003:00015020       _gpFlsSetValue             1004e020     LIBCMT:tidtable.obj
 0003:00015024       _gpFlsFree                 1004e024     LIBCMT:tidtable.obj
 0003:00015130       __crtheap                  1004e130     LIBCMT:heapinit.obj
 0003:00015138       ___mbulinfo                1004e138     LIBCMT:mbctype.obj
 0003:00015144       ___mbcodepage              1004e144     LIBCMT:mbctype.obj
 0003:00015148       ___ismbcodepage            1004e148     LIBCMT:mbctype.obj
 0003:0001514c       ___mblcid                  1004e14c     LIBCMT:mbctype.obj
 0003:00015150       ___locale_changed          1004e150     LIBCMT:setlocal.obj
 0003:000152ac       __outputformat             1004e2ac     LIBCMT:outputformat.obj
 0003:000152b0       ?__pInconsistency@@3P6AXXZA 1004e2b0     LIBCMT:hooks.obj
 0003:000152e0       ?pArgList@UnDecorator@@0PAVReplicator@@A 1004e2e0     LIBCMT:undname.obj
 0003:000152e4       ?pZNameList@UnDecorator@@0PAVReplicator@@A 1004e2e4     LIBCMT:undname.obj
 0003:000152e8       ?pTemplateArgList@UnDecorator@@0PAVReplicator@@A 1004e2e8     LIBCMT:undname.obj
 0003:000152ec       ?gName@UnDecorator@@0PBDB  1004e2ec     LIBCMT:undname.obj
 0003:000152f0       ?name@UnDecorator@@0PBDB   1004e2f0     LIBCMT:undname.obj
 0003:000152f4       ?outputString@UnDecorator@@0PADA 1004e2f4     LIBCMT:undname.obj
 0003:000152f8       ?maxStringLength@UnDecorator@@0HA 1004e2f8     LIBCMT:undname.obj
 0003:000152fc       ?disableFlags@UnDecorator@@0KA 1004e2fc     LIBCMT:undname.obj
 0003:00015300       ?m_pGetParameter@UnDecorator@@0P6APADJ@ZA 1004e300     LIBCMT:undname.obj
 0003:00015304       ?fExplicitTemplateParams@UnDecorator@@0_NA 1004e304     LIBCMT:undname.obj
 0003:00015305       ?fGetTemplateArgumentList@UnDecorator@@0_NA 1004e305     LIBCMT:undname.obj
 0003:0001531c       __newmode                  1004e31c     LIBCMT:_newmode.obj
 0003:00015320       ___lconv_static_null       1004e320     LIBCMT:lconv.obj
 0003:00015324       ___lconv_static_W_null     1004e324     LIBCMT:lconv.obj
 0003:00015658       __debugger_hook_dummy      1004e658     <common>
 0003:0001565c       ___use_sse2_mathfcns       1004e65c     <common>
 0003:00015660       __pmatherr                 1004e660     <common>
 0003:00015664       __nhandle                  1004e664     <common>
 0003:00015680       ___pioinfo                 1004e680     <common>
 0003:00015780       ___piob                    1004e780     <common>
 0003:000157a0       __bufin                    1004e7a0     <common>
 0003:000167a0       __nstream                  1004f7a0     <common>
 0003:000167a4       __pDestructExceptionObject 1004f7a4     <common>
 0003:000167a8       ___env_initialized         1004f7a8     <common>
 0003:000167ac       ___onexitend               1004f7ac     <common>
 0003:000167b0       ___onexitbegin             1004f7b0     <common>
 0003:000167b4       ___mbctype_initialized     1004f7b4     <common>
 0003:000167b8       ___dyn_tls_init_callback   1004f7b8     <common>
 0003:000167bc       ___sse2_available          1004f7bc     <common>
 0003:000167c0       __acmdln                   1004f7c0     <common>

 entry point at        0001:0000a7ac

 Static symbols

 0001:000037a0       ?test_packing@@YAXABVCCommand@@@Z 100047a0 f   defpass_gbuffer.obj
 0001:00003850       ?test_unpacking@@YAXABVCCommand@@@Z 10004850 f   defpass_gbuffer.obj
 0001:00005490       ?__CreateCDeferredExtensionIDeferredExtension_interface@@YAPAXXZ 10006490 f   IDeferredExt.obj
 0001:00009e9b       __onexit_nolock            1000ae9b f   LIBCMT:onexit.obj
 0001:0000a6b6       ___DllMainCRTStartup       1000b6b6 f   LIBCMT:dllcrt0.obj
 0001:0000a7cf       _vscan_fn                  1000b7cf f   LIBCMT:sscanf.obj
 0001:0000b57a       ?strtoxl@@YAKPAUlocaleinfo_struct@@PBDPAPBDHH@Z 1000c57a f   LIBCMT:strtol.obj
 0001:0000cbc4       __shift                    1000dbc4 f   LIBCMT:cvt.obj
 0001:0000cc09       __cftoe2_l                 1000dc09 f   LIBCMT:cvt.obj
 0001:0000d1c7       __cftof2_l                 1000e1c7 f   LIBCMT:cvt.obj
 0001:0000dc71       _doexit                    1000ec71 f   LIBCMT:crt0dat.obj
 0001:0000e5de       _write_char                1000f5de f   LIBCMT:output.obj
 0001:0000e611       _write_string              1000f611 f   LIBCMT:output.obj
 0001:0001005e       _parse_cmdline             1001105e f   LIBCMT:stdargv.obj
 0001:0001066b       ___check_float_string      1001166b f   LIBCMT:input.obj
 0001:000106c2       __hextodec                 100116c2 f   LIBCMT:input.obj
 0001:000106e2       __inc                      100116e2 f   LIBCMT:input.obj
 0001:000106f8       __whiteout                 100116f8 f   LIBCMT:input.obj
 0001:00011726       ?CPtoLCID@@YAHH@Z          10012726 f   LIBCMT:mbctype.obj
 0001:00011755       ?setSBCS@@YAXPAUthreadmbcinfostruct@@@Z 10012755 f   LIBCMT:mbctype.obj
 0001:000117b9       ?setSBUpLow@@YAXPAUthreadmbcinfostruct@@@Z 100127b9 f   LIBCMT:mbctype.obj
 0001:000119ed       ?getSystemCP@@YAHH@Z       100129ed f   LIBCMT:mbctype.obj
 0001:00012b11       ?__crtLCMapStringA_stat@@YAHPAUlocaleinfo_struct@@KKPBDHPADHHH@Z 10013b11 f   LIBCMT:a_map.obj
 0001:00015dbb       _siglookup                 10016dbb f   LIBCMT:winsig.obj
 0001:000161a0       __unwind_handler4          100171a0 f   LIBCMT:exsup4.obj
 0001:00016719       _flsall                    10017719 f   LIBCMT:fflush.obj
 0001:000169f2       ?x_ismbbtype_l@@YAHPAUlocaleinfo_struct@@IHH@Z 100179f2 f   LIBCMT:ismbbyte.obj
 0001:00016d92       ?__crtGetStringTypeA_stat@@YAHPAUlocaleinfo_struct@@KPBDHPAGHHH@Z 10017d92 f   LIBCMT:a_str.obj
 0001:0001a498       __hw_cw                    1001b498 f   LIBCMT:_ieee87_.obj
 0001:0001a526       ___hw_cw_sse2              1001b526 f   LIBCMT:_ieee87_.obj
 0001:0001a900       __unwind_handler           1001b900 f   LIBCMT:exsup.obj
 0001:0001b6d0       ??__Emat_fullbright@@YAXXZ 1001c6d0 f   BaseVSShader.obj
 0001:0001b700       ??__Es_ShaderParams@GAUSSIAN_BLUR_6@@YAXXZ 1001c700 f   blur.obj
 0001:0001b710       ??__EISVERTICAL@GAUSSIAN_BLUR_6@@YAXXZ 1001c710 f   blur.obj
 0001:0001b730       ??__Es_ShaderInstance@GAUSSIAN_BLUR_6@@YAXXZ 1001c730 f   blur.obj
 0001:0001b750       ??__Es_ShaderParams@DEBUG_LIGHTING_CTRL@@YAXXZ 1001c750 f   debug_lightingctrl.obj
 0001:0001b760       ??__Es_ShaderInstance@DEBUG_LIGHTING_CTRL@@YAXXZ 1001c760 f   debug_lightingctrl.obj
 0001:0001b780       ??__Es_ShaderParams@DEBUG_RADIOSITY_GRID@@YAXXZ 1001c780 f   debug_radiosity_grid.obj
 0001:0001b790       ??__Es_ShaderInstance@DEBUG_RADIOSITY_GRID@@YAXXZ 1001c790 f   debug_radiosity_grid.obj
 0001:0001b7b0       ??__Es_ShaderParams@DEBUG_SHADOW@@YAXXZ 1001c7b0 f   debug_shadow.obj
 0001:0001b7c0       ??__Es_ShaderInstance@DEBUG_SHADOW@@YAXXZ 1001c7c0 f   debug_shadow.obj
 0001:0001b7e0       ??__Es_ShaderParams@DEFERRED_BRUSH@@YAXXZ 1001c7e0 f   deferred_brush.obj
 0001:0001b7f0       ??__EBUMPMAP@DEFERRED_BRUSH@@YAXXZ 1001c7f0 f   deferred_brush.obj
 0001:0001b810       ??__ESSBUMP@DEFERRED_BRUSH@@YAXXZ 1001c810 f   deferred_brush.obj
 0001:0001b830       ??__ELITFACE@DEFERRED_BRUSH@@YAXXZ 1001c830 f   deferred_brush.obj
 0001:0001b850       ??__EPHONG_SCALE@DEFERRED_BRUSH@@YAXXZ 1001c850 f   deferred_brush.obj
 0001:0001b870       ??__EPHONG_EXP@DEFERRED_BRUSH@@YAXXZ 1001c870 f   deferred_brush.obj
 0001:0001b890       ??__EPHONG_EXP2@DEFERRED_BRUSH@@YAXXZ 1001c890 f   deferred_brush.obj
 0001:0001b8b0       ??__EPHONG_MAP@DEFERRED_BRUSH@@YAXXZ 1001c8b0 f   deferred_brush.obj
 0001:0001b8d0       ??__EPHONG_FRESNEL@DEFERRED_BRUSH@@YAXXZ 1001c8d0 f   deferred_brush.obj
 0001:0001b8f0       ??__EFRESNELRANGES@DEFERRED_BRUSH@@YAXXZ 1001c8f0 f   deferred_brush.obj
 0001:0001b910       ??__EALPHATESTREFERENCE@DEFERRED_BRUSH@@YAXXZ 1001c910 f   deferred_brush.obj
 0001:0001b930       ??__EENVMAP@DEFERRED_BRUSH@@YAXXZ 1001c930 f   deferred_brush.obj
 0001:0001b950       ??__EENVMAPTINT@DEFERRED_BRUSH@@YAXXZ 1001c950 f   deferred_brush.obj
 0001:0001b970       ??__EENVMAPCONTRAST@DEFERRED_BRUSH@@YAXXZ 1001c970 f   deferred_brush.obj
 0001:0001b990       ??__EENVMAPSATURATION@DEFERRED_BRUSH@@YAXXZ 1001c990 f   deferred_brush.obj
 0001:0001b9b0       ??__EENVMAPMASK@DEFERRED_BRUSH@@YAXXZ 1001c9b0 f   deferred_brush.obj
 0001:0001b9d0       ??__ESELFILLUMTINT@DEFERRED_BRUSH@@YAXXZ 1001c9d0 f   deferred_brush.obj
 0001:0001b9f0       ??__ESELFILLUM_ENVMAPMASK_ALPHA@DEFERRED_BRUSH@@YAXXZ 1001c9f0 f   deferred_brush.obj
 0001:0001ba10       ??__ESELFILLUMFRESNEL@DEFERRED_BRUSH@@YAXXZ 1001ca10 f   deferred_brush.obj
 0001:0001ba30       ??__ESELFILLUMMASK@DEFERRED_BRUSH@@YAXXZ 1001ca30 f   deferred_brush.obj
 0001:0001ba50       ??__EBASETEXTURE2@DEFERRED_BRUSH@@YAXXZ 1001ca50 f   deferred_brush.obj
 0001:0001ba70       ??__EBUMPMAP2@DEFERRED_BRUSH@@YAXXZ 1001ca70 f   deferred_brush.obj
 0001:0001ba90       ??__EENVMAPMASK2@DEFERRED_BRUSH@@YAXXZ 1001ca90 f   deferred_brush.obj
 0001:0001bab0       ??__EBLENDMODULATETEXTURE@DEFERRED_BRUSH@@YAXXZ 1001cab0 f   deferred_brush.obj
 0001:0001bad0       ??__EBLENDMASKTRANSFORM@DEFERRED_BRUSH@@YAXXZ 1001cad0 f   deferred_brush.obj
 0001:0001baf0       ??__EMULTIBLEND@DEFERRED_BRUSH@@YAXXZ 1001caf0 f   deferred_brush.obj
 0001:0001bb10       ??__EBASETEXTURE3@DEFERRED_BRUSH@@YAXXZ 1001cb10 f   deferred_brush.obj
 0001:0001bb30       ??__EBASETEXTURE4@DEFERRED_BRUSH@@YAXXZ 1001cb30 f   deferred_brush.obj
 0001:0001bb50       ??__EBUMPMAP3@DEFERRED_BRUSH@@YAXXZ 1001cb50 f   deferred_brush.obj
 0001:0001bb70       ??__EBUMPMAP4@DEFERRED_BRUSH@@YAXXZ 1001cb70 f   deferred_brush.obj
 0001:0001bb90       ??__EBLENDMODULATETEXTURE2@DEFERRED_BRUSH@@YAXXZ 1001cb90 f   deferred_brush.obj
 0001:0001bbb0       ??__EBLENDMODULATETEXTURE3@DEFERRED_BRUSH@@YAXXZ 1001cbb0 f   deferred_brush.obj
 0001:0001bbd0       ??__EBLENDMASKTRANSFORM2@DEFERRED_BRUSH@@YAXXZ 1001cbd0 f   deferred_brush.obj
 0001:0001bbf0       ??__EBLENDMASKTRANSFORM3@DEFERRED_BRUSH@@YAXXZ 1001cbf0 f   deferred_brush.obj
 0001:0001bc10       ??__Es_ShaderInstance@DEFERRED_BRUSH@@YAXXZ 1001cc10 f   deferred_brush.obj
 0001:0001bc30       ??__Es_ShaderParams@DEFERRED_MODEL@@YAXXZ 1001cc30 f   deferred_model.obj
 0001:0001bc40       ??__EBUMPMAP@DEFERRED_MODEL@@YAXXZ 1001cc40 f   deferred_model.obj
 0001:0001bc60       ??__ELITFACE@DEFERRED_MODEL@@YAXXZ 1001cc60 f   deferred_model.obj
 0001:0001bc80       ??__EPHONG_SCALE@DEFERRED_MODEL@@YAXXZ 1001cc80 f   deferred_model.obj
 0001:0001bca0       ??__EPHONG_EXP@DEFERRED_MODEL@@YAXXZ 1001cca0 f   deferred_model.obj
 0001:0001bcc0       ??__EPHONG_MAP@DEFERRED_MODEL@@YAXXZ 1001ccc0 f   deferred_model.obj
 0001:0001bce0       ??__EPHONG_FRESNEL@DEFERRED_MODEL@@YAXXZ 1001cce0 f   deferred_model.obj
 0001:0001bd00       ??__EFRESNELRANGES@DEFERRED_MODEL@@YAXXZ 1001cd00 f   deferred_model.obj
 0001:0001bd20       ??__EALPHATESTREFERENCE@DEFERRED_MODEL@@YAXXZ 1001cd20 f   deferred_model.obj
 0001:0001bd40       ??__EENVMAP@DEFERRED_MODEL@@YAXXZ 1001cd40 f   deferred_model.obj
 0001:0001bd60       ??__EENVMAPTINT@DEFERRED_MODEL@@YAXXZ 1001cd60 f   deferred_model.obj
 0001:0001bd80       ??__EENVMAPCONTRAST@DEFERRED_MODEL@@YAXXZ 1001cd80 f   deferred_model.obj
 0001:0001bda0       ??__EENVMAPSATURATION@DEFERRED_MODEL@@YAXXZ 1001cda0 f   deferred_model.obj
 0001:0001bdc0       ??__EENVMAPFRESNEL@DEFERRED_MODEL@@YAXXZ 1001cdc0 f   deferred_model.obj
 0001:0001bde0       ??__EENVMAPMASK@DEFERRED_MODEL@@YAXXZ 1001cde0 f   deferred_model.obj
 0001:0001be00       ??__ERIMLIGHT@DEFERRED_MODEL@@YAXXZ 1001ce00 f   deferred_model.obj
 0001:0001be20       ??__ERIMLIGHTEXPONENT@DEFERRED_MODEL@@YAXXZ 1001ce20 f   deferred_model.obj
 0001:0001be40       ??__ERIMLIGHTALBEDOSCALE@DEFERRED_MODEL@@YAXXZ 1001ce40 f   deferred_model.obj
 0001:0001be60       ??__ERIMLIGHTTINT@DEFERRED_MODEL@@YAXXZ 1001ce60 f   deferred_model.obj
 0001:0001be80       ??__ERIMLIGHT_MODULATE_BY_LIGHT@DEFERRED_MODEL@@YAXXZ 1001ce80 f   deferred_model.obj
 0001:0001bea0       ??__ESELFILLUMTINT@DEFERRED_MODEL@@YAXXZ 1001cea0 f   deferred_model.obj
 0001:0001bec0       ??__ESELFILLUM_ENVMAPMASK_ALPHA@DEFERRED_MODEL@@YAXXZ 1001cec0 f   deferred_model.obj
 0001:0001bee0       ??__ESELFILLUMFRESNEL@DEFERRED_MODEL@@YAXXZ 1001cee0 f   deferred_model.obj
 0001:0001bf00       ??__ESELFILLUMMASK@DEFERRED_MODEL@@YAXXZ 1001cf00 f   deferred_model.obj
 0001:0001bf20       ??__Es_ShaderInstance@DEFERRED_MODEL@@YAXXZ 1001cf20 f   deferred_model.obj
 0001:0001bf40       ??__Edeferred_radiosity_enable@@YAXXZ 1001cf40 f   deferred_utility.obj
 0001:0001bf70       ??__Edeferred_radiosity_multiplier@@YAXXZ 1001cf70 f   deferred_utility.obj
 0001:0001bfa0       ??__Ebuilding_cubemaps@@YAXXZ 1001cfa0 f   defpass_composite.obj
 0001:0001bfd0       ??__Etest_packing_command@@YAXXZ 1001cfd0 f   defpass_gbuffer.obj
 0001:0001c000       ??__Etest_unpacking_command@@YAXXZ 1001d000 f   defpass_gbuffer.obj
 0001:0001c030       ??__E__g_defExt@@YAXXZ     1001d030 f   IDeferredExt.obj
 0001:0001c050       ??__E__g_CreateCDeferredExtensionIDeferredExtension_reg@@YAXXZ 1001d050 f   IDeferredExt.obj
 0001:0001c070       ??__Es_ShaderParams@LIGHTING_GLOBAL@@YAXXZ 1001d070 f   lighting_global.obj
 0001:0001c080       ??__Es_ShaderInstance@LIGHTING_GLOBAL@@YAXXZ 1001d080 f   lighting_global.obj
 0001:0001c0a0       ??__Es_ShaderParams@LIGHTING_WORLD@@YAXXZ 1001d0a0 f   lighting_world.obj
 0001:0001c0b0       ??__ELIGHTTYPE@LIGHTING_WORLD@@YAXXZ 1001d0b0 f   lighting_world.obj
 0001:0001c0d0       ??__EWORLDPROJECTION@LIGHTING_WORLD@@YAXXZ 1001d0d0 f   lighting_world.obj
 0001:0001c0f0       ??__Es_ShaderInstance@LIGHTING_WORLD@@YAXXZ 1001d0f0 f   lighting_world.obj
 0001:0001c110       ??__Es_ShaderParams@LIGHTING_VOLUME@@YAXXZ 1001d110 f   lighting_volume.obj
 0001:0001c120       ??__ELIGHTTYPE@LIGHTING_VOLUME@@YAXXZ 1001d120 f   lighting_volume.obj
 0001:0001c140       ??__EWORLDPROJECTION@LIGHTING_VOLUME@@YAXXZ 1001d140 f   lighting_volume.obj
 0001:0001c160       ??__Es_ShaderInstance@LIGHTING_VOLUME@@YAXXZ 1001d160 f   lighting_volume.obj
 0001:0001c180       ??__Es_ShaderParams@RADIOSITY_BLEND@@YAXXZ 1001d180 f   radiosity_blend.obj
 0001:0001c190       ??__Es_ShaderInstance@RADIOSITY_BLEND@@YAXXZ 1001d190 f   radiosity_blend.obj
 0001:0001c1b0       ??__Es_ShaderParams@RADIOSITY_GLOBAL@@YAXXZ 1001d1b0 f   radiosity_global.obj
 0001:0001c1c0       ??__Es_ShaderInstance@RADIOSITY_GLOBAL@@YAXXZ 1001d1c0 f   radiosity_global.obj
 0001:0001c1e0       ??__Es_ShaderParams@RADIOSITY_PROPAGATE@@YAXXZ 1001d1e0 f   radiosity_propagate.obj
 0001:0001c1f0       ??__ENORMALMAP@RADIOSITY_PROPAGATE@@YAXXZ 1001d1f0 f   radiosity_propagate.obj
 0001:0001c210       ??__EBLUR@RADIOSITY_PROPAGATE@@YAXXZ 1001d210 f   radiosity_propagate.obj
 0001:0001c230       ??__Es_ShaderInstance@RADIOSITY_PROPAGATE@@YAXXZ 1001d230 f   radiosity_propagate.obj
 0001:0001c250       ??__Es_ShaderParams@VOLUME_BLEND@@YAXXZ 1001d250 f   volume_blend.obj
 0001:0001c260       ??__Es_ShaderInstance@VOLUME_BLEND@@YAXXZ 1001d260 f   volume_blend.obj
 0001:0001c280       ??__Es_ShaderParams@VOLUME_PREPASS@@YAXXZ 1001d280 f   volume_prepass.obj
 0001:0001c290       ??__Es_ShaderInstance@VOLUME_PREPASS@@YAXXZ 1001d290 f   volume_prepass.obj
 0001:0001c2b0       ??__Es_EmptyConVar@@YAXXZ  1001d2b0 f   tier1:convar.obj
 0001:0001c3e0       ??__Es_StringCharConversion@@YAXXZ 1001d3e0 f   tier1:utlbuffer.obj
 0001:0001c440       ??__Es_NoEscConversion@@YAXXZ 1001d440 f   tier1:utlbuffer.obj
 0001:0001c470       ??__Emat_fullbright@@YAXXZ 1001d470 f   shaderlib:BaseShader.obj
 0001:0001c4a0       ??__E__g_CreateIShaderDLLInternal_reg@@YAXXZ 1001d4a0 f   shaderlib:ShaderDLL.obj
 0001:0001c4c0       ??__Fmat_fullbright@@YAXXZ 1001d4c0 f   BaseVSShader.obj
 0001:0001c4d0       ??__Fs_ShaderParams@GAUSSIAN_BLUR_6@@YAXXZ 1001d4d0 f   blur.obj
 0001:0001c4e0       ??__Fs_ShaderParams@DEBUG_LIGHTING_CTRL@@YAXXZ 1001d4e0 f   debug_lightingctrl.obj
 0001:0001c4f0       ??__Fs_ShaderParams@DEBUG_RADIOSITY_GRID@@YAXXZ 1001d4f0 f   debug_radiosity_grid.obj
 0001:0001c500       ??__Fs_ShaderParams@DEBUG_SHADOW@@YAXXZ 1001d500 f   debug_shadow.obj
 0001:0001c510       ??__Fs_ShaderParams@DEFERRED_BRUSH@@YAXXZ 1001d510 f   deferred_brush.obj
 0001:0001c520       ??__Fs_ShaderParams@DEFERRED_MODEL@@YAXXZ 1001d520 f   deferred_model.obj
 0001:0001c530       ??__Fdeferred_radiosity_enable@@YAXXZ 1001d530 f   deferred_utility.obj
 0001:0001c540       ??__Fdeferred_radiosity_multiplier@@YAXXZ 1001d540 f   deferred_utility.obj
 0001:0001c550       ??__Fbuilding_cubemaps@@YAXXZ 1001d550 f   defpass_composite.obj
 0001:0001c560       ??__Ftest_packing_command@@YAXXZ 1001d560 f   defpass_gbuffer.obj
 0001:0001c570       ??__Ftest_unpacking_command@@YAXXZ 1001d570 f   defpass_gbuffer.obj
 0001:0001c580       ??__F__g_defExt@@YAXXZ     1001d580 f   IDeferredExt.obj
 0001:0001c590       ??__Fs_ShaderParams@LIGHTING_GLOBAL@@YAXXZ 1001d590 f   lighting_global.obj
 0001:0001c5a0       ??__Fs_ShaderParams@LIGHTING_WORLD@@YAXXZ 1001d5a0 f   lighting_world.obj
 0001:0001c5b0       ??__Fs_ShaderParams@LIGHTING_VOLUME@@YAXXZ 1001d5b0 f   lighting_volume.obj
 0001:0001c5c0       ??__Fs_ShaderParams@RADIOSITY_BLEND@@YAXXZ 1001d5c0 f   radiosity_blend.obj
 0001:0001c5d0       ??__Fs_ShaderParams@RADIOSITY_GLOBAL@@YAXXZ 1001d5d0 f   radiosity_global.obj
 0001:0001c5e0       ??__Fs_ShaderParams@RADIOSITY_PROPAGATE@@YAXXZ 1001d5e0 f   radiosity_propagate.obj
 0001:0001c5f0       ??__Fs_ShaderParams@VOLUME_BLEND@@YAXXZ 1001d5f0 f   volume_blend.obj
 0001:0001c600       ??__Fs_ShaderParams@VOLUME_PREPASS@@YAXXZ 1001d600 f   volume_prepass.obj
 0001:0001c610       ??__Fs_EmptyConVar@@YAXXZ  1001d610 f   tier1:convar.obj
 0001:0001c660       ??__Fmat_fullbright@@YAXXZ 1001d660 f   shaderlib:BaseShader.obj
 0001:0001c66a       ??__Fnomem@?5???2@YAPAXI@Z@YAXXZ 1001d66a f   LIBCMT:new.obj
