 game_shader_generic_deferred

 Timestamp is 500acbc5 (Sat Jul 21 17:33:25 2012)

 Preferred load address is 10000000

 Start         Length     Name                   Class
 0001:00000000 00067cfaH .textbss                DATA
 0002:00000000 000d09dbH .text                   CODE
 0002:000d09e0 0000112dH .text$x                 CODE
 0002:000d1b10 0000746cH .text$yc                CODE
 0002:000d8f80 00001839H .text$yd                CODE
 0003:00000000 00000104H .CRT$XCA                DATA
 0003:00000104 0000059aH .CRT$XCU                DATA
 0003:000006a0 00000104H .CRT$XCZ                DATA
 0003:000007a4 00000104H .CRT$XIA                DATA
 0003:000008a8 00000118H .CRT$XIC                DATA
 0003:000009c0 00000104H .CRT$XIZ                DATA
 0003:00000ac4 00000104H .CRT$XPA                DATA
 0003:00000bc8 00000109H .CRT$XPX                DATA
 0003:00000cd4 00000104H .CRT$XPXA               DATA
 0003:00000dd8 00000104H .CRT$XPZ                DATA
 0003:00000edc 00000104H .CRT$XTA                DATA
 0003:00000fe0 00000104H .CRT$XTZ                DATA
 0003:000010f0 0002c196H .rdata                  DATA
 0003:0002d288 0000019eH .rdata$debug            DATA
 0003:0002d428 000012d7H .rdata$r                DATA
 0003:0002e700 00000104H .rtc$IAA                DATA
 0003:0002e804 00000104H .rtc$IMZ                DATA
 0003:0002e908 00000104H .rtc$IZZ                DATA
 0003:0002ea0c 00000104H .rtc$TAA                DATA
 0003:0002eb10 00000104H .rtc$TMZ                DATA
 0003:0002ec14 00000104H .rtc$TZZ                DATA
 0003:0002ed18 0000105aH .xdata$x                DATA
 0003:0002fd80 00000176H .edata                  DATA
 0004:00000000 0000372aH .data                   DATA
 0004:00003740 00018afcH .bss                    DATA
 0005:00000000 00000028H .idata$2                DATA
 0005:00000028 00000014H .idata$3                DATA
 0005:0000003c 0000027cH .idata$4                DATA
 0005:000002b8 0000027cH .idata$5                DATA
 0005:00000534 00000a8eH .idata$6                DATA

  Address         Publics by Value              Rva+Base       Lib:Object

 0000:00000000       ___safe_se_handler_count   00000000     <absolute>
 0000:00000000       __except_list              00000000     <absolute>
 0000:00000000       ___safe_se_handler_table   00000000     <absolute>
 0000:00000000       ___ImageBase               10000000     <linker-defined>
 0001:00000000       __enc$textbss$begin        10001000     <linker-defined>
 0001:00067cfa       __enc$textbss$end          10068cfa     <linker-defined>
 0002:00007b70       ??_H@YGXPAXIHP6EPAX0@Z@Z   10070b70 f i BaseVSShader.obj
 0002:00007be0       ?SetPixelShaderConstant@CBaseVSShader@@QAEXHHH@Z 10070be0 f   BaseVSShader.obj
 0002:00007fc0       ?GetType@IMaterialVar@@QBE?AW4MaterialVarType_t@@XZ 10070fc0 f i BaseVSShader.obj
 0002:00008010       ?GetFloatValue@IMaterialVar@@QBEMXZ 10071010 f i BaseVSShader.obj
 0002:00008060       ?GetFloatValueFast@IMaterialVar@@QBEMXZ 10071060 f i BaseVSShader.obj
 0002:000080c0       ??AVector4D@@QBEMH@Z       100710c0 f i BaseVSShader.obj
 0002:00008200       ?GetVecValue@IMaterialVar@@QBEXPAMH@Z 10071200 f i BaseVSShader.obj
 0002:00008260       ?GetVecValueFast@IMaterialVar@@QBEXPAMH@Z 10071260 f i BaseVSShader.obj
 0002:000083c0       ?IsSnapshotting@CBaseShader@@QBE_NXZ 100713c0 f i BaseVSShader.obj
 0002:00008410       ?SetPixelShaderConstantGammaToLinear@CBaseVSShader@@QAEXHHH@Z 10071410 f   BaseVSShader.obj
 0002:000088b0       ?SetPixelShaderConstant_W@CBaseVSShader@@QAEXHHM@Z 100718b0 f   BaseVSShader.obj
 0002:00008ba0       ?SetPixelShaderConstant@CBaseVSShader@@QAEXHH@Z 10071ba0 f   BaseVSShader.obj
 0002:00008e80       ?SetPixelShaderConstantGammaToLinear@CBaseVSShader@@QAEXHH@Z 10071e80 f   BaseVSShader.obj
 0002:00009230       ?SetVertexShaderConstantGammaToLinear@CBaseVSShader@@QAEXHPBMH_N@Z 10072230 f   BaseVSShader.obj
 0002:00009460       ?SetPixelShaderConstantGammaToLinear@CBaseVSShader@@QAEXHPBMH_N@Z 10072460 f   BaseVSShader.obj
 0002:00009690       ?SetPixelShaderConstantFudge@CBaseVSShader@@QAEXHH@Z 10072690 f   BaseVSShader.obj
 0002:000099e0       ?SetVertexShaderConstant@CBaseVSShader@@QAEXHH@Z 100729e0 f   BaseVSShader.obj
 0002:00009cc0       ?SetVertexShaderTextureTranslation@CBaseVSShader@@QAEXHH@Z 10072cc0 f   BaseVSShader.obj
 0002:00009e60       ??0Vector4D@@QAE@XZ        10072e60 f i BaseVSShader.obj
 0002:00009f00       ?BitsToFloat@@YAMI@Z       10072f00 f i BaseVSShader.obj
 0002:00009f70       ?Init@Vector4D@@QAEXMMMM@Z 10072f70 f i BaseVSShader.obj
 0002:0000a0d0       ?Base@Vector4D@@QAEPAMXZ   100730d0 f i BaseVSShader.obj
 0002:0000a110       ?IsValid@Vector4D@@QBE_NXZ 10073110 f i BaseVSShader.obj
 0002:0000a1f0       ?IsFinite@@YA_NABM@Z       100731f0 f i BaseVSShader.obj
 0002:0000a260       ?FloatBits@@YA?BIABM@Z     10073260 f i BaseVSShader.obj
 0002:0000a2e0       ?SetVertexShaderTextureScale@CBaseVSShader@@QAEXHH@Z 100732e0 f   BaseVSShader.obj
 0002:0000a4b0       ?SetVertexShaderTextureTransform@CBaseVSShader@@QAEXHH@Z 100734b0 f   BaseVSShader.obj
 0002:0000a6f0       ??AVMatrix@@QBEPBMH@Z      100736f0 f i BaseVSShader.obj
 0002:0000a740       ?SetVertexShaderTextureScaledTransform@CBaseVSShader@@QAEXHHH@Z 10073740 f   BaseVSShader.obj
 0002:0000aba0       ??0Vector2D@@QAE@MM@Z      10073ba0 f i BaseVSShader.obj
 0002:0000acf0       ??AVector2D@@QAEAAMH@Z     10073cf0 f i BaseVSShader.obj
 0002:0000ae30       ?Base@Vector2D@@QAEPAMXZ   10073e30 f i BaseVSShader.obj
 0002:0000ae70       ?IsValid@Vector2D@@QBE_NXZ 10073e70 f i BaseVSShader.obj
 0002:0000af10       ??AVector4D@@QAEAAMH@Z     10073f10 f i BaseVSShader.obj
 0002:0000b050       ?SetPixelShaderTextureTranslation@CBaseVSShader@@QAEXHH@Z 10074050 f   BaseVSShader.obj
 0002:0000b1f0       ?SetPixelShaderTextureScale@CBaseVSShader@@QAEXHH@Z 100741f0 f   BaseVSShader.obj
 0002:0000b3c0       ?SetPixelShaderTextureTransform@CBaseVSShader@@QAEXHH@Z 100743c0 f   BaseVSShader.obj
 0002:0000b600       ?SetPixelShaderTextureScaledTransform@CBaseVSShader@@QAEXHHH@Z 10074600 f   BaseVSShader.obj
 0002:0000ba60       ?SetVertexShaderMatrix3x4@CBaseVSShader@@QAEXHH@Z 10074a60 f   BaseVSShader.obj
 0002:0000bbb0       ??AVMatrix@@QAEPAMH@Z      10074bb0 f i BaseVSShader.obj
 0002:0000bc00       ??0VMatrix@@QAE@XZ         10074c00 f i BaseVSShader.obj
 0002:0000bc40       ?SetVertexShaderMatrix4x4@CBaseVSShader@@QAEXHH@Z 10074c40 f   BaseVSShader.obj
 0002:0000bd90       ?LoadViewMatrixIntoVertexShaderConstant@CBaseVSShader@@QAEXH@Z 10074d90 f   BaseVSShader.obj
 0002:0000bec0       ?LoadProjectionMatrixIntoVertexShaderConstant@CBaseVSShader@@QAEXH@Z 10074ec0 f   BaseVSShader.obj
 0002:0000bff0       ?LoadModelViewMatrixIntoVertexShaderConstant@CBaseVSShader@@QAEXH@Z 10074ff0 f   BaseVSShader.obj
 0002:0000c1e0       ?LoadBumpLightmapCoordinateAxes_PixelShader@CBaseVSShader@@QAEXH@Z 100751e0 f   BaseVSShader.obj
 0002:0000c310       ?LoadBumpLightmapCoordinateAxes_VertexShader@CBaseVSShader@@QAEXH@Z 10075310 f   BaseVSShader.obj
 0002:0000c560       ??ATableVector@@QBEMH@Z    10075560 f i BaseVSShader.obj
 0002:0000c690       ?EnablePixelShaderOverbright@CBaseVSShader@@QAEXH_N0@Z 10075690 f   BaseVSShader.obj
 0002:0000c7e0       ?ColorVarsToVector@CBaseVSShader@@AAEXHHAAVVector4D@@@Z 100757e0 f   BaseVSShader.obj
 0002:0000c980       ?SetColorVertexShaderConstant@CBaseVSShader@@QAEXHHH@Z 10075980 f   BaseVSShader.obj
 0002:0000ca60       ?SetColorPixelShaderConstant@CBaseVSShader@@QAEXHHH@Z 10075a60 f   BaseVSShader.obj
 0002:0000cb40       ?SetEnvMapTintPixelShaderDynamicState@CBaseVSShader@@QAEXHHH_N@Z 10075b40 f   BaseVSShader.obj
 0002:0000ce10       ?GetFloat@ConVar@@QBEMXZ   10075e10 f i BaseVSShader.obj
 0002:0000ce50       ?GetInt@ConVar@@QBEHXZ     10075e50 f i BaseVSShader.obj
 0002:0000ce90       ?SetHWMorphVertexShaderState@CBaseVSShader@@QAEXHHW4VertexTextureSampler_t@@@Z 10075e90 f   BaseVSShader.obj
 0002:0000d190       ?SetHWMorphVertexShaderState_NoTex@CBaseVSShader@@QAEXHH@Z 10076190 f   BaseVSShader.obj
 0002:0000d460       ?EvaluateBlendRequirements@CBaseVSShader@@QAE?AW4BlendType_t@@H_NH@Z 10076460 f   BaseVSShader.obj
 0002:0000d5c0       ?CurrentMaterialVarFlags@CBaseShader@@QBEHXZ 100765c0 f i BaseVSShader.obj
 0002:0000d620       ?GetIntValue@IMaterialVar@@QBEHXZ 10076620 f i BaseVSShader.obj
 0002:0000d670       ?GetIntValueFast@IMaterialVar@@QBEHXZ 10076670 f i BaseVSShader.obj
 0002:0000d6b0       ?SetFlashlightVertexShaderConstants@CBaseVSShader@@QAEX_NH0H0@Z 100766b0 f   BaseVSShader.obj
 0002:0000da10       ??AVector@@QBEMH@Z         10076a10 f i BaseVSShader.obj
 0002:0000db50       ?Base@VMatrix@@QAEPAMXZ    10076b50 f i BaseVSShader.obj
 0002:0000db90       ?HashShadow2DJitter@CBaseVSShader@@QAEXMPAM0@Z 10076b90 f   BaseVSShader.obj
 0002:0000dc60       ?fmod@@YAMMM@Z             10076c60 f i BaseVSShader.obj
 0002:0000dcc0       _fmodf                     10076cc0 f i BaseVSShader.obj
 0002:0000dd30       ?DrawEqualDepthToDestAlpha@CBaseVSShader@@QAEXXZ 10076d30 f   BaseVSShader.obj
 0002:0000df70       ?SupportsPixelShaders_2_b@IMaterialSystemHardwareConfig@@QBE_NXZ 10076f70 f i BaseVSShader.obj
 0002:0000dfe0       ??0Color@@QAE@HHHH@Z       10076fe0 f i BaseVSShader.obj
 0002:0000e050       ?SetColor@Color@@QAEXHHHH@Z 10077050 f i BaseVSShader.obj
 0002:0000e0c0       ??0Vector4D@@QAE@MMMM@Z    100770c0 f i BaseVSShader.obj
 0002:0000e220       ??0?$CUtlVector@PAVCShaderParam@GAUSSIAN_BLUR_6@@V?$CUtlMemory@PAVCShaderParam@GAUSSIAN_BLUR_6@@H@@@@QAE@HH@Z 10077220 f i blur.obj
 0002:0000e2a0       ?ResetDbgInfo@?$CUtlVector@PAVCShaderParam@GAUSSIAN_BLUR_6@@V?$CUtlMemory@PAVCShaderParam@GAUSSIAN_BLUR_6@@H@@@@IAEXXZ 100772a0 f i blur.obj
 0002:0000e300       ?Base@?$CUtlVector@PAVCShaderParam@GAUSSIAN_BLUR_6@@V?$CUtlMemory@PAVCShaderParam@GAUSSIAN_BLUR_6@@H@@@@QAEPAPAVCShaderParam@GAUSSIAN_BLUR_6@@XZ 10077300 f i blur.obj
 0002:0000e350       ??0?$CUtlMemory@PAVCShaderParam@GAUSSIAN_BLUR_6@@H@@QAE@HH@Z 10077350 f i blur.obj
 0002:0000e540       ?MemAlloc_Alloc@@YAPAXIPBDH@Z 10077540 f i blur.obj
 0002:0000e5a0       ?IndirectAlloc@IMemAlloc@@QAEPAXIPBDH@Z 100775a0 f i blur.obj
 0002:0000e610       ??0CMemAllocAttributeAlloction@@QAE@PBDH@Z 10077610 f i blur.obj
 0002:0000e690       ??1CMemAllocAttributeAlloction@@QAE@XZ 10077690 f i blur.obj
 0002:0000e700       ?Base@?$CUtlMemory@PAVCShaderParam@GAUSSIAN_BLUR_6@@H@@QAEPAPAVCShaderParam@GAUSSIAN_BLUR_6@@XZ 10077700 f i blur.obj
 0002:0000e820       ?ValidateGrowSize@?$CUtlMemory@PAVCShaderParam@GAUSSIAN_BLUR_6@@H@@IAEXXZ 10077820 f i blur.obj
 0002:0000e860       ?IsReadOnly@?$CUtlMemory@PAVCShaderParam@GAUSSIAN_BLUR_6@@H@@QBE_NXZ 10077860 f i blur.obj
 0002:0000e8b0       ??$MemAllocClassName@V?$CUtlMemory@PAVCShaderParam@GAUSSIAN_BLUR_6@@H@@@@YAPBDPAV?$CUtlMemory@PAVCShaderParam@GAUSSIAN_BLUR_6@@H@@@Z 100778b0 f i blur.obj
 0002:0000e930       ??0CShaderParam@GAUSSIAN_BLUR_6@@QAE@PBDW4ShaderParamType_t@@00H@Z 10077930 f i blur.obj
 0002:0000e9f0       ?Count@?$CUtlVector@PAVCShaderParam@GAUSSIAN_BLUR_6@@V?$CUtlMemory@PAVCShaderParam@GAUSSIAN_BLUR_6@@H@@@@QBEHXZ 100779f0 f i blur.obj
 0002:0000ea30       ?AddToTail@?$CUtlVector@PAVCShaderParam@GAUSSIAN_BLUR_6@@V?$CUtlMemory@PAVCShaderParam@GAUSSIAN_BLUR_6@@H@@@@QAEHABQAVCShaderParam@GAUSSIAN_BLUR_6@@@Z 10077a30 f i blur.obj
 0002:0000eba0       ?InsertBefore@?$CUtlVector@PAVCShaderParam@GAUSSIAN_BLUR_6@@V?$CUtlMemory@PAVCShaderParam@GAUSSIAN_BLUR_6@@H@@@@QAEHHABQAVCShaderParam@GAUSSIAN_BLUR_6@@@Z 10077ba0 f i blur.obj
 0002:0000ee20       ?Element@?$CUtlVector@PAVCShaderParam@GAUSSIAN_BLUR_6@@V?$CUtlMemory@PAVCShaderParam@GAUSSIAN_BLUR_6@@H@@@@QAEAAPAVCShaderParam@GAUSSIAN_BLUR_6@@H@Z 10077e20 f i blur.obj
 0002:0000ef50       ??A?$CUtlMemory@PAVCShaderParam@GAUSSIAN_BLUR_6@@H@@QAEAAPAVCShaderParam@GAUSSIAN_BLUR_6@@H@Z 10077f50 f i blur.obj
 0002:0000f150       ?IsValidIndex@?$CUtlVector@PAVCShaderParam@GAUSSIAN_BLUR_6@@V?$CUtlMemory@PAVCShaderParam@GAUSSIAN_BLUR_6@@H@@@@QBE_NH@Z 10078150 f i blur.obj
 0002:0000f1c0       ?GrowVector@?$CUtlVector@PAVCShaderParam@GAUSSIAN_BLUR_6@@V?$CUtlMemory@PAVCShaderParam@GAUSSIAN_BLUR_6@@H@@@@IAEXH@Z 100781c0 f i blur.obj
 0002:0000f2e0       ?ShiftElementsRight@?$CUtlVector@PAVCShaderParam@GAUSSIAN_BLUR_6@@V?$CUtlMemory@PAVCShaderParam@GAUSSIAN_BLUR_6@@H@@@@IAEXHH@Z 100782e0 f i blur.obj
 0002:0000f480       ??$CopyConstruct@PAVCShaderParam@GAUSSIAN_BLUR_6@@@@YAPAPAVCShaderParam@GAUSSIAN_BLUR_6@@PAPAV01@ABQAV01@@Z 10078480 f i blur.obj
 0002:0000f520       ??2@YAPAXIPAX@Z            10078520 f i blur.obj
 0002:0000f560       ?IsIdxValid@?$CUtlMemory@PAVCShaderParam@GAUSSIAN_BLUR_6@@H@@QBE_NH@Z 10078560 f i blur.obj
 0002:0000f5e0       ?NumAllocated@?$CUtlMemory@PAVCShaderParam@GAUSSIAN_BLUR_6@@H@@QBEHXZ 100785e0 f i blur.obj
 0002:0000f620       ?Grow@?$CUtlMemory@PAVCShaderParam@GAUSSIAN_BLUR_6@@H@@QAEXH@Z 10078620 f i blur.obj
 0002:0000fc90       ?UtlMemory_CalcNewAllocationCount@@YAHHHHH@Z 10078c90 f i blur.obj
 0002:0000fd20       ?IsExternallyAllocated@?$CUtlMemory@PAVCShaderParam@GAUSSIAN_BLUR_6@@H@@QBE_NXZ 10078d20 f i blur.obj
 0002:0000fd70       ??$MemAllocClassName@V?$CUtlVector@PAVCShaderParam@GAUSSIAN_BLUR_6@@V?$CUtlMemory@PAVCShaderParam@GAUSSIAN_BLUR_6@@H@@@@@@YAPBDPAV?$CUtlVector@PAVCShaderParam@GAUSSIAN_BLUR_6@@V?$CUtlMemory@PAVCShaderParam@GAUSSIAN_BLUR_6@@H@@@@@Z 10078d70 f i blur.obj
 0002:0000fdf0       ??0CShader@GAUSSIAN_BLUR_6@@QAE@XZ 10078df0 f i blur.obj
 0002:0000fe50       ?OnInitShaderParams@CShader@GAUSSIAN_BLUR_6@@UAEXPAPAVIMaterialVar@@PBD@Z 10078e50 f i blur.obj
 0002:0000fe90       ?GetName@CShader@GAUSSIAN_BLUR_6@@UBEPBDXZ 10078e90 f i blur.obj
 0002:0000fed0       ?GetFlags@CShader@GAUSSIAN_BLUR_6@@UBEHXZ 10078ed0 f i blur.obj
 0002:0000ff10       ?GetParamCount@CShader@GAUSSIAN_BLUR_6@@UBEHXZ 10078f10 f i blur.obj
 0002:0000ff70       ?GetParamInfo@CShader@GAUSSIAN_BLUR_6@@UBEABUShaderParamInfo_t@@H@Z 10078f70 f i blur.obj
 0002:00010010       ?GetInfo@CShaderParam@GAUSSIAN_BLUR_6@@QBEABUShaderParamInfo_t@@XZ 10079010 f i blur.obj
 0002:00010050       ?OnInitShaderInstance@CShader@GAUSSIAN_BLUR_6@@UAEXPAPAVIMaterialVar@@PAVIShaderInit@@PBD@Z 10079050 f i blur.obj
 0002:000101c0       ?GetFallbackShader@CShader@GAUSSIAN_BLUR_6@@UBEPBDPAPAVIMaterialVar@@@Z 100791c0 f i blur.obj
 0002:00010200       ?OnDrawElements@CShader@GAUSSIAN_BLUR_6@@UAEXPAPAVIMaterialVar@@PAVIShaderShadow@@PAVIShaderDynamicAPI@@W4VertexCompressionType_t@@PAPAVCBasePerMaterialContextData@@@Z 10079200 f i blur.obj
 0002:00010770       ??0screenspace_vs30_Static_Index@@QAE@PAVIShaderShadow@@PAPAVIMaterialVar@@@Z 10079770 f i blur.obj
 0002:000107b0       ?GetIndex@screenspace_vs30_Static_Index@@QAEHXZ 100797b0 f i blur.obj
 0002:000107f0       ??0screenspace_vs30_Dynamic_Index@@QAE@PAVIShaderDynamicAPI@@@Z 100797f0 f i blur.obj
 0002:00010830       ?GetIndex@screenspace_vs30_Dynamic_Index@@QAEHXZ 10079830 f i blur.obj
 0002:00010870       ??0gaussianblur_6_ps30_Static_Index@@QAE@PAVIShaderShadow@@PAPAVIMaterialVar@@@Z 10079870 f i blur.obj
 0002:000108b0       ?GetIndex@gaussianblur_6_ps30_Static_Index@@QAEHXZ 100798b0 f i blur.obj
 0002:000108f0       ??0gaussianblur_6_ps30_Dynamic_Index@@QAE@PAVIShaderDynamicAPI@@@Z 100798f0 f i blur.obj
 0002:00010930       ?GetIndex@gaussianblur_6_ps30_Dynamic_Index@@QAEHXZ 10079930 f i blur.obj
 0002:00010970       ??BCShaderParam@GAUSSIAN_BLUR_6@@QAEHXZ 10079970 f i blur.obj
 0002:000109b0       ??0CBaseVSShader@@QAE@XZ   100799b0 f i blur.obj
 0002:00010a10       ?GetFallbackShader@CBaseShader@@UBEPBDPAPAVIMaterialVar@@@Z 10079a10 f i blur.obj
 0002:00010a50       ?OnInitShaderParams@CBaseShader@@UAEXPAPAVIMaterialVar@@PBD@Z 10079a50 f i blur.obj
 0002:00010a90       ??A?$CUtlVector@PAVCShaderParam@GAUSSIAN_BLUR_6@@V?$CUtlMemory@PAVCShaderParam@GAUSSIAN_BLUR_6@@H@@@@QAEAAPAVCShaderParam@GAUSSIAN_BLUR_6@@H@Z 10079a90 f i blur.obj
 0002:00010bc0       ??1?$CUtlVector@PAVCShaderParam@GAUSSIAN_BLUR_6@@V?$CUtlMemory@PAVCShaderParam@GAUSSIAN_BLUR_6@@H@@@@QAE@XZ 10079bc0 f i blur.obj
 0002:00010c20       ?Purge@?$CUtlVector@PAVCShaderParam@GAUSSIAN_BLUR_6@@V?$CUtlMemory@PAVCShaderParam@GAUSSIAN_BLUR_6@@H@@@@QAEXXZ 10079c20 f i blur.obj
 0002:00010c90       ??1?$CUtlMemory@PAVCShaderParam@GAUSSIAN_BLUR_6@@H@@QAE@XZ 10079c90 f i blur.obj
 0002:00010ce0       ?RemoveAll@?$CUtlVector@PAVCShaderParam@GAUSSIAN_BLUR_6@@V?$CUtlMemory@PAVCShaderParam@GAUSSIAN_BLUR_6@@H@@@@QAEXXZ 10079ce0 f i blur.obj
 0002:00010d70       ?Purge@?$CUtlMemory@PAVCShaderParam@GAUSSIAN_BLUR_6@@H@@QAEXXZ 10079d70 f i blur.obj
 0002:00010e20       ??$Destruct@PAVCShaderParam@GAUSSIAN_BLUR_6@@@@YAXPAPAVCShaderParam@GAUSSIAN_BLUR_6@@@Z 10079e20 f i blur.obj
 0002:00010e80       ??0?$CUtlVector@PAVCShaderParam@DEBUG_LIGHTING_CTRL@@V?$CUtlMemory@PAVCShaderParam@DEBUG_LIGHTING_CTRL@@H@@@@QAE@HH@Z 10079e80 f i debug_lightingctrl.obj
 0002:00010f00       ?ResetDbgInfo@?$CUtlVector@PAVCShaderParam@DEBUG_LIGHTING_CTRL@@V?$CUtlMemory@PAVCShaderParam@DEBUG_LIGHTING_CTRL@@H@@@@IAEXXZ 10079f00 f i debug_lightingctrl.obj
 0002:00010f60       ?Base@?$CUtlVector@PAVCShaderParam@DEBUG_LIGHTING_CTRL@@V?$CUtlMemory@PAVCShaderParam@DEBUG_LIGHTING_CTRL@@H@@@@QAEPAPAVCShaderParam@DEBUG_LIGHTING_CTRL@@XZ 10079f60 f i debug_lightingctrl.obj
 0002:00010fb0       ??0?$CUtlMemory@PAVCShaderParam@DEBUG_LIGHTING_CTRL@@H@@QAE@HH@Z 10079fb0 f i debug_lightingctrl.obj
 0002:000111a0       ?Base@?$CUtlMemory@PAVCShaderParam@DEBUG_LIGHTING_CTRL@@H@@QAEPAPAVCShaderParam@DEBUG_LIGHTING_CTRL@@XZ 1007a1a0 f i debug_lightingctrl.obj
 0002:000112c0       ?ValidateGrowSize@?$CUtlMemory@PAVCShaderParam@DEBUG_LIGHTING_CTRL@@H@@IAEXXZ 1007a2c0 f i debug_lightingctrl.obj
 0002:00011300       ?IsReadOnly@?$CUtlMemory@PAVCShaderParam@DEBUG_LIGHTING_CTRL@@H@@QBE_NXZ 1007a300 f i debug_lightingctrl.obj
 0002:00011350       ??$MemAllocClassName@V?$CUtlMemory@PAVCShaderParam@DEBUG_LIGHTING_CTRL@@H@@@@YAPBDPAV?$CUtlMemory@PAVCShaderParam@DEBUG_LIGHTING_CTRL@@H@@@Z 1007a350 f i debug_lightingctrl.obj
 0002:000113d0       ??0CShader@DEBUG_LIGHTING_CTRL@@QAE@XZ 1007a3d0 f i debug_lightingctrl.obj
 0002:00011430       ?OnInitShaderParams@CShader@DEBUG_LIGHTING_CTRL@@UAEXPAPAVIMaterialVar@@PBD@Z 1007a430 f i debug_lightingctrl.obj
 0002:00011470       ?GetName@CShader@DEBUG_LIGHTING_CTRL@@UBEPBDXZ 1007a470 f i debug_lightingctrl.obj
 0002:000114b0       ?GetFlags@CShader@DEBUG_LIGHTING_CTRL@@UBEHXZ 1007a4b0 f i debug_lightingctrl.obj
 0002:000114f0       ?GetParamCount@CShader@DEBUG_LIGHTING_CTRL@@UBEHXZ 1007a4f0 f i debug_lightingctrl.obj
 0002:00011550       ?GetParamInfo@CShader@DEBUG_LIGHTING_CTRL@@UBEABUShaderParamInfo_t@@H@Z 1007a550 f i debug_lightingctrl.obj
 0002:000115f0       ?GetInfo@CShaderParam@DEBUG_LIGHTING_CTRL@@QBEABUShaderParamInfo_t@@XZ 1007a5f0 f i debug_lightingctrl.obj
 0002:00011630       ?OnInitShaderInstance@CShader@DEBUG_LIGHTING_CTRL@@UAEXPAPAVIMaterialVar@@PAVIShaderInit@@PBD@Z 1007a630 f i debug_lightingctrl.obj
 0002:00011670       ?GetFallbackShader@CShader@DEBUG_LIGHTING_CTRL@@UBEPBDPAPAVIMaterialVar@@@Z 1007a670 f i debug_lightingctrl.obj
 0002:000116b0       ?OnDrawElements@CShader@DEBUG_LIGHTING_CTRL@@UAEXPAPAVIMaterialVar@@PAVIShaderShadow@@PAVIShaderDynamicAPI@@W4VertexCompressionType_t@@PAPAVCBasePerMaterialContextData@@@Z 1007a6b0 f i debug_lightingctrl.obj
 0002:00011c20       ?GetTexture_Normals@CDeferredExtension@@QAEPAVITexture@@XZ 1007ac20 f i debug_lightingctrl.obj
 0002:00011c60       ?GetTexture_Depth@CDeferredExtension@@QAEPAVITexture@@XZ 1007ac60 f i debug_lightingctrl.obj
 0002:00011ca0       ?GetDeferredExt@@YAPAVCDeferredExtension@@XZ 1007aca0 f i debug_lightingctrl.obj
 0002:00011ce0       ?CommitBaseDeferredConstants_Frustum@@YAXPAVIShaderDynamicAPI@@H_N@Z 1007ace0 f i debug_lightingctrl.obj
 0002:00011da0       ?GetFrustumDeltaBase@CDeferredExtension@@QAEPAMXZ 1007ada0 f i debug_lightingctrl.obj
 0002:00011e00       ?CommitBaseDeferredConstants_Origin@@YAXPAVIShaderDynamicAPI@@H@Z 1007ae00 f i debug_lightingctrl.obj
 0002:00011e80       ?GetOriginBase@CDeferredExtension@@QAEPAMXZ 1007ae80 f i debug_lightingctrl.obj
 0002:00011ee0       ?SetUSEWORLDTRANSFORM@defconstruct_vs30_Static_Index@@QAEXH@Z 1007aee0 f i debug_lightingctrl.obj
 0002:00012000       ?SetSENDWORLDPOS@defconstruct_vs30_Static_Index@@QAEXH@Z 1007b000 f i debug_lightingctrl.obj
 0002:00012120       ??0defconstruct_vs30_Static_Index@@QAE@PAVIShaderShadow@@PAPAVIMaterialVar@@@Z 1007b120 f i debug_lightingctrl.obj
 0002:00012190       ?GetIndex@defconstruct_vs30_Static_Index@@QAEHXZ 1007b190 f i debug_lightingctrl.obj
 0002:000122f0       ??0defconstruct_vs30_Dynamic_Index@@QAE@PAVIShaderDynamicAPI@@@Z 1007b2f0 f i debug_lightingctrl.obj
 0002:00012330       ?GetIndex@defconstruct_vs30_Dynamic_Index@@QAEHXZ 1007b330 f i debug_lightingctrl.obj
 0002:00012370       ??0debug_lighting_ctrl_ps30_Static_Index@@QAE@PAVIShaderShadow@@PAPAVIMaterialVar@@@Z 1007b370 f i debug_lightingctrl.obj
 0002:000123b0       ?GetIndex@debug_lighting_ctrl_ps30_Static_Index@@QAEHXZ 1007b3b0 f i debug_lightingctrl.obj
 0002:000123f0       ??0debug_lighting_ctrl_ps30_Dynamic_Index@@QAE@PAVIShaderDynamicAPI@@@Z 1007b3f0 f i debug_lightingctrl.obj
 0002:00012430       ?GetIndex@debug_lighting_ctrl_ps30_Dynamic_Index@@QAEHXZ 1007b430 f i debug_lightingctrl.obj
 0002:00012470       ??A?$CUtlVector@PAVCShaderParam@DEBUG_LIGHTING_CTRL@@V?$CUtlMemory@PAVCShaderParam@DEBUG_LIGHTING_CTRL@@H@@@@QAEAAPAVCShaderParam@DEBUG_LIGHTING_CTRL@@H@Z 1007b470 f i debug_lightingctrl.obj
 0002:000125a0       ?Count@?$CUtlVector@PAVCShaderParam@DEBUG_LIGHTING_CTRL@@V?$CUtlMemory@PAVCShaderParam@DEBUG_LIGHTING_CTRL@@H@@@@QBEHXZ 1007b5a0 f i debug_lightingctrl.obj
 0002:000125e0       ??A?$CUtlMemory@PAVCShaderParam@DEBUG_LIGHTING_CTRL@@H@@QAEAAPAVCShaderParam@DEBUG_LIGHTING_CTRL@@H@Z 1007b5e0 f i debug_lightingctrl.obj
 0002:000127e0       ?IsIdxValid@?$CUtlMemory@PAVCShaderParam@DEBUG_LIGHTING_CTRL@@H@@QBE_NH@Z 1007b7e0 f i debug_lightingctrl.obj
 0002:00012860       ??1?$CUtlVector@PAVCShaderParam@DEBUG_LIGHTING_CTRL@@V?$CUtlMemory@PAVCShaderParam@DEBUG_LIGHTING_CTRL@@H@@@@QAE@XZ 1007b860 f i debug_lightingctrl.obj
 0002:000128c0       ?Purge@?$CUtlVector@PAVCShaderParam@DEBUG_LIGHTING_CTRL@@V?$CUtlMemory@PAVCShaderParam@DEBUG_LIGHTING_CTRL@@H@@@@QAEXXZ 1007b8c0 f i debug_lightingctrl.obj
 0002:00012930       ??1?$CUtlMemory@PAVCShaderParam@DEBUG_LIGHTING_CTRL@@H@@QAE@XZ 1007b930 f i debug_lightingctrl.obj
 0002:00012980       ?RemoveAll@?$CUtlVector@PAVCShaderParam@DEBUG_LIGHTING_CTRL@@V?$CUtlMemory@PAVCShaderParam@DEBUG_LIGHTING_CTRL@@H@@@@QAEXXZ 1007b980 f i debug_lightingctrl.obj
 0002:00012a10       ?Element@?$CUtlVector@PAVCShaderParam@DEBUG_LIGHTING_CTRL@@V?$CUtlMemory@PAVCShaderParam@DEBUG_LIGHTING_CTRL@@H@@@@QAEAAPAVCShaderParam@DEBUG_LIGHTING_CTRL@@H@Z 1007ba10 f i debug_lightingctrl.obj
 0002:00012b40       ?Purge@?$CUtlMemory@PAVCShaderParam@DEBUG_LIGHTING_CTRL@@H@@QAEXXZ 1007bb40 f i debug_lightingctrl.obj
 0002:00012bf0       ?IsExternallyAllocated@?$CUtlMemory@PAVCShaderParam@DEBUG_LIGHTING_CTRL@@H@@QBE_NXZ 1007bbf0 f i debug_lightingctrl.obj
 0002:00012c40       ??$Destruct@PAVCShaderParam@DEBUG_LIGHTING_CTRL@@@@YAXPAPAVCShaderParam@DEBUG_LIGHTING_CTRL@@@Z 1007bc40 f i debug_lightingctrl.obj
 0002:00012ca0       ??0?$CUtlVector@PAVCShaderParam@DEBUG_RADIOSITY_GRID@@V?$CUtlMemory@PAVCShaderParam@DEBUG_RADIOSITY_GRID@@H@@@@QAE@HH@Z 1007bca0 f i debug_radiosity_grid.obj
 0002:00012d20       ?ResetDbgInfo@?$CUtlVector@PAVCShaderParam@DEBUG_RADIOSITY_GRID@@V?$CUtlMemory@PAVCShaderParam@DEBUG_RADIOSITY_GRID@@H@@@@IAEXXZ 1007bd20 f i debug_radiosity_grid.obj
 0002:00012d80       ?Base@?$CUtlVector@PAVCShaderParam@DEBUG_RADIOSITY_GRID@@V?$CUtlMemory@PAVCShaderParam@DEBUG_RADIOSITY_GRID@@H@@@@QAEPAPAVCShaderParam@DEBUG_RADIOSITY_GRID@@XZ 1007bd80 f i debug_radiosity_grid.obj
 0002:00012dd0       ??0?$CUtlMemory@PAVCShaderParam@DEBUG_RADIOSITY_GRID@@H@@QAE@HH@Z 1007bdd0 f i debug_radiosity_grid.obj
 0002:00012fc0       ?Base@?$CUtlMemory@PAVCShaderParam@DEBUG_RADIOSITY_GRID@@H@@QAEPAPAVCShaderParam@DEBUG_RADIOSITY_GRID@@XZ 1007bfc0 f i debug_radiosity_grid.obj
 0002:000130e0       ?ValidateGrowSize@?$CUtlMemory@PAVCShaderParam@DEBUG_RADIOSITY_GRID@@H@@IAEXXZ 1007c0e0 f i debug_radiosity_grid.obj
 0002:00013120       ?IsReadOnly@?$CUtlMemory@PAVCShaderParam@DEBUG_RADIOSITY_GRID@@H@@QBE_NXZ 1007c120 f i debug_radiosity_grid.obj
 0002:00013170       ??$MemAllocClassName@V?$CUtlMemory@PAVCShaderParam@DEBUG_RADIOSITY_GRID@@H@@@@YAPBDPAV?$CUtlMemory@PAVCShaderParam@DEBUG_RADIOSITY_GRID@@H@@@Z 1007c170 f i debug_radiosity_grid.obj
 0002:000131f0       ??0CShader@DEBUG_RADIOSITY_GRID@@QAE@XZ 1007c1f0 f i debug_radiosity_grid.obj
 0002:00013250       ?OnInitShaderParams@CShader@DEBUG_RADIOSITY_GRID@@UAEXPAPAVIMaterialVar@@PBD@Z 1007c250 f i debug_radiosity_grid.obj
 0002:00013290       ?GetName@CShader@DEBUG_RADIOSITY_GRID@@UBEPBDXZ 1007c290 f i debug_radiosity_grid.obj
 0002:000132d0       ?GetFlags@CShader@DEBUG_RADIOSITY_GRID@@UBEHXZ 1007c2d0 f i debug_radiosity_grid.obj
 0002:00013310       ?GetParamCount@CShader@DEBUG_RADIOSITY_GRID@@UBEHXZ 1007c310 f i debug_radiosity_grid.obj
 0002:00013370       ?GetParamInfo@CShader@DEBUG_RADIOSITY_GRID@@UBEABUShaderParamInfo_t@@H@Z 1007c370 f i debug_radiosity_grid.obj
 0002:00013410       ?GetInfo@CShaderParam@DEBUG_RADIOSITY_GRID@@QBEABUShaderParamInfo_t@@XZ 1007c410 f i debug_radiosity_grid.obj
 0002:00013450       ?OnInitShaderInstance@CShader@DEBUG_RADIOSITY_GRID@@UAEXPAPAVIMaterialVar@@PAVIShaderInit@@PBD@Z 1007c450 f i debug_radiosity_grid.obj
 0002:00013490       ?GetFallbackShader@CShader@DEBUG_RADIOSITY_GRID@@UBEPBDPAPAVIMaterialVar@@@Z 1007c490 f i debug_radiosity_grid.obj
 0002:000134d0       ?OnDrawElements@CShader@DEBUG_RADIOSITY_GRID@@UAEXPAPAVIMaterialVar@@PAVIShaderShadow@@PAVIShaderDynamicAPI@@W4VertexCompressionType_t@@PAPAVCBasePerMaterialContextData@@@Z 1007c4d0 f i debug_radiosity_grid.obj
 0002:00013920       ?GetTexture_RadBuffer@CDeferredExtension@@QAEPAVITexture@@ABH@Z 1007c920 f i debug_radiosity_grid.obj
 0002:00013a60       ??0debug_radiosity_grid_vs30_Static_Index@@QAE@PAVIShaderShadow@@PAPAVIMaterialVar@@@Z 1007ca60 f i debug_radiosity_grid.obj
 0002:00013aa0       ?GetIndex@debug_radiosity_grid_vs30_Static_Index@@QAEHXZ 1007caa0 f i debug_radiosity_grid.obj
 0002:00013ae0       ??0debug_radiosity_grid_vs30_Dynamic_Index@@QAE@PAVIShaderDynamicAPI@@@Z 1007cae0 f i debug_radiosity_grid.obj
 0002:00013b20       ?GetIndex@debug_radiosity_grid_vs30_Dynamic_Index@@QAEHXZ 1007cb20 f i debug_radiosity_grid.obj
 0002:00013b60       ??0debug_radiosity_grid_ps30_Static_Index@@QAE@PAVIShaderShadow@@PAPAVIMaterialVar@@@Z 1007cb60 f i debug_radiosity_grid.obj
 0002:00013ba0       ?GetIndex@debug_radiosity_grid_ps30_Static_Index@@QAEHXZ 1007cba0 f i debug_radiosity_grid.obj
 0002:00013be0       ??0debug_radiosity_grid_ps30_Dynamic_Index@@QAE@PAVIShaderDynamicAPI@@@Z 1007cbe0 f i debug_radiosity_grid.obj
 0002:00013c20       ?GetIndex@debug_radiosity_grid_ps30_Dynamic_Index@@QAEHXZ 1007cc20 f i debug_radiosity_grid.obj
 0002:00013c60       ??A?$CUtlVector@PAVCShaderParam@DEBUG_RADIOSITY_GRID@@V?$CUtlMemory@PAVCShaderParam@DEBUG_RADIOSITY_GRID@@H@@@@QAEAAPAVCShaderParam@DEBUG_RADIOSITY_GRID@@H@Z 1007cc60 f i debug_radiosity_grid.obj
 0002:00013d90       ?Count@?$CUtlVector@PAVCShaderParam@DEBUG_RADIOSITY_GRID@@V?$CUtlMemory@PAVCShaderParam@DEBUG_RADIOSITY_GRID@@H@@@@QBEHXZ 1007cd90 f i debug_radiosity_grid.obj
 0002:00013dd0       ??A?$CUtlMemory@PAVCShaderParam@DEBUG_RADIOSITY_GRID@@H@@QAEAAPAVCShaderParam@DEBUG_RADIOSITY_GRID@@H@Z 1007cdd0 f i debug_radiosity_grid.obj
 0002:00013fd0       ?IsIdxValid@?$CUtlMemory@PAVCShaderParam@DEBUG_RADIOSITY_GRID@@H@@QBE_NH@Z 1007cfd0 f i debug_radiosity_grid.obj
 0002:00014050       ??1?$CUtlVector@PAVCShaderParam@DEBUG_RADIOSITY_GRID@@V?$CUtlMemory@PAVCShaderParam@DEBUG_RADIOSITY_GRID@@H@@@@QAE@XZ 1007d050 f i debug_radiosity_grid.obj
 0002:000140b0       ?Purge@?$CUtlVector@PAVCShaderParam@DEBUG_RADIOSITY_GRID@@V?$CUtlMemory@PAVCShaderParam@DEBUG_RADIOSITY_GRID@@H@@@@QAEXXZ 1007d0b0 f i debug_radiosity_grid.obj
 0002:00014120       ??1?$CUtlMemory@PAVCShaderParam@DEBUG_RADIOSITY_GRID@@H@@QAE@XZ 1007d120 f i debug_radiosity_grid.obj
 0002:00014170       ?RemoveAll@?$CUtlVector@PAVCShaderParam@DEBUG_RADIOSITY_GRID@@V?$CUtlMemory@PAVCShaderParam@DEBUG_RADIOSITY_GRID@@H@@@@QAEXXZ 1007d170 f i debug_radiosity_grid.obj
 0002:00014200       ?Element@?$CUtlVector@PAVCShaderParam@DEBUG_RADIOSITY_GRID@@V?$CUtlMemory@PAVCShaderParam@DEBUG_RADIOSITY_GRID@@H@@@@QAEAAPAVCShaderParam@DEBUG_RADIOSITY_GRID@@H@Z 1007d200 f i debug_radiosity_grid.obj
 0002:00014330       ?Purge@?$CUtlMemory@PAVCShaderParam@DEBUG_RADIOSITY_GRID@@H@@QAEXXZ 1007d330 f i debug_radiosity_grid.obj
 0002:000143e0       ?IsExternallyAllocated@?$CUtlMemory@PAVCShaderParam@DEBUG_RADIOSITY_GRID@@H@@QBE_NXZ 1007d3e0 f i debug_radiosity_grid.obj
 0002:00014430       ??$Destruct@PAVCShaderParam@DEBUG_RADIOSITY_GRID@@@@YAXPAPAVCShaderParam@DEBUG_RADIOSITY_GRID@@@Z 1007d430 f i debug_radiosity_grid.obj
 0002:00014490       ??0?$CUtlVector@PAVCShaderParam@DEBUG_SHADOW@@V?$CUtlMemory@PAVCShaderParam@DEBUG_SHADOW@@H@@@@QAE@HH@Z 1007d490 f i debug_shadow.obj
 0002:00014510       ?ResetDbgInfo@?$CUtlVector@PAVCShaderParam@DEBUG_SHADOW@@V?$CUtlMemory@PAVCShaderParam@DEBUG_SHADOW@@H@@@@IAEXXZ 1007d510 f i debug_shadow.obj
 0002:00014570       ?Base@?$CUtlVector@PAVCShaderParam@DEBUG_SHADOW@@V?$CUtlMemory@PAVCShaderParam@DEBUG_SHADOW@@H@@@@QAEPAPAVCShaderParam@DEBUG_SHADOW@@XZ 1007d570 f i debug_shadow.obj
 0002:000145c0       ??0?$CUtlMemory@PAVCShaderParam@DEBUG_SHADOW@@H@@QAE@HH@Z 1007d5c0 f i debug_shadow.obj
 0002:000147b0       ?Base@?$CUtlMemory@PAVCShaderParam@DEBUG_SHADOW@@H@@QAEPAPAVCShaderParam@DEBUG_SHADOW@@XZ 1007d7b0 f i debug_shadow.obj
 0002:000148d0       ?ValidateGrowSize@?$CUtlMemory@PAVCShaderParam@DEBUG_SHADOW@@H@@IAEXXZ 1007d8d0 f i debug_shadow.obj
 0002:00014910       ?IsReadOnly@?$CUtlMemory@PAVCShaderParam@DEBUG_SHADOW@@H@@QBE_NXZ 1007d910 f i debug_shadow.obj
 0002:00014960       ??$MemAllocClassName@V?$CUtlMemory@PAVCShaderParam@DEBUG_SHADOW@@H@@@@YAPBDPAV?$CUtlMemory@PAVCShaderParam@DEBUG_SHADOW@@H@@@Z 1007d960 f i debug_shadow.obj
 0002:000149e0       ??0CShader@DEBUG_SHADOW@@QAE@XZ 1007d9e0 f i debug_shadow.obj
 0002:00014a40       ?OnInitShaderParams@CShader@DEBUG_SHADOW@@UAEXPAPAVIMaterialVar@@PBD@Z 1007da40 f i debug_shadow.obj
 0002:00014a80       ?GetName@CShader@DEBUG_SHADOW@@UBEPBDXZ 1007da80 f i debug_shadow.obj
 0002:00014ac0       ?GetFlags@CShader@DEBUG_SHADOW@@UBEHXZ 1007dac0 f i debug_shadow.obj
 0002:00014b00       ?GetParamCount@CShader@DEBUG_SHADOW@@UBEHXZ 1007db00 f i debug_shadow.obj
 0002:00014b60       ?GetParamInfo@CShader@DEBUG_SHADOW@@UBEABUShaderParamInfo_t@@H@Z 1007db60 f i debug_shadow.obj
 0002:00014c00       ?GetInfo@CShaderParam@DEBUG_SHADOW@@QBEABUShaderParamInfo_t@@XZ 1007dc00 f i debug_shadow.obj
 0002:00014c40       ?OnInitShaderInstance@CShader@DEBUG_SHADOW@@UAEXPAPAVIMaterialVar@@PAVIShaderInit@@PBD@Z 1007dc40 f i debug_shadow.obj
 0002:00014c80       ?GetFallbackShader@CShader@DEBUG_SHADOW@@UBEPBDPAPAVIMaterialVar@@@Z 1007dc80 f i debug_shadow.obj
 0002:00014cc0       ?OnDrawElements@CShader@DEBUG_SHADOW@@UAEXPAPAVIMaterialVar@@PAVIShaderShadow@@PAVIShaderDynamicAPI@@W4VertexCompressionType_t@@PAPAVCBasePerMaterialContextData@@@Z 1007dcc0 f i debug_shadow.obj
 0002:000152d0       ?GetTexture_ShadowDepth_Ortho@CDeferredExtension@@QAEPAVITexture@@ABH@Z 1007e2d0 f i debug_shadow.obj
 0002:00015410       ?CommitGlobalLightForward@@YAXPAVIShaderDynamicAPI@@H@Z 1007e410 f i debug_shadow.obj
 0002:00015500       ??0Vector4D@@QAE@ABV0@@Z   1007e500 f i debug_shadow.obj
 0002:00015670       ?GetLightData_Global@CDeferredExtension@@QAEABUlightData_Global_t@@XZ 1007e670 f i debug_shadow.obj
 0002:000156b0       ?CommitShadowProjectionConstants_Ortho_Composite@@YAXPAVIShaderDynamicAPI@@HH@Z 1007e6b0 f i debug_shadow.obj
 0002:00015940       ?Base@Vector4D@@QBEPBMXZ   1007e940 f i debug_shadow.obj
 0002:00015980       ?Base@VMatrix@@QBEPBMXZ    1007e980 f i debug_shadow.obj
 0002:000159c0       ?GetShadowData_Ortho@CDeferredExtension@@QAEABUshadowData_ortho_t@@ABH@Z 1007e9c0 f i debug_shadow.obj
 0002:00015b00       ?MakeShadowProjectionConstants@@YAXPAM0HH@Z 1007eb00 f i debug_shadow.obj
 0002:00015b90       ??0debug_shadow_ortho_ps30_Static_Index@@QAE@PAVIShaderShadow@@PAPAVIMaterialVar@@@Z 1007eb90 f i debug_shadow.obj
 0002:00015bd0       ?GetIndex@debug_shadow_ortho_ps30_Static_Index@@QAEHXZ 1007ebd0 f i debug_shadow.obj
 0002:00015c10       ??0debug_shadow_ortho_ps30_Dynamic_Index@@QAE@PAVIShaderDynamicAPI@@@Z 1007ec10 f i debug_shadow.obj
 0002:00015c50       ?GetIndex@debug_shadow_ortho_ps30_Dynamic_Index@@QAEHXZ 1007ec50 f i debug_shadow.obj
 0002:00015c90       ??A?$CUtlVector@PAVCShaderParam@DEBUG_SHADOW@@V?$CUtlMemory@PAVCShaderParam@DEBUG_SHADOW@@H@@@@QAEAAPAVCShaderParam@DEBUG_SHADOW@@H@Z 1007ec90 f i debug_shadow.obj
 0002:00015dc0       ?Count@?$CUtlVector@PAVCShaderParam@DEBUG_SHADOW@@V?$CUtlMemory@PAVCShaderParam@DEBUG_SHADOW@@H@@@@QBEHXZ 1007edc0 f i debug_shadow.obj
 0002:00015e00       ??A?$CUtlMemory@PAVCShaderParam@DEBUG_SHADOW@@H@@QAEAAPAVCShaderParam@DEBUG_SHADOW@@H@Z 1007ee00 f i debug_shadow.obj
 0002:00016000       ?IsIdxValid@?$CUtlMemory@PAVCShaderParam@DEBUG_SHADOW@@H@@QBE_NH@Z 1007f000 f i debug_shadow.obj
 0002:00016080       ??1?$CUtlVector@PAVCShaderParam@DEBUG_SHADOW@@V?$CUtlMemory@PAVCShaderParam@DEBUG_SHADOW@@H@@@@QAE@XZ 1007f080 f i debug_shadow.obj
 0002:000160e0       ?Purge@?$CUtlVector@PAVCShaderParam@DEBUG_SHADOW@@V?$CUtlMemory@PAVCShaderParam@DEBUG_SHADOW@@H@@@@QAEXXZ 1007f0e0 f i debug_shadow.obj
 0002:00016150       ??1?$CUtlMemory@PAVCShaderParam@DEBUG_SHADOW@@H@@QAE@XZ 1007f150 f i debug_shadow.obj
 0002:000161a0       ?RemoveAll@?$CUtlVector@PAVCShaderParam@DEBUG_SHADOW@@V?$CUtlMemory@PAVCShaderParam@DEBUG_SHADOW@@H@@@@QAEXXZ 1007f1a0 f i debug_shadow.obj
 0002:00016230       ?Element@?$CUtlVector@PAVCShaderParam@DEBUG_SHADOW@@V?$CUtlMemory@PAVCShaderParam@DEBUG_SHADOW@@H@@@@QAEAAPAVCShaderParam@DEBUG_SHADOW@@H@Z 1007f230 f i debug_shadow.obj
 0002:00016360       ?Purge@?$CUtlMemory@PAVCShaderParam@DEBUG_SHADOW@@H@@QAEXXZ 1007f360 f i debug_shadow.obj
 0002:00016410       ?IsExternallyAllocated@?$CUtlMemory@PAVCShaderParam@DEBUG_SHADOW@@H@@QBE_NXZ 1007f410 f i debug_shadow.obj
 0002:00016460       ??$Destruct@PAVCShaderParam@DEBUG_SHADOW@@@@YAXPAPAVCShaderParam@DEBUG_SHADOW@@@Z 1007f460 f i debug_shadow.obj
 0002:000164c0       ??0?$CUtlVector@PAVCShaderParam@DEFERRED_BRUSH@@V?$CUtlMemory@PAVCShaderParam@DEFERRED_BRUSH@@H@@@@QAE@HH@Z 1007f4c0 f i deferred_brush.obj
 0002:00016540       ?ResetDbgInfo@?$CUtlVector@PAVCShaderParam@DEFERRED_BRUSH@@V?$CUtlMemory@PAVCShaderParam@DEFERRED_BRUSH@@H@@@@IAEXXZ 1007f540 f i deferred_brush.obj
 0002:000165a0       ?Base@?$CUtlVector@PAVCShaderParam@DEFERRED_BRUSH@@V?$CUtlMemory@PAVCShaderParam@DEFERRED_BRUSH@@H@@@@QAEPAPAVCShaderParam@DEFERRED_BRUSH@@XZ 1007f5a0 f i deferred_brush.obj
 0002:000165f0       ??0?$CUtlMemory@PAVCShaderParam@DEFERRED_BRUSH@@H@@QAE@HH@Z 1007f5f0 f i deferred_brush.obj
 0002:000167e0       ?Base@?$CUtlMemory@PAVCShaderParam@DEFERRED_BRUSH@@H@@QAEPAPAVCShaderParam@DEFERRED_BRUSH@@XZ 1007f7e0 f i deferred_brush.obj
 0002:00016900       ?ValidateGrowSize@?$CUtlMemory@PAVCShaderParam@DEFERRED_BRUSH@@H@@IAEXXZ 1007f900 f i deferred_brush.obj
 0002:00016940       ?IsReadOnly@?$CUtlMemory@PAVCShaderParam@DEFERRED_BRUSH@@H@@QBE_NXZ 1007f940 f i deferred_brush.obj
 0002:00016990       ??$MemAllocClassName@V?$CUtlMemory@PAVCShaderParam@DEFERRED_BRUSH@@H@@@@YAPBDPAV?$CUtlMemory@PAVCShaderParam@DEFERRED_BRUSH@@H@@@Z 1007f990 f i deferred_brush.obj
 0002:00016a10       ??0CShaderParam@DEFERRED_BRUSH@@QAE@PBDW4ShaderParamType_t@@00H@Z 1007fa10 f i deferred_brush.obj
 0002:00016ad0       ?Count@?$CUtlVector@PAVCShaderParam@DEFERRED_BRUSH@@V?$CUtlMemory@PAVCShaderParam@DEFERRED_BRUSH@@H@@@@QBEHXZ 1007fad0 f i deferred_brush.obj
 0002:00016b10       ?AddToTail@?$CUtlVector@PAVCShaderParam@DEFERRED_BRUSH@@V?$CUtlMemory@PAVCShaderParam@DEFERRED_BRUSH@@H@@@@QAEHABQAVCShaderParam@DEFERRED_BRUSH@@@Z 1007fb10 f i deferred_brush.obj
 0002:00016c80       ?InsertBefore@?$CUtlVector@PAVCShaderParam@DEFERRED_BRUSH@@V?$CUtlMemory@PAVCShaderParam@DEFERRED_BRUSH@@H@@@@QAEHHABQAVCShaderParam@DEFERRED_BRUSH@@@Z 1007fc80 f i deferred_brush.obj
 0002:00016f00       ?Element@?$CUtlVector@PAVCShaderParam@DEFERRED_BRUSH@@V?$CUtlMemory@PAVCShaderParam@DEFERRED_BRUSH@@H@@@@QAEAAPAVCShaderParam@DEFERRED_BRUSH@@H@Z 1007ff00 f i deferred_brush.obj
 0002:00017030       ??A?$CUtlMemory@PAVCShaderParam@DEFERRED_BRUSH@@H@@QAEAAPAVCShaderParam@DEFERRED_BRUSH@@H@Z 10080030 f i deferred_brush.obj
 0002:00017230       ?IsValidIndex@?$CUtlVector@PAVCShaderParam@DEFERRED_BRUSH@@V?$CUtlMemory@PAVCShaderParam@DEFERRED_BRUSH@@H@@@@QBE_NH@Z 10080230 f i deferred_brush.obj
 0002:000172a0       ?GrowVector@?$CUtlVector@PAVCShaderParam@DEFERRED_BRUSH@@V?$CUtlMemory@PAVCShaderParam@DEFERRED_BRUSH@@H@@@@IAEXH@Z 100802a0 f i deferred_brush.obj
 0002:000173c0       ?ShiftElementsRight@?$CUtlVector@PAVCShaderParam@DEFERRED_BRUSH@@V?$CUtlMemory@PAVCShaderParam@DEFERRED_BRUSH@@H@@@@IAEXHH@Z 100803c0 f i deferred_brush.obj
 0002:00017560       ??$CopyConstruct@PAVCShaderParam@DEFERRED_BRUSH@@@@YAPAPAVCShaderParam@DEFERRED_BRUSH@@PAPAV01@ABQAV01@@Z 10080560 f i deferred_brush.obj
 0002:00017600       ?IsIdxValid@?$CUtlMemory@PAVCShaderParam@DEFERRED_BRUSH@@H@@QBE_NH@Z 10080600 f i deferred_brush.obj
 0002:00017680       ?NumAllocated@?$CUtlMemory@PAVCShaderParam@DEFERRED_BRUSH@@H@@QBEHXZ 10080680 f i deferred_brush.obj
 0002:000176c0       ?Grow@?$CUtlMemory@PAVCShaderParam@DEFERRED_BRUSH@@H@@QAEXH@Z 100806c0 f i deferred_brush.obj
 0002:00017d30       ?IsExternallyAllocated@?$CUtlMemory@PAVCShaderParam@DEFERRED_BRUSH@@H@@QBE_NXZ 10080d30 f i deferred_brush.obj
 0002:00017d80       ??$MemAllocClassName@V?$CUtlVector@PAVCShaderParam@DEFERRED_BRUSH@@V?$CUtlMemory@PAVCShaderParam@DEFERRED_BRUSH@@H@@@@@@YAPBDPAV?$CUtlVector@PAVCShaderParam@DEFERRED_BRUSH@@V?$CUtlMemory@PAVCShaderParam@DEFERRED_BRUSH@@H@@@@@Z 10080d80 f i deferred_brush.obj
 0002:00017e00       ??0CShader@DEFERRED_BRUSH@@QAE@XZ 10080e00 f i deferred_brush.obj
 0002:00017e60       ?OnInitShaderParams@CShader@DEFERRED_BRUSH@@UAEXPAPAVIMaterialVar@@PBD@Z 10080e60 f i deferred_brush.obj
 0002:00018070       ?CShader_SetFlags2@@YAXPAPAVIMaterialVar@@W4MaterialVarFlags2_t@@@Z 10081070 f i deferred_brush.obj
 0002:000180f0       ??0defParms_gBuffer@@QAE@XZ 100810f0 f i deferred_brush.obj
 0002:00018160       ??0defParms_shadow@@QAE@XZ 10081160 f i deferred_brush.obj
 0002:000181d0       ??0defParms_composite@@QAE@XZ 100811d0 f i deferred_brush.obj
 0002:00018240       ??BCShaderParam@DEFERRED_BRUSH@@QAEHXZ 10081240 f i deferred_brush.obj
 0002:00018280       ?SetupParmsGBuffer@CShader@DEFERRED_BRUSH@@QAEXAAUdefParms_gBuffer@@@Z 10081280 f i deferred_brush.obj
 0002:00018430       ?SetupParmsShadow@CShader@DEFERRED_BRUSH@@QAEXAAUdefParms_shadow@@@Z 10081430 f i deferred_brush.obj
 0002:000184f0       ?SetupParmsComposite@CShader@DEFERRED_BRUSH@@QAEXAAUdefParms_composite@@@Z 100814f0 f i deferred_brush.obj
 0002:00018730       ?DrawToGBuffer@CShader@DEFERRED_BRUSH@@QAE_NPAPAVIMaterialVar@@@Z 10081730 f i deferred_brush.obj
 0002:000187e0       ?CShader_IsFlagSet@@YA_NPAPAVIMaterialVar@@W4MaterialVarFlags_t@@@Z 100817e0 f i deferred_brush.obj
 0002:00018840       ?GetName@CShader@DEFERRED_BRUSH@@UBEPBDXZ 10081840 f i deferred_brush.obj
 0002:00018880       ?GetFlags@CShader@DEFERRED_BRUSH@@UBEHXZ 10081880 f i deferred_brush.obj
 0002:000188c0       ?GetParamCount@CShader@DEFERRED_BRUSH@@UBEHXZ 100818c0 f i deferred_brush.obj
 0002:00018920       ?GetParamInfo@CShader@DEFERRED_BRUSH@@UBEABUShaderParamInfo_t@@H@Z 10081920 f i deferred_brush.obj
 0002:000189c0       ?GetInfo@CShaderParam@DEFERRED_BRUSH@@QBEABUShaderParamInfo_t@@XZ 100819c0 f i deferred_brush.obj
 0002:00018a00       ?OnInitShaderInstance@CShader@DEFERRED_BRUSH@@UAEXPAPAVIMaterialVar@@PAVIShaderInit@@PBD@Z 10081a00 f i deferred_brush.obj
 0002:00018ba0       ?GetFallbackShader@CShader@DEFERRED_BRUSH@@UBEPBDPAPAVIMaterialVar@@@Z 10081ba0 f i deferred_brush.obj
 0002:00018ce0       ?OnDrawElements@CShader@DEFERRED_BRUSH@@UAEXPAPAVIMaterialVar@@PAVIShaderShadow@@PAVIShaderDynamicAPI@@W4VertexCompressionType_t@@PAPAVCBasePerMaterialContextData@@@Z 10081ce0 f i deferred_brush.obj
 0002:000190d0       ?SkipPass@CBaseVSShader@@QAEXXZ 100820d0 f i deferred_brush.obj
 0002:00019130       ??0CDeferredPerMaterialContextData@@QAE@XZ 10082130 f i deferred_brush.obj
 0002:000191b0       ??0CBasePerMaterialContextData@@QAE@XZ 100821b0 f i deferred_brush.obj
 0002:00019210       ??_GCBasePerMaterialContextData@@UAEPAXI@Z 10082210 f i deferred_brush.obj
 0002:00019210       ??_ECBasePerMaterialContextData@@UAEPAXI@Z 10082210 f i deferred_brush.obj
 0002:00019280       ??1CBasePerMaterialContextData@@UAE@XZ 10082280 f i deferred_brush.obj
 0002:000192c0       ??_GCDeferredPerMaterialContextData@@UAEPAXI@Z 100822c0 f i deferred_brush.obj
 0002:000192c0       ??_ECDeferredPerMaterialContextData@@UAEPAXI@Z 100822c0 f i deferred_brush.obj
 0002:00019330       ??1CDeferredPerMaterialContextData@@UAE@XZ 10082330 f i deferred_brush.obj
 0002:00019410       ??A?$CUtlVector@PAVCShaderParam@DEFERRED_BRUSH@@V?$CUtlMemory@PAVCShaderParam@DEFERRED_BRUSH@@H@@@@QAEAAPAVCShaderParam@DEFERRED_BRUSH@@H@Z 10082410 f i deferred_brush.obj
 0002:00019540       ??1?$CUtlVector@PAVCShaderParam@DEFERRED_BRUSH@@V?$CUtlMemory@PAVCShaderParam@DEFERRED_BRUSH@@H@@@@QAE@XZ 10082540 f i deferred_brush.obj
 0002:000195a0       ?Purge@?$CUtlVector@PAVCShaderParam@DEFERRED_BRUSH@@V?$CUtlMemory@PAVCShaderParam@DEFERRED_BRUSH@@H@@@@QAEXXZ 100825a0 f i deferred_brush.obj
 0002:00019610       ??1?$CUtlMemory@PAVCShaderParam@DEFERRED_BRUSH@@H@@QAE@XZ 10082610 f i deferred_brush.obj
 0002:00019660       ?RemoveAll@?$CUtlVector@PAVCShaderParam@DEFERRED_BRUSH@@V?$CUtlMemory@PAVCShaderParam@DEFERRED_BRUSH@@H@@@@QAEXXZ 10082660 f i deferred_brush.obj
 0002:000196f0       ?Purge@?$CUtlMemory@PAVCShaderParam@DEFERRED_BRUSH@@H@@QAEXXZ 100826f0 f i deferred_brush.obj
 0002:000197a0       ??$Destruct@PAVCShaderParam@DEFERRED_BRUSH@@@@YAXPAPAVCShaderParam@DEFERRED_BRUSH@@@Z 100827a0 f i deferred_brush.obj
 0002:00019800       ??0?$CUtlVector@PAVCShaderParam@DEFERRED_MODEL@@V?$CUtlMemory@PAVCShaderParam@DEFERRED_MODEL@@H@@@@QAE@HH@Z 10082800 f i deferred_model.obj
 0002:00019880       ?ResetDbgInfo@?$CUtlVector@PAVCShaderParam@DEFERRED_MODEL@@V?$CUtlMemory@PAVCShaderParam@DEFERRED_MODEL@@H@@@@IAEXXZ 10082880 f i deferred_model.obj
 0002:000198e0       ?Base@?$CUtlVector@PAVCShaderParam@DEFERRED_MODEL@@V?$CUtlMemory@PAVCShaderParam@DEFERRED_MODEL@@H@@@@QAEPAPAVCShaderParam@DEFERRED_MODEL@@XZ 100828e0 f i deferred_model.obj
 0002:00019930       ??0?$CUtlMemory@PAVCShaderParam@DEFERRED_MODEL@@H@@QAE@HH@Z 10082930 f i deferred_model.obj
 0002:00019b20       ?Base@?$CUtlMemory@PAVCShaderParam@DEFERRED_MODEL@@H@@QAEPAPAVCShaderParam@DEFERRED_MODEL@@XZ 10082b20 f i deferred_model.obj
 0002:00019c40       ?ValidateGrowSize@?$CUtlMemory@PAVCShaderParam@DEFERRED_MODEL@@H@@IAEXXZ 10082c40 f i deferred_model.obj
 0002:00019c80       ?IsReadOnly@?$CUtlMemory@PAVCShaderParam@DEFERRED_MODEL@@H@@QBE_NXZ 10082c80 f i deferred_model.obj
 0002:00019cd0       ??$MemAllocClassName@V?$CUtlMemory@PAVCShaderParam@DEFERRED_MODEL@@H@@@@YAPBDPAV?$CUtlMemory@PAVCShaderParam@DEFERRED_MODEL@@H@@@Z 10082cd0 f i deferred_model.obj
 0002:00019d50       ??0CShaderParam@DEFERRED_MODEL@@QAE@PBDW4ShaderParamType_t@@00H@Z 10082d50 f i deferred_model.obj
 0002:00019e10       ?Count@?$CUtlVector@PAVCShaderParam@DEFERRED_MODEL@@V?$CUtlMemory@PAVCShaderParam@DEFERRED_MODEL@@H@@@@QBEHXZ 10082e10 f i deferred_model.obj
 0002:00019e50       ?AddToTail@?$CUtlVector@PAVCShaderParam@DEFERRED_MODEL@@V?$CUtlMemory@PAVCShaderParam@DEFERRED_MODEL@@H@@@@QAEHABQAVCShaderParam@DEFERRED_MODEL@@@Z 10082e50 f i deferred_model.obj
 0002:00019fc0       ?InsertBefore@?$CUtlVector@PAVCShaderParam@DEFERRED_MODEL@@V?$CUtlMemory@PAVCShaderParam@DEFERRED_MODEL@@H@@@@QAEHHABQAVCShaderParam@DEFERRED_MODEL@@@Z 10082fc0 f i deferred_model.obj
 0002:0001a240       ?Element@?$CUtlVector@PAVCShaderParam@DEFERRED_MODEL@@V?$CUtlMemory@PAVCShaderParam@DEFERRED_MODEL@@H@@@@QAEAAPAVCShaderParam@DEFERRED_MODEL@@H@Z 10083240 f i deferred_model.obj
 0002:0001a370       ??A?$CUtlMemory@PAVCShaderParam@DEFERRED_MODEL@@H@@QAEAAPAVCShaderParam@DEFERRED_MODEL@@H@Z 10083370 f i deferred_model.obj
 0002:0001a570       ?IsValidIndex@?$CUtlVector@PAVCShaderParam@DEFERRED_MODEL@@V?$CUtlMemory@PAVCShaderParam@DEFERRED_MODEL@@H@@@@QBE_NH@Z 10083570 f i deferred_model.obj
 0002:0001a5e0       ?GrowVector@?$CUtlVector@PAVCShaderParam@DEFERRED_MODEL@@V?$CUtlMemory@PAVCShaderParam@DEFERRED_MODEL@@H@@@@IAEXH@Z 100835e0 f i deferred_model.obj
 0002:0001a700       ?ShiftElementsRight@?$CUtlVector@PAVCShaderParam@DEFERRED_MODEL@@V?$CUtlMemory@PAVCShaderParam@DEFERRED_MODEL@@H@@@@IAEXHH@Z 10083700 f i deferred_model.obj
 0002:0001a8a0       ??$CopyConstruct@PAVCShaderParam@DEFERRED_MODEL@@@@YAPAPAVCShaderParam@DEFERRED_MODEL@@PAPAV01@ABQAV01@@Z 100838a0 f i deferred_model.obj
 0002:0001a940       ?IsIdxValid@?$CUtlMemory@PAVCShaderParam@DEFERRED_MODEL@@H@@QBE_NH@Z 10083940 f i deferred_model.obj
 0002:0001a9c0       ?NumAllocated@?$CUtlMemory@PAVCShaderParam@DEFERRED_MODEL@@H@@QBEHXZ 100839c0 f i deferred_model.obj
 0002:0001aa00       ?Grow@?$CUtlMemory@PAVCShaderParam@DEFERRED_MODEL@@H@@QAEXH@Z 10083a00 f i deferred_model.obj
 0002:0001b070       ?IsExternallyAllocated@?$CUtlMemory@PAVCShaderParam@DEFERRED_MODEL@@H@@QBE_NXZ 10084070 f i deferred_model.obj
 0002:0001b0c0       ??$MemAllocClassName@V?$CUtlVector@PAVCShaderParam@DEFERRED_MODEL@@V?$CUtlMemory@PAVCShaderParam@DEFERRED_MODEL@@H@@@@@@YAPBDPAV?$CUtlVector@PAVCShaderParam@DEFERRED_MODEL@@V?$CUtlMemory@PAVCShaderParam@DEFERRED_MODEL@@H@@@@@Z 100840c0 f i deferred_model.obj
 0002:0001b140       ??0CShader@DEFERRED_MODEL@@QAE@XZ 10084140 f i deferred_model.obj
 0002:0001b1a0       ?OnInitShaderParams@CShader@DEFERRED_MODEL@@UAEXPAPAVIMaterialVar@@PBD@Z 100841a0 f i deferred_model.obj
 0002:0001b390       ?SetupParmsGBuffer@CShader@DEFERRED_MODEL@@QAEXAAUdefParms_gBuffer@@@Z 10084390 f i deferred_model.obj
 0002:0001b450       ??BCShaderParam@DEFERRED_MODEL@@QAEHXZ 10084450 f i deferred_model.obj
 0002:0001b490       ?SetupParmsShadow@CShader@DEFERRED_MODEL@@QAEXAAUdefParms_shadow@@@Z 10084490 f i deferred_model.obj
 0002:0001b500       ?SetupParmsComposite@CShader@DEFERRED_MODEL@@QAEXAAUdefParms_composite@@@Z 10084500 f i deferred_model.obj
 0002:0001b6e0       ?DrawToGBuffer@CShader@DEFERRED_MODEL@@QAE_NPAPAVIMaterialVar@@@Z 100846e0 f i deferred_model.obj
 0002:0001b790       ?GetName@CShader@DEFERRED_MODEL@@UBEPBDXZ 10084790 f i deferred_model.obj
 0002:0001b7d0       ?GetFlags@CShader@DEFERRED_MODEL@@UBEHXZ 100847d0 f i deferred_model.obj
 0002:0001b810       ?GetParamCount@CShader@DEFERRED_MODEL@@UBEHXZ 10084810 f i deferred_model.obj
 0002:0001b870       ?GetParamInfo@CShader@DEFERRED_MODEL@@UBEABUShaderParamInfo_t@@H@Z 10084870 f i deferred_model.obj
 0002:0001b910       ?GetInfo@CShaderParam@DEFERRED_MODEL@@QBEABUShaderParamInfo_t@@XZ 10084910 f i deferred_model.obj
 0002:0001b950       ?OnInitShaderInstance@CShader@DEFERRED_MODEL@@UAEXPAPAVIMaterialVar@@PAVIShaderInit@@PBD@Z 10084950 f i deferred_model.obj
 0002:0001baf0       ?GetFallbackShader@CShader@DEFERRED_MODEL@@UBEPBDPAPAVIMaterialVar@@@Z 10084af0 f i deferred_model.obj
 0002:0001bbb0       ?OnDrawElements@CShader@DEFERRED_MODEL@@UAEXPAPAVIMaterialVar@@PAVIShaderShadow@@PAVIShaderDynamicAPI@@W4VertexCompressionType_t@@PAPAVCBasePerMaterialContextData@@@Z 10084bb0 f i deferred_model.obj
 0002:0001bfa0       ??A?$CUtlVector@PAVCShaderParam@DEFERRED_MODEL@@V?$CUtlMemory@PAVCShaderParam@DEFERRED_MODEL@@H@@@@QAEAAPAVCShaderParam@DEFERRED_MODEL@@H@Z 10084fa0 f i deferred_model.obj
 0002:0001c0d0       ??1?$CUtlVector@PAVCShaderParam@DEFERRED_MODEL@@V?$CUtlMemory@PAVCShaderParam@DEFERRED_MODEL@@H@@@@QAE@XZ 100850d0 f i deferred_model.obj
 0002:0001c130       ?Purge@?$CUtlVector@PAVCShaderParam@DEFERRED_MODEL@@V?$CUtlMemory@PAVCShaderParam@DEFERRED_MODEL@@H@@@@QAEXXZ 10085130 f i deferred_model.obj
 0002:0001c1a0       ??1?$CUtlMemory@PAVCShaderParam@DEFERRED_MODEL@@H@@QAE@XZ 100851a0 f i deferred_model.obj
 0002:0001c1f0       ?RemoveAll@?$CUtlVector@PAVCShaderParam@DEFERRED_MODEL@@V?$CUtlMemory@PAVCShaderParam@DEFERRED_MODEL@@H@@@@QAEXXZ 100851f0 f i deferred_model.obj
 0002:0001c280       ?Purge@?$CUtlMemory@PAVCShaderParam@DEFERRED_MODEL@@H@@QAEXXZ 10085280 f i deferred_model.obj
 0002:0001c330       ??$Destruct@PAVCShaderParam@DEFERRED_MODEL@@@@YAXPAPAVCShaderParam@DEFERRED_MODEL@@@Z 10085330 f i deferred_model.obj
 0002:0001c390       ?GetTexcoordSettings@@YAX_N0AAHPAPAH@Z 10085390 f   deferred_utility.obj
 0002:0001c420       ?InitParmsComposite@@YAXABUdefParms_composite@@PAVCBaseVSShader@@PAPAVIMaterialVar@@@Z 10085420 f   defpass_composite.obj
 0002:0001cc30       ?InitPassComposite@@YAXABUdefParms_composite@@PAVCBaseVSShader@@PAPAVIMaterialVar@@@Z 10085c30 f   defpass_composite.obj
 0002:0001cff0       ?DrawPassComposite@@YAXABUdefParms_composite@@PAVCBaseVSShader@@PAPAVIMaterialVar@@PAVIShaderShadow@@PAVIShaderDynamicAPI@@W4VertexCompressionType_t@@PAVCDeferredPerMaterialContextData@@@Z 10085ff0 f   defpass_composite.obj
 0002:000205b0       ?GetBool@ConVar@@QBE_NXZ   100895b0 f i defpass_composite.obj
 0002:00020610       ?IsTexture@IMaterialVar@@QBE_NXZ 10089610 f i defpass_composite.obj
 0002:00020660       ?GetVecValue@IMaterialVar@@QBEPBMXZ 10089660 f i defpass_composite.obj
 0002:000206b0       ?GetVecValueFast@IMaterialVar@@QBEPBMXZ 100896b0 f i defpass_composite.obj
 0002:00020710       ?GetTexture_LightAccum@CDeferredExtension@@QAEPAVITexture@@XZ 10089710 f i defpass_composite.obj
 0002:00020750       ?SetCommands@CDeferredPerMaterialContextData@@QAEXW4DefStage_t@1@PAE@Z 10089750 f i defpass_composite.obj
 0002:00020980       ?GetCommands@CDeferredPerMaterialContextData@@QAEPAEW4DefStage_t@1@@Z 10089980 f i defpass_composite.obj
 0002:00020aa0       ?HasCommands@CDeferredPerMaterialContextData@@QAE_NW4DefStage_t@1@@Z 10089aa0 f i defpass_composite.obj
 0002:00020b00       ?SetMODEL@composite_vs30_Static_Index@@QAEX_N@Z 10089b00 f i defpass_composite.obj
 0002:00020b60       ?SetDECAL@composite_vs30_Static_Index@@QAEX_N@Z 10089b60 f i defpass_composite.obj
 0002:00020bc0       ?SetMORPHING_VTEX@composite_vs30_Static_Index@@QAEX_N@Z 10089bc0 f i defpass_composite.obj
 0002:00020c20       ?SetEYEVEC@composite_vs30_Static_Index@@QAEX_N@Z 10089c20 f i defpass_composite.obj
 0002:00020c80       ?SetBASETEXTURE2@composite_vs30_Static_Index@@QAEX_N@Z 10089c80 f i defpass_composite.obj
 0002:00020ce0       ?SetBLENDMODULATE@composite_vs30_Static_Index@@QAEX_N@Z 10089ce0 f i defpass_composite.obj
 0002:00020d40       ?SetMULTIBLEND@composite_vs30_Static_Index@@QAEX_N@Z 10089d40 f i defpass_composite.obj
 0002:00020da0       ??0composite_vs30_Static_Index@@QAE@PAVIShaderShadow@@PAPAVIMaterialVar@@@Z 10089da0 f i defpass_composite.obj
 0002:00020e70       ?GetIndex@composite_vs30_Static_Index@@QAEHXZ 10089e70 f i defpass_composite.obj
 0002:00021060       ?SetCOMPRESSED_VERTS@composite_vs30_Dynamic_Index@@QAEXH@Z 1008a060 f i defpass_composite.obj
 0002:00021190       ?SetSKINNING@composite_vs30_Dynamic_Index@@QAEXH@Z 1008a190 f i defpass_composite.obj
 0002:000212c0       ?SetMORPHING@composite_vs30_Dynamic_Index@@QAEXH@Z 1008a2c0 f i defpass_composite.obj
 0002:000213f0       ??0composite_vs30_Dynamic_Index@@QAE@PAVIShaderDynamicAPI@@@Z 1008a3f0 f i defpass_composite.obj
 0002:00021470       ?GetIndex@composite_vs30_Dynamic_Index@@QAEHXZ 1008a470 f i defpass_composite.obj
 0002:000215f0       ?SetALPHATEST@composite_ps30_Static_Index@@QAEX_N@Z 1008a5f0 f i defpass_composite.obj
 0002:00021650       ?SetTRANSLUCENT@composite_ps30_Static_Index@@QAEX_N@Z 1008a650 f i defpass_composite.obj
 0002:000216b0       ?SetREADNORMAL@composite_ps30_Static_Index@@QAEX_N@Z 1008a6b0 f i defpass_composite.obj
 0002:00021710       ?SetNOCULL@composite_ps30_Static_Index@@QAEX_N@Z 1008a710 f i defpass_composite.obj
 0002:00021770       ?SetPHONGFRESNEL@composite_ps30_Static_Index@@QAEX_N@Z 1008a770 f i defpass_composite.obj
 0002:000217d0       ?SetENVMAP@composite_ps30_Static_Index@@QAEX_N@Z 1008a7d0 f i defpass_composite.obj
 0002:00021830       ?SetENVMAPMASK@composite_ps30_Static_Index@@QAEX_N@Z 1008a830 f i defpass_composite.obj
 0002:00021890       ?SetENVMAPFRESNEL@composite_ps30_Static_Index@@QAEX_N@Z 1008a890 f i defpass_composite.obj
 0002:000218f0       ?SetRIMLIGHT@composite_ps30_Static_Index@@QAEX_N@Z 1008a8f0 f i defpass_composite.obj
 0002:00021950       ?SetRIMLIGHTMODULATELIGHT@composite_ps30_Static_Index@@QAEX_N@Z 1008a950 f i defpass_composite.obj
 0002:000219b0       ?SetBASETEXTURE2@composite_ps30_Static_Index@@QAEX_N@Z 1008a9b0 f i defpass_composite.obj
 0002:00021a10       ?SetBLENDMODULATE@composite_ps30_Static_Index@@QAEX_N@Z 1008aa10 f i defpass_composite.obj
 0002:00021a70       ?SetMULTIBLEND@composite_ps30_Static_Index@@QAEX_N@Z 1008aa70 f i defpass_composite.obj
 0002:00021ad0       ?SetSELFILLUM@composite_ps30_Static_Index@@QAEX_N@Z 1008aad0 f i defpass_composite.obj
 0002:00021b30       ?SetSELFILLUM_MASK@composite_ps30_Static_Index@@QAEX_N@Z 1008ab30 f i defpass_composite.obj
 0002:00021b90       ?SetSELFILLUM_ENVMAP_ALPHA@composite_ps30_Static_Index@@QAEX_N@Z 1008ab90 f i defpass_composite.obj
 0002:00021bf0       ??0composite_ps30_Static_Index@@QAE@PAVIShaderShadow@@PAPAVIMaterialVar@@@Z 1008abf0 f i defpass_composite.obj
 0002:00021d80       ?GetIndex@composite_ps30_Static_Index@@QAEHXZ 1008ad80 f i defpass_composite.obj
 0002:00022080       ?SetPIXELFOGTYPE@composite_ps30_Dynamic_Index@@QAEXH@Z 1008b080 f i defpass_composite.obj
 0002:000221b0       ??0composite_ps30_Dynamic_Index@@QAE@PAVIShaderDynamicAPI@@@Z 1008b1b0 f i defpass_composite.obj
 0002:00022200       ?GetIndex@composite_ps30_Dynamic_Index@@QAEHXZ 1008b200 f i defpass_composite.obj
 0002:00022320       ?End@?$CCommandBufferBuilder@V?$CFixedCommandStorageBuffer@$0CAA@@@@@QAEXXZ 1008b320 f i defpass_composite.obj
 0002:00022380       ?SetPixelShaderConstant@?$CCommandBufferBuilder@V?$CFixedCommandStorageBuffer@$0CAA@@@@@QAEXHH@Z 1008b380 f i defpass_composite.obj
 0002:000223f0       ?SetPixelShaderConstant@?$CCommandBufferBuilder@V?$CFixedCommandStorageBuffer@$0CAA@@@@@QAEXHPBM@Z 1008b3f0 f i defpass_composite.obj
 0002:00022460       ?SetPixelShaderConstant1@?$CCommandBufferBuilder@V?$CFixedCommandStorageBuffer@$0CAA@@@@@QAEXHM@Z 1008b460 f i defpass_composite.obj
 0002:000224e0       ?SetVertexShaderTextureTransform@?$CCommandBufferBuilder@V?$CFixedCommandStorageBuffer@$0CAA@@@@@QAEXHH@Z 1008b4e0 f i defpass_composite.obj
 0002:00022700       ?SetPixelShaderFogParams@?$CCommandBufferBuilder@V?$CFixedCommandStorageBuffer@$0CAA@@@@@QAEXH@Z 1008b700 f i defpass_composite.obj
 0002:00022770       ?BindStandardTexture@?$CCommandBufferBuilder@V?$CFixedCommandStorageBuffer@$0CAA@@@@@QAEXW4Sampler_t@@W4StandardTextureId_t@@@Z 1008b770 f i defpass_composite.obj
 0002:000227f0       ?BindTexture@?$CCommandBufferBuilder@V?$CFixedCommandStorageBuffer@$0CAA@@@@@QAEXPAVCBaseVSShader@@W4Sampler_t@@H@Z 1008b7f0 f i defpass_composite.obj
 0002:00022860       ?Reset@?$CCommandBufferBuilder@V?$CFixedCommandStorageBuffer@$0CAA@@@@@QAEXXZ 1008b860 f i defpass_composite.obj
 0002:000228b0       ?Copy@?$CCommandBufferBuilder@V?$CFixedCommandStorageBuffer@$0CAA@@@@@QAEPAEXZ 1008b8b0 f i defpass_composite.obj
 0002:00022900       ?Param@?$CCommandBufferBuilder@V?$CFixedCommandStorageBuffer@$0CAA@@@@@QBEPAVIMaterialVar@@H@Z 1008b900 f i defpass_composite.obj
 0002:00022960       ?GetParam@CBaseVSShader@@SAPAVIMaterialVar@@H@Z 1008b960 f i defpass_composite.obj
 0002:000229a0       ?SetPixelShaderConstants@?$CCommandBufferBuilder@V?$CFixedCommandStorageBuffer@$0CAA@@@@@QAEXHH@Z 1008b9a0 f i defpass_composite.obj
 0002:00022a20       ?OutputConstantData@?$CCommandBufferBuilder@V?$CFixedCommandStorageBuffer@$0CAA@@@@@QAEXPBM@Z 1008ba20 f i defpass_composite.obj
 0002:00022ac0       ?SetPixelShaderConstant4@?$CCommandBufferBuilder@V?$CFixedCommandStorageBuffer@$0CAA@@@@@QAEXHMMMM@Z 1008bac0 f i defpass_composite.obj
 0002:00022b50       ?SetVertexShaderConstant@?$CCommandBufferBuilder@V?$CFixedCommandStorageBuffer@$0CAA@@@@@QAEXHPBMH@Z 1008bb50 f i defpass_composite.obj
 0002:00022be0       ?BindTexture@?$CCommandBufferBuilder@V?$CFixedCommandStorageBuffer@$0CAA@@@@@QAEXPAVCBaseVSShader@@W4Sampler_t@@HH@Z 1008bbe0 f i defpass_composite.obj
 0002:00022c60       ?PutInt@?$CFixedCommandStorageBuffer@$0CAA@@@QAEXH@Z 1008bc60 f i defpass_composite.obj
 0002:00022cc0       ?Reset@?$CFixedCommandStorageBuffer@$0CAA@@@QAEXXZ 1008bcc0 f i defpass_composite.obj
 0002:00022d20       ?Copy@?$CFixedCommandStorageBuffer@$0CAA@@@QAEPAEXZ 1008bd20 f i defpass_composite.obj
 0002:00022dc0       ?OutputConstantData4@?$CCommandBufferBuilder@V?$CFixedCommandStorageBuffer@$0CAA@@@@@QAEXMMMM@Z 1008bdc0 f i defpass_composite.obj
 0002:00022e60       ?BindTexture@?$CCommandBufferBuilder@V?$CFixedCommandStorageBuffer@$0CAA@@@@@QAEXW4Sampler_t@@H@Z 1008be60 f i defpass_composite.obj
 0002:00022ee0       ?PutFloat@?$CFixedCommandStorageBuffer@$0CAA@@@QAEXM@Z 1008bee0 f i defpass_composite.obj
 0002:00022f40       ?PutMemory@?$CFixedCommandStorageBuffer@$0CAA@@@QAEXPBXI@Z 1008bf40 f i defpass_composite.obj
 0002:00022fe0       ?Size@?$CFixedCommandStorageBuffer@$0CAA@@@QBEIXZ 1008bfe0 f i defpass_composite.obj
 0002:00023030       ?EnsureCapacity@?$CFixedCommandStorageBuffer@$0CAA@@@QAEXI@Z 1008c030 f i defpass_composite.obj
 0002:00023140       ??$Put@H@?$CFixedCommandStorageBuffer@$0CAA@@@QAEXABH@Z 1008c140 f i defpass_composite.obj
 0002:000231e0       ??$Put@M@?$CFixedCommandStorageBuffer@$0CAA@@@QAEXABM@Z 1008c1e0 f i defpass_composite.obj
 0002:00023280       ??0?$CCommandBufferBuilder@V?$CFixedCommandStorageBuffer@$0CAA@@@@@QAE@XZ 1008c280 f i defpass_composite.obj
 0002:000232e0       ??0?$CFixedCommandStorageBuffer@$0CAA@@@QAE@XZ 1008c2e0 f i defpass_composite.obj
 0002:00023340       ?InitParmsGBuffer@@YAXABUdefParms_gBuffer@@PAVCBaseVSShader@@PAPAVIMaterialVar@@@Z 1008c340 f   defpass_gbuffer.obj
 0002:00023550       ?InitPassGBuffer@@YAXABUdefParms_gBuffer@@PAVCBaseVSShader@@PAPAVIMaterialVar@@@Z 1008c550 f   defpass_gbuffer.obj
 0002:000238c0       ?DrawPassGBuffer@@YAXABUdefParms_gBuffer@@PAVCBaseVSShader@@PAPAVIMaterialVar@@PAVIShaderShadow@@PAVIShaderDynamicAPI@@W4VertexCompressionType_t@@PAVCDeferredPerMaterialContextData@@@Z 1008c8c0 f   defpass_gbuffer.obj
 0002:00025df0       ?GetForwardBase@CDeferredExtension@@QAEPAMXZ 1008edf0 f i defpass_gbuffer.obj
 0002:00025e50       ?GetZScale@CDeferredExtension@@QAEMXZ 1008ee50 f i defpass_gbuffer.obj
 0002:00025e90       ?SetMODEL@gbuffer_vs30_Static_Index@@QAEX_N@Z 1008ee90 f i defpass_gbuffer.obj
 0002:00025ef0       ?SetTANGENTSPACE@gbuffer_vs30_Static_Index@@QAEX_N@Z 1008eef0 f i defpass_gbuffer.obj
 0002:00025f50       ?SetMORPHING_VTEX@gbuffer_vs30_Static_Index@@QAEX_N@Z 1008ef50 f i defpass_gbuffer.obj
 0002:00025fb0       ?SetBUMPMAP2@gbuffer_vs30_Static_Index@@QAEX_N@Z 1008efb0 f i defpass_gbuffer.obj
 0002:00026010       ?SetBLENDMODULATE@gbuffer_vs30_Static_Index@@QAEX_N@Z 1008f010 f i defpass_gbuffer.obj
 0002:00026070       ?SetMULTIBLEND@gbuffer_vs30_Static_Index@@QAEX_N@Z 1008f070 f i defpass_gbuffer.obj
 0002:000260d0       ??0gbuffer_vs30_Static_Index@@QAE@PAVIShaderShadow@@PAPAVIMaterialVar@@@Z 1008f0d0 f i defpass_gbuffer.obj
 0002:00026190       ?GetIndex@gbuffer_vs30_Static_Index@@QAEHXZ 1008f190 f i defpass_gbuffer.obj
 0002:00026370       ?SetCOMPRESSED_VERTS@gbuffer_vs30_Dynamic_Index@@QAEXH@Z 1008f370 f i defpass_gbuffer.obj
 0002:000264a0       ?SetSKINNING@gbuffer_vs30_Dynamic_Index@@QAEXH@Z 1008f4a0 f i defpass_gbuffer.obj
 0002:000265d0       ?SetMORPHING@gbuffer_vs30_Dynamic_Index@@QAEXH@Z 1008f5d0 f i defpass_gbuffer.obj
 0002:00026700       ??0gbuffer_vs30_Dynamic_Index@@QAE@PAVIShaderDynamicAPI@@@Z 1008f700 f i defpass_gbuffer.obj
 0002:00026780       ?GetIndex@gbuffer_vs30_Dynamic_Index@@QAEHXZ 1008f780 f i defpass_gbuffer.obj
 0002:00026900       ?SetALPHATEST@gbuffer_ps30_Static_Index@@QAEX_N@Z 1008f900 f i defpass_gbuffer.obj
 0002:00026960       ?SetBUMPMAP@gbuffer_ps30_Static_Index@@QAEXH@Z 1008f960 f i defpass_gbuffer.obj
 0002:00026a80       ?SetNOCULL@gbuffer_ps30_Static_Index@@QAEX_N@Z 1008fa80 f i defpass_gbuffer.obj
 0002:00026ae0       ?SetPHONGMAP@gbuffer_ps30_Static_Index@@QAEX_N@Z 1008fae0 f i defpass_gbuffer.obj
 0002:00026b40       ?SetBUMPMAP2@gbuffer_ps30_Static_Index@@QAEX_N@Z 1008fb40 f i defpass_gbuffer.obj
 0002:00026ba0       ?SetBLENDMODULATE@gbuffer_ps30_Static_Index@@QAEX_N@Z 1008fba0 f i defpass_gbuffer.obj
 0002:00026c00       ?SetMULTIBLEND@gbuffer_ps30_Static_Index@@QAEX_N@Z 1008fc00 f i defpass_gbuffer.obj
 0002:00026c60       ??0gbuffer_ps30_Static_Index@@QAE@PAVIShaderShadow@@PAPAVIMaterialVar@@@Z 1008fc60 f i defpass_gbuffer.obj
 0002:00026d30       ?GetIndex@gbuffer_ps30_Static_Index@@QAEHXZ 1008fd30 f i defpass_gbuffer.obj
 0002:00026f20       ??0gbuffer_ps30_Dynamic_Index@@QAE@PAVIShaderDynamicAPI@@@Z 1008ff20 f i defpass_gbuffer.obj
 0002:00026f60       ?GetIndex@gbuffer_ps30_Dynamic_Index@@QAEHXZ 1008ff60 f i defpass_gbuffer.obj
 0002:00026fa0       ?PackLightingControls@@YAMHHH@Z 1008ffa0 f   defpass_gbuffer.obj
 0002:00027000       ?UnpackLightingControls@@YAXMAAM00@Z 10090000 f   defpass_gbuffer.obj
 0002:00027110       ?SetPixelShaderConstant2@?$CCommandBufferBuilder@V?$CFixedCommandStorageBuffer@$0CAA@@@@@QAEXHMM@Z 10090110 f i defpass_gbuffer.obj
 0002:000272c0       ?ArgC@CCommand@@QBEHXZ     100902c0 f i defpass_gbuffer.obj
 0002:00027300       ??ACCommand@@QBEPBDH@Z     10090300 f i defpass_gbuffer.obj
 0002:00027360       ?Arg@CCommand@@QBEPBDH@Z   10090360 f i defpass_gbuffer.obj
 0002:000274f0       ?InitParmsShadowPass@@YAXABUdefParms_shadow@@PAVCBaseVSShader@@PAPAVIMaterialVar@@@Z 100904f0 f   defpass_shadow.obj
 0002:000275f0       ?InitPassShadowPass@@YAXABUdefParms_shadow@@PAVCBaseVSShader@@PAPAVIMaterialVar@@@Z 100905f0 f   defpass_shadow.obj
 0002:000277a0       ?DrawPassShadowPass@@YAXABUdefParms_shadow@@PAVCBaseVSShader@@PAPAVIMaterialVar@@PAVIShaderShadow@@PAVIShaderDynamicAPI@@W4VertexCompressionType_t@@PAVCDeferredPerMaterialContextData@@@Z 100907a0 f   defpass_shadow.obj
 0002:00028f10       ?CommitShadowcastingConstants_Ortho@@YAXPAVIShaderDynamicAPI@@HHHH@Z 10091f10 f i defpass_shadow.obj
 0002:00029070       ??DVector4D@@QBE?AV0@M@Z   10092070 f i defpass_shadow.obj
 0002:00029130       ?Vector4DMultiply@@YAXABVVector4D@@MAAV1@@Z 10092130 f i defpass_shadow.obj
 0002:000292c0       ?CommitShadowcastingConstants_Proj@@YAXPAVIShaderDynamicAPI@@HHHH@Z 100922c0 f i defpass_shadow.obj
 0002:000293b0       ?GetShadowData_Proj@CDeferredExtension@@QAEABUshadowData_proj_t@@ABH@Z 100923b0 f i defpass_shadow.obj
 0002:00029500       ?CommitViewVertexShader@@YAXPAVIShaderDynamicAPI@@H@Z 10092500 f i defpass_shadow.obj
 0002:00029610       ?Identity@VMatrix@@QAEXXZ  10092610 f i defpass_shadow.obj
 0002:00029670       ?SetMODEL@shadowpass_vs30_Static_Index@@QAEX_N@Z 10092670 f i defpass_shadow.obj
 0002:000296d0       ?SetMORPHING_VTEX@shadowpass_vs30_Static_Index@@QAEX_N@Z 100926d0 f i defpass_shadow.obj
 0002:00029730       ?SetMULTITEXTURE@shadowpass_vs30_Static_Index@@QAEXH@Z 10092730 f i defpass_shadow.obj
 0002:00029850       ??0shadowpass_vs30_Static_Index@@QAE@PAVIShaderShadow@@PAPAVIMaterialVar@@@Z 10092850 f i defpass_shadow.obj
 0002:000298d0       ?GetIndex@shadowpass_vs30_Static_Index@@QAEHXZ 100928d0 f i defpass_shadow.obj
 0002:00029a50       ?SetCOMPRESSED_VERTS@shadowpass_vs30_Dynamic_Index@@QAEXH@Z 10092a50 f i defpass_shadow.obj
 0002:00029b70       ?SetSKINNING@shadowpass_vs30_Dynamic_Index@@QAEXH@Z 10092b70 f i defpass_shadow.obj
 0002:00029ca0       ?SetMORPHING@shadowpass_vs30_Dynamic_Index@@QAEXH@Z 10092ca0 f i defpass_shadow.obj
 0002:00029dd0       ?SetSHADOW_MODE@shadowpass_vs30_Dynamic_Index@@QAEXH@Z 10092dd0 f i defpass_shadow.obj
 0002:00029f00       ?SetRADIOSITY@shadowpass_vs30_Dynamic_Index@@QAEXH@Z 10092f00 f i defpass_shadow.obj
 0002:0002a030       ??0shadowpass_vs30_Dynamic_Index@@QAE@PAVIShaderDynamicAPI@@@Z 10093030 f i defpass_shadow.obj
 0002:0002a0e0       ?GetIndex@shadowpass_vs30_Dynamic_Index@@QAEHXZ 100930e0 f i defpass_shadow.obj
 0002:0002a290       ?SetALPHATEST@shadowpass_ps30_Static_Index@@QAEX_N@Z 10093290 f i defpass_shadow.obj
 0002:0002a2f0       ?SetMULTITEXTURE@shadowpass_ps30_Static_Index@@QAEXH@Z 100932f0 f i defpass_shadow.obj
 0002:0002a410       ??0shadowpass_ps30_Static_Index@@QAE@PAVIShaderShadow@@PAPAVIMaterialVar@@@Z 10093410 f i defpass_shadow.obj
 0002:0002a480       ?GetIndex@shadowpass_ps30_Static_Index@@QAEHXZ 10093480 f i defpass_shadow.obj
 0002:0002a5e0       ?SetSHADOW_MODE@shadowpass_ps30_Dynamic_Index@@QAEXH@Z 100935e0 f i defpass_shadow.obj
 0002:0002a700       ?SetRADIOSITY@shadowpass_ps30_Dynamic_Index@@QAEXH@Z 10093700 f i defpass_shadow.obj
 0002:0002a820       ??0shadowpass_ps30_Dynamic_Index@@QAE@PAVIShaderDynamicAPI@@@Z 10093820 f i defpass_shadow.obj
 0002:0002a890       ?GetIndex@shadowpass_ps30_Dynamic_Index@@QAEHXZ 10093890 f i defpass_shadow.obj
 0002:0002aa00       ??0CDeferredExtension@@QAE@XZ 10093a00 f   IDeferredExt.obj
 0002:0002ace0       ??0lightData_Global_t@@QAE@XZ 10093ce0 f i IDeferredExt.obj
 0002:0002ae20       ??0shadowData_general_t@@QAE@XZ 10093e20 f i IDeferredExt.obj
 0002:0002ae80       ??_GCDeferredExtension@@UAEPAXI@Z 10093e80 f i IDeferredExt.obj
 0002:0002ae80       ??_ECDeferredExtension@@UAEPAXI@Z 10093e80 f i IDeferredExt.obj
 0002:0002aef0       ??0IDeferredExtension@@QAE@XZ 10093ef0 f i IDeferredExt.obj
 0002:0002af50       ??0shadowData_ortho_t@@QAE@XZ 10093f50 f i IDeferredExt.obj
 0002:0002afd0       ??0shadowData_proj_t@@QAE@XZ 10093fd0 f i IDeferredExt.obj
 0002:0002b040       ??0radiosityData_t@@QAE@XZ 10094040 f i IDeferredExt.obj
 0002:0002b0a0       ??0Vector@@QAE@XZ          100940a0 f i IDeferredExt.obj
 0002:0002b0e0       ??_EIDeferredExtension@@UAEPAXI@Z 100940e0 f i IDeferredExt.obj
 0002:0002b0e0       ??_GIDeferredExtension@@UAEPAXI@Z 100940e0 f i IDeferredExt.obj
 0002:0002b150       ??1IDeferredExtension@@UAE@XZ 10094150 f i IDeferredExt.obj
 0002:0002b1a0       ??1IBaseInterface@@UAE@XZ  100941a0 f i IDeferredExt.obj
 0002:0002b1e0       ??_EIBaseInterface@@UAEPAXI@Z 100941e0 f i IDeferredExt.obj
 0002:0002b1e0       ??_GIBaseInterface@@UAEPAXI@Z 100941e0 f i IDeferredExt.obj
 0002:0002b250       ??0IBaseInterface@@QAE@XZ  10094250 f i IDeferredExt.obj
 0002:0002b2a0       ??1CDeferredExtension@@UAE@XZ 100942a0 f   IDeferredExt.obj
 0002:0002b300       ?EnableDeferredLighting@CDeferredExtension@@UAEXXZ 10094300 f   IDeferredExt.obj
 0002:0002b340       ?IsDeferredLightingEnabled@CDeferredExtension@@QAE_NXZ 10094340 f   IDeferredExt.obj
 0002:0002b380       ?CommitOrigin@CDeferredExtension@@UAEXABVVector@@@Z 10094380 f   IDeferredExt.obj
 0002:0002b3f0       ?Base@Vector@@QBEPBMXZ     100943f0 f i IDeferredExt.obj
 0002:0002b430       ?VectorCopy@@YAXPBMPAM@Z   10094430 f i IDeferredExt.obj
 0002:0002b490       ?CommitViewForward@CDeferredExtension@@UAEXABVVector@@@Z 10094490 f   IDeferredExt.obj
 0002:0002b500       ?CommitZDists@CDeferredExtension@@UAEXABM0@Z 10094500 f   IDeferredExt.obj
 0002:0002b560       ?CommitZScale@CDeferredExtension@@UAEXABM@Z 10094560 f   IDeferredExt.obj
 0002:0002b5b0       ?CommitFrustumDeltas@CDeferredExtension@@UAEXABVVMatrix@@@Z 100945b0 f   IDeferredExt.obj
 0002:0002b610       ?CommitShadowData_Ortho@CDeferredExtension@@UAEXABHABUshadowData_ortho_t@@@Z 10094610 f   IDeferredExt.obj
 0002:0002b760       ??4shadowData_ortho_t@@QAEAAU0@ABU0@@Z 10094760 f i IDeferredExt.obj
 0002:0002b820       ??4Vector4D@@QAEAAV0@ABV0@@Z 10094820 f i IDeferredExt.obj
 0002:0002b990       ?CommitShadowData_Proj@CDeferredExtension@@UAEXABHABUshadowData_proj_t@@@Z 10094990 f   IDeferredExt.obj
 0002:0002bae0       ??4shadowData_proj_t@@QAEAAU0@ABU0@@Z 10094ae0 f i IDeferredExt.obj
 0002:0002bb70       ?CommitShadowData_General@CDeferredExtension@@UAEXABUshadowData_general_t@@@Z 10094b70 f   IDeferredExt.obj
 0002:0002bbd0       ?CommitVolumeData@CDeferredExtension@@UAEXABUvolumeData_t@@@Z 10094bd0 f   IDeferredExt.obj
 0002:0002bc40       ?CommitRadiosityData@CDeferredExtension@@UAEXABUradiosityData_t@@@Z 10094c40 f   IDeferredExt.obj
 0002:0002bca0       ??4radiosityData_t@@QAEAAU0@ABU0@@Z 10094ca0 f i IDeferredExt.obj
 0002:0002bd30       ??4Vector@@QAEAAV0@ABV0@@Z 10094d30 f i IDeferredExt.obj
 0002:0002bda0       ?CommitLightData_Global@CDeferredExtension@@UAEXABUlightData_Global_t@@@Z 10094da0 f   IDeferredExt.obj
 0002:0002be00       ??4lightData_Global_t@@QAEAAU0@ABU0@@Z 10094e00 f i IDeferredExt.obj
 0002:0002bee0       ?CommitLightData_Common@CDeferredExtension@@UAEPAMPAMHHHHH@Z 10094ee0 f   IDeferredExt.obj
 0002:0002bf90       ?CommitTexture_General@CDeferredExtension@@UAEXPAVITexture@@00@Z 10094f90 f   IDeferredExt.obj
 0002:0002c000       ?CommitTexture_CascadedDepth@CDeferredExtension@@UAEXABHPAVITexture@@@Z 10095000 f   IDeferredExt.obj
 0002:0002c150       ?CommitTexture_DualParaboloidDepth@CDeferredExtension@@UAEXABHPAVITexture@@@Z 10095150 f   IDeferredExt.obj
 0002:0002c2a0       ?CommitTexture_ProjectedDepth@CDeferredExtension@@UAEXABHPAVITexture@@@Z 100952a0 f   IDeferredExt.obj
 0002:0002c3f0       ?CommitTexture_Cookie@CDeferredExtension@@UAEXABHPAVITexture@@@Z 100953f0 f   IDeferredExt.obj
 0002:0002c540       ?CommitTexture_VolumePrePass@CDeferredExtension@@UAEXPAVITexture@@@Z 10095540 f   IDeferredExt.obj
 0002:0002c590       ?CommitTexture_ShadowRadOutput_Ortho@CDeferredExtension@@UAEXPAVITexture@@0@Z 10095590 f   IDeferredExt.obj
 0002:0002c5f0       ?CommitTexture_Radiosity@CDeferredExtension@@UAEXPAVITexture@@000@Z 100955f0 f   IDeferredExt.obj
 0002:0002c6b0       ??0?$CUtlVector@PAVCShaderParam@LIGHTING_GLOBAL@@V?$CUtlMemory@PAVCShaderParam@LIGHTING_GLOBAL@@H@@@@QAE@HH@Z 100956b0 f i lighting_global.obj
 0002:0002c730       ?ResetDbgInfo@?$CUtlVector@PAVCShaderParam@LIGHTING_GLOBAL@@V?$CUtlMemory@PAVCShaderParam@LIGHTING_GLOBAL@@H@@@@IAEXXZ 10095730 f i lighting_global.obj
 0002:0002c790       ?Base@?$CUtlVector@PAVCShaderParam@LIGHTING_GLOBAL@@V?$CUtlMemory@PAVCShaderParam@LIGHTING_GLOBAL@@H@@@@QAEPAPAVCShaderParam@LIGHTING_GLOBAL@@XZ 10095790 f i lighting_global.obj
 0002:0002c7e0       ??0?$CUtlMemory@PAVCShaderParam@LIGHTING_GLOBAL@@H@@QAE@HH@Z 100957e0 f i lighting_global.obj
 0002:0002c9d0       ?Base@?$CUtlMemory@PAVCShaderParam@LIGHTING_GLOBAL@@H@@QAEPAPAVCShaderParam@LIGHTING_GLOBAL@@XZ 100959d0 f i lighting_global.obj
 0002:0002caf0       ?ValidateGrowSize@?$CUtlMemory@PAVCShaderParam@LIGHTING_GLOBAL@@H@@IAEXXZ 10095af0 f i lighting_global.obj
 0002:0002cb30       ?IsReadOnly@?$CUtlMemory@PAVCShaderParam@LIGHTING_GLOBAL@@H@@QBE_NXZ 10095b30 f i lighting_global.obj
 0002:0002cb80       ??$MemAllocClassName@V?$CUtlMemory@PAVCShaderParam@LIGHTING_GLOBAL@@H@@@@YAPBDPAV?$CUtlMemory@PAVCShaderParam@LIGHTING_GLOBAL@@H@@@Z 10095b80 f i lighting_global.obj
 0002:0002cc00       ??0CShader@LIGHTING_GLOBAL@@QAE@XZ 10095c00 f i lighting_global.obj
 0002:0002cc60       ?OnInitShaderParams@CShader@LIGHTING_GLOBAL@@UAEXPAPAVIMaterialVar@@PBD@Z 10095c60 f i lighting_global.obj
 0002:0002cca0       ?GetName@CShader@LIGHTING_GLOBAL@@UBEPBDXZ 10095ca0 f i lighting_global.obj
 0002:0002cce0       ?GetFlags@CShader@LIGHTING_GLOBAL@@UBEHXZ 10095ce0 f i lighting_global.obj
 0002:0002cd20       ?GetParamCount@CShader@LIGHTING_GLOBAL@@UBEHXZ 10095d20 f i lighting_global.obj
 0002:0002cd80       ?GetParamInfo@CShader@LIGHTING_GLOBAL@@UBEABUShaderParamInfo_t@@H@Z 10095d80 f i lighting_global.obj
 0002:0002ce20       ?GetInfo@CShaderParam@LIGHTING_GLOBAL@@QBEABUShaderParamInfo_t@@XZ 10095e20 f i lighting_global.obj
 0002:0002ce60       ?OnInitShaderInstance@CShader@LIGHTING_GLOBAL@@UAEXPAPAVIMaterialVar@@PAVIShaderInit@@PBD@Z 10095e60 f i lighting_global.obj
 0002:0002cea0       ?GetFallbackShader@CShader@LIGHTING_GLOBAL@@UBEPBDPAPAVIMaterialVar@@@Z 10095ea0 f i lighting_global.obj
 0002:0002cee0       ?OnDrawElements@CShader@LIGHTING_GLOBAL@@UAEXPAPAVIMaterialVar@@PAVIShaderShadow@@PAVIShaderDynamicAPI@@W4VertexCompressionType_t@@PAPAVCBasePerMaterialContextData@@@Z 10095ee0 f i lighting_global.obj
 0002:0002d760       ?MakeHalfAmbient@@YA?AVVector4D@@V1@0@Z 10096760 f i lighting_global.obj
 0002:0002d8c0       ??HVector4D@@QBE?AV0@ABV0@@Z 100968c0 f i lighting_global.obj
 0002:0002d980       ??GVector4D@@QBE?AV0@ABV0@@Z 10096980 f i lighting_global.obj
 0002:0002da40       ?Vector4DAdd@@YAXABVVector4D@@0AAV1@@Z 10096a40 f i lighting_global.obj
 0002:0002dbd0       ?Vector4DSubtract@@YAXABVVector4D@@0AAV1@@Z 10096bd0 f i lighting_global.obj
 0002:0002dd60       ??0lightingpass_global_ps30_Static_Index@@QAE@PAVIShaderShadow@@PAPAVIMaterialVar@@@Z 10096d60 f i lighting_global.obj
 0002:0002dda0       ?GetIndex@lightingpass_global_ps30_Static_Index@@QAEHXZ 10096da0 f i lighting_global.obj
 0002:0002dde0       ?SetHAS_SHADOW@lightingpass_global_ps30_Dynamic_Index@@QAEX_N@Z 10096de0 f i lighting_global.obj
 0002:0002de40       ??0lightingpass_global_ps30_Dynamic_Index@@QAE@PAVIShaderDynamicAPI@@@Z 10096e40 f i lighting_global.obj
 0002:0002de90       ?GetIndex@lightingpass_global_ps30_Dynamic_Index@@QAEHXZ 10096e90 f i lighting_global.obj
 0002:0002dfb0       ??0lightData_Global_t@@QAE@ABU0@@Z 10096fb0 f i lighting_global.obj
 0002:0002e090       ??A?$CUtlVector@PAVCShaderParam@LIGHTING_GLOBAL@@V?$CUtlMemory@PAVCShaderParam@LIGHTING_GLOBAL@@H@@@@QAEAAPAVCShaderParam@LIGHTING_GLOBAL@@H@Z 10097090 f i lighting_global.obj
 0002:0002e1c0       ?Count@?$CUtlVector@PAVCShaderParam@LIGHTING_GLOBAL@@V?$CUtlMemory@PAVCShaderParam@LIGHTING_GLOBAL@@H@@@@QBEHXZ 100971c0 f i lighting_global.obj
 0002:0002e200       ??A?$CUtlMemory@PAVCShaderParam@LIGHTING_GLOBAL@@H@@QAEAAPAVCShaderParam@LIGHTING_GLOBAL@@H@Z 10097200 f i lighting_global.obj
 0002:0002e400       ?IsIdxValid@?$CUtlMemory@PAVCShaderParam@LIGHTING_GLOBAL@@H@@QBE_NH@Z 10097400 f i lighting_global.obj
 0002:0002e480       ??1?$CUtlVector@PAVCShaderParam@LIGHTING_GLOBAL@@V?$CUtlMemory@PAVCShaderParam@LIGHTING_GLOBAL@@H@@@@QAE@XZ 10097480 f i lighting_global.obj
 0002:0002e4e0       ?Purge@?$CUtlVector@PAVCShaderParam@LIGHTING_GLOBAL@@V?$CUtlMemory@PAVCShaderParam@LIGHTING_GLOBAL@@H@@@@QAEXXZ 100974e0 f i lighting_global.obj
 0002:0002e550       ??1?$CUtlMemory@PAVCShaderParam@LIGHTING_GLOBAL@@H@@QAE@XZ 10097550 f i lighting_global.obj
 0002:0002e5a0       ?RemoveAll@?$CUtlVector@PAVCShaderParam@LIGHTING_GLOBAL@@V?$CUtlMemory@PAVCShaderParam@LIGHTING_GLOBAL@@H@@@@QAEXXZ 100975a0 f i lighting_global.obj
 0002:0002e630       ?Element@?$CUtlVector@PAVCShaderParam@LIGHTING_GLOBAL@@V?$CUtlMemory@PAVCShaderParam@LIGHTING_GLOBAL@@H@@@@QAEAAPAVCShaderParam@LIGHTING_GLOBAL@@H@Z 10097630 f i lighting_global.obj
 0002:0002e760       ?Purge@?$CUtlMemory@PAVCShaderParam@LIGHTING_GLOBAL@@H@@QAEXXZ 10097760 f i lighting_global.obj
 0002:0002e810       ?IsExternallyAllocated@?$CUtlMemory@PAVCShaderParam@LIGHTING_GLOBAL@@H@@QBE_NXZ 10097810 f i lighting_global.obj
 0002:0002e860       ??$Destruct@PAVCShaderParam@LIGHTING_GLOBAL@@@@YAXPAPAVCShaderParam@LIGHTING_GLOBAL@@@Z 10097860 f i lighting_global.obj
 0002:0002e8c0       ?InitParmsLightPass@@YAXABUlightPassParms@@PAVCBaseVSShader@@PAPAVIMaterialVar@@@Z 100978c0 f   lighting_pass_basic.obj
 0002:0002e980       ?InitPassLightPass@@YAXABUlightPassParms@@PAVCBaseVSShader@@PAPAVIMaterialVar@@@Z 10097980 f   lighting_pass_basic.obj
 0002:0002e9b0       ?DrawPassLightPass@@YAXABUlightPassParms@@PAVCBaseVSShader@@PAPAVIMaterialVar@@PAVIShaderShadow@@PAVIShaderDynamicAPI@@W4VertexCompressionType_t@@@Z 100979b0 f   lighting_pass_basic.obj
 0002:0002fce0       ?GetNumActiveLights_ShadowedCookied@CDeferredExtension@@QAEHXZ 10098ce0 f i lighting_pass_basic.obj
 0002:0002fd20       ?GetNumActiveLights_Shadowed@CDeferredExtension@@QAEHXZ 10098d20 f i lighting_pass_basic.obj
 0002:0002fd60       ?GetNumActiveLights_Cookied@CDeferredExtension@@QAEHXZ 10098d60 f i lighting_pass_basic.obj
 0002:0002fda0       ?GetNumActiveLights_Simple@CDeferredExtension@@QAEHXZ 10098da0 f i lighting_pass_basic.obj
 0002:0002fde0       ?GetActiveLightData@CDeferredExtension@@QAEPAMXZ 10098de0 f i lighting_pass_basic.obj
 0002:0002fe20       ?GetActiveLights_NumRows@CDeferredExtension@@QAEHXZ 10098e20 f i lighting_pass_basic.obj
 0002:0002fe60       ?GetTexture_ShadowDepth_DP@CDeferredExtension@@QAEPAVITexture@@ABH@Z 10098e60 f i lighting_pass_basic.obj
 0002:0002ffa0       ?GetTexture_ShadowDepth_Proj@CDeferredExtension@@QAEPAVITexture@@ABH@Z 10098fa0 f i lighting_pass_basic.obj
 0002:000300e0       ?GetTexture_Cookie@CDeferredExtension@@QAEPAVITexture@@ABH@Z 100990e0 f i lighting_pass_basic.obj
 0002:00030220       ?CommitShadowProjectionConstants_DPSM@@YAXPAVIShaderDynamicAPI@@H@Z 10099220 f i lighting_pass_basic.obj
 0002:000303b0       ?GetShadowData_General@CDeferredExtension@@QAEABUshadowData_general_t@@XZ 100993b0 f i lighting_pass_basic.obj
 0002:000303f0       ?CommitShadowProjectionConstants_Proj@@YAXPAVIShaderDynamicAPI@@H@Z 100993f0 f i lighting_pass_basic.obj
 0002:00030580       ?CommitHalfScreenTexel@@YAXPAVIShaderDynamicAPI@@HM@Z 10099580 f i lighting_pass_basic.obj
 0002:000305f0       ?CommitFullScreenTexel@@YAXPAVIShaderDynamicAPI@@HM@Z 100995f0 f i lighting_pass_basic.obj
 0002:00030700       ?SetUSEWORLDTRANSFORM@lightingpass_point_ps30_Static_Index@@QAEXH@Z 10099700 f i lighting_pass_basic.obj
 0002:00030820       ??0lightingpass_point_ps30_Static_Index@@QAE@PAVIShaderShadow@@PAPAVIMaterialVar@@@Z 10099820 f i lighting_pass_basic.obj
 0002:00030870       ?GetIndex@lightingpass_point_ps30_Static_Index@@QAEHXZ 10099870 f i lighting_pass_basic.obj
 0002:00030990       ?SetNUM_SHADOWED_COOKIE@lightingpass_point_ps30_Dynamic_Index@@QAEXH@Z 10099990 f i lighting_pass_basic.obj
 0002:00030ab0       ?SetNUM_SHADOWED@lightingpass_point_ps30_Dynamic_Index@@QAEXH@Z 10099ab0 f i lighting_pass_basic.obj
 0002:00030bd0       ?SetNUM_COOKIE@lightingpass_point_ps30_Dynamic_Index@@QAEXH@Z 10099bd0 f i lighting_pass_basic.obj
 0002:00030cf0       ?SetNUM_SIMPLE@lightingpass_point_ps30_Dynamic_Index@@QAEXH@Z 10099cf0 f i lighting_pass_basic.obj
 0002:00030e20       ??0lightingpass_point_ps30_Dynamic_Index@@QAE@PAVIShaderDynamicAPI@@@Z 10099e20 f i lighting_pass_basic.obj
 0002:00030eb0       ?GetIndex@lightingpass_point_ps30_Dynamic_Index@@QAEHXZ 10099eb0 f i lighting_pass_basic.obj
 0002:00031050       ?SetUSEWORLDTRANSFORM@lightingpass_spot_ps30_Static_Index@@QAEXH@Z 1009a050 f i lighting_pass_basic.obj
 0002:00031170       ??0lightingpass_spot_ps30_Static_Index@@QAE@PAVIShaderShadow@@PAPAVIMaterialVar@@@Z 1009a170 f i lighting_pass_basic.obj
 0002:000311c0       ?GetIndex@lightingpass_spot_ps30_Static_Index@@QAEHXZ 1009a1c0 f i lighting_pass_basic.obj
 0002:000312e0       ?SetNUM_SHADOWED_COOKIE@lightingpass_spot_ps30_Dynamic_Index@@QAEXH@Z 1009a2e0 f i lighting_pass_basic.obj
 0002:00031400       ?SetNUM_SHADOWED@lightingpass_spot_ps30_Dynamic_Index@@QAEXH@Z 1009a400 f i lighting_pass_basic.obj
[...]
 0004:000199d4       __C_Exit_Done              1018d9d4     LIBCMTD:crt0dat.obj
 0004:000199fc       ?_pfnDumpClient@@3P6AXPAXI@ZA 1018d9fc     LIBCMTD:dbgheap.obj
 0004:00019a04       ___crtDebugCheckCount      1018da04     LIBCMTD:dbgheap.obj
 0004:0001a184       ___pPurecall               1018e184     LIBCMTD:inithelp.obj
 0004:0001a188       __cflush                   1018e188     LIBCMTD:_file.obj
 0004:0001a18c       __stdbuf                   1018e18c     LIBCMTD:_sftbuf.obj
 0004:0001a198       ___pInvalidArgHandler      1018e198     LIBCMTD:invarg.obj
 0004:0001a350       _gpFlsAlloc                1018e350     LIBCMTD:tidtable.obj
 0004:0001a354       _gpFlsGetValue             1018e354     LIBCMTD:tidtable.obj
 0004:0001a358       _gpFlsSetValue             1018e358     LIBCMTD:tidtable.obj
 0004:0001a35c       _gpFlsFree                 1018e35c     LIBCMTD:tidtable.obj
 0004:0001a4a4       __crtheap                  1018e4a4     LIBCMTD:heapinit.obj
 0004:0001a4ac       ?_pnhHeap@@3P6AHI@ZA       1018e4ac     LIBCMTD:handler.obj
 0004:0001a4b4       ___mbulinfo                1018e4b4     LIBCMTD:mbctype.obj
 0004:0001a4c0       ___mbcodepage              1018e4c0     LIBCMTD:mbctype.obj
 0004:0001a4c4       ___ismbcodepage            1018e4c4     LIBCMTD:mbctype.obj
 0004:0001a4c8       ___mblcid                  1018e4c8     LIBCMTD:mbctype.obj
 0004:0001a4d4       ___locale_changed          1018e4d4     LIBCMTD:setlocal.obj
 0004:0001a4e0       __outputformat             1018e4e0     LIBCMTD:outputformat.obj
 0004:0001a4e4       ?__pInconsistency@@3P6AXXZA 1018e4e4     LIBCMTD:hooks.obj
 0004:0001a504       __newmode                  1018e504     LIBCMTD:_newmode.obj
 0004:0001a51c       ?pArgList@UnDecorator@@0PAVReplicator@@A 1018e51c     LIBCMTD:undname.obj
 0004:0001a520       ?pZNameList@UnDecorator@@0PAVReplicator@@A 1018e520     LIBCMTD:undname.obj
 0004:0001a524       ?pTemplateArgList@UnDecorator@@0PAVReplicator@@A 1018e524     LIBCMTD:undname.obj
 0004:0001a528       ?gName@UnDecorator@@0PBDB  1018e528     LIBCMTD:undname.obj
 0004:0001a52c       ?name@UnDecorator@@0PBDB   1018e52c     LIBCMTD:undname.obj
 0004:0001a530       ?outputString@UnDecorator@@0PADA 1018e530     LIBCMTD:undname.obj
 0004:0001a534       ?maxStringLength@UnDecorator@@0HA 1018e534     LIBCMTD:undname.obj
 0004:0001a538       ?disableFlags@UnDecorator@@0KA 1018e538     LIBCMTD:undname.obj
 0004:0001a53c       ?m_pGetParameter@UnDecorator@@0P6APADJ@ZA 1018e53c     LIBCMTD:undname.obj
 0004:0001a540       ?fExplicitTemplateParams@UnDecorator@@0_NA 1018e540     LIBCMTD:undname.obj
 0004:0001a541       ?fGetTemplateArgumentList@UnDecorator@@0_NA 1018e541     LIBCMTD:undname.obj
 0004:0001a5b0       ?nodes@?1??make@DNameStatusNode@@SAPAV2@W4DNameStatus@@@Z@4PAV2@A 1018e5b0     LIBCMTD:undname.obj
 0004:0001a5ec       ??_B?1??make@DNameStatusNode@@SAPAV1@W4DNameStatus@@@Z@51 1018e5ec     LIBCMTD:undname.obj
 0004:0001a9cc       ___lconv_static_null       1018e9cc     LIBCMTD:lconv.obj
 0004:0001a9d0       ___lconv_static_W_null     1018e9d0     LIBCMTD:lconv.obj
 0004:0001aba8       ?cvar@@3PAVICvar@@A        1018eba8     interfaces:interfaces.obj
 0004:0001abac       ?g_pCVar@@3PAVICvar@@A     1018ebac     interfaces:interfaces.obj
 0004:0001abb0       ?g_pProcessUtils@@3PAVIProcessUtils@@A 1018ebb0     interfaces:interfaces.obj
 0004:0001abb8       ?g_pPhysics2@@3PAVIPhysics2@@A 1018ebb8     interfaces:interfaces.obj
 0004:0001abbc       ?g_pPhysics2ActorManager@@3PAVIPhysics2ActorManager@@A 1018ebbc     interfaces:interfaces.obj
 0004:0001abc0       ?g_pPhysics2ResourceManager@@3PAVIPhysics2ResourceManager@@A 1018ebc0     interfaces:interfaces.obj
 0004:0001abc4       ?g_pEventSystem@@3PAVIEventSystem@@A 1018ebc4     interfaces:interfaces.obj
 0004:0001abc8       ?g_pLocalize@@3PAVILocalize@@A 1018ebc8     interfaces:interfaces.obj
 0004:0001abcc       ?g_pResourceSystem@@3PAVIResourceSystem@@A 1018ebcc     interfaces:interfaces.obj
 0004:0001abd0       ?g_pRenderDeviceMgr@@3PAVIRenderDeviceMgr@@A 1018ebd0     interfaces:interfaces.obj
 0004:0001abd4       ?g_pFullFileSystem@@3PAVIFileSystem@@A 1018ebd4     interfaces:interfaces.obj
 0004:0001abd8       ?g_pAsyncFileSystem@@3PAVIAsyncFileSystem@@A 1018ebd8     interfaces:interfaces.obj
 0004:0001abdc       ?materials@@3PAVIMaterialSystem@@A 1018ebdc     interfaces:interfaces.obj
 0004:0001abe0       ?g_pMaterialSystem@@3PAVIMaterialSystem@@A 1018ebe0     interfaces:interfaces.obj
 0004:0001abe4       ?g_pMaterialSystem2@@3PAVIMaterialSystem2@@A 1018ebe4     interfaces:interfaces.obj
 0004:0001abe8       ?g_pInputSystem@@3PAVIInputSystem@@A 1018ebe8     interfaces:interfaces.obj
 0004:0001abec       ?g_pInputStackSystem@@3PAVIInputStackSystem@@A 1018ebec     interfaces:interfaces.obj
 0004:0001abf0       ?g_pNetworkSystem@@3PAVINetworkSystem@@A 1018ebf0     interfaces:interfaces.obj
 0004:0001abf4       ?g_pSoundSystem@@3PAVISoundSystem@@A 1018ebf4     interfaces:interfaces.obj
 0004:0001abf8       ?g_pMaterialSystemHardwareConfig@@3PAVIMaterialSystemHardwareConfig@@A 1018ebf8     interfaces:interfaces.obj
 0004:0001abfc       ?g_pMaterialSystemDebugTextureInfo@@3PAVIDebugTextureInfo@@A 1018ebfc     interfaces:interfaces.obj
 0004:0001ac00       ?g_VBAllocTracker@@3PAVIVBAllocTracker@@A 1018ec00     interfaces:interfaces.obj
 0004:0001ac04       ?colorcorrection@@3PAVIColorCorrectionSystem@@A 1018ec04     interfaces:interfaces.obj
 0004:0001ac08       ?p4@@3PAVIP4@@A            1018ec08     interfaces:interfaces.obj
 0004:0001ac0c       ?mdllib@@3PAVIMdlLib@@A    1018ec0c     interfaces:interfaces.obj
 0004:0001ac10       ?g_pQueuedLoader@@3PAVIQueuedLoader@@A 1018ec10     interfaces:interfaces.obj
 0004:0001ac14       ?g_pResourceAccessControl@@3PAVIResourceAccessControl@@A 1018ec14     interfaces:interfaces.obj
 0004:0001ac18       ?g_pPrecacheSystem@@3PAVIPrecacheSystem@@A 1018ec18     interfaces:interfaces.obj
 0004:0001ac1c       ?g_pSceneSystem@@3PAVISceneSystem@@A 1018ec1c     interfaces:interfaces.obj
 0004:0001ac20       ?g_pMatchFramework@@3PAVIMatchFramework@@A 1018ec20     interfaces:interfaces.obj
 0004:0001ac24       ?g_pGameUISystemMgr@@3PAVIGameUISystemMgr@@A 1018ec24     interfaces:interfaces.obj
 0004:0001ac28       ?g_pRenderDevice@@3PAVIRenderDevice@@A 1018ec28     interfaces:interfaces.obj
 0004:0001ac2c       ?g_pRenderHardwareConfig@@3PAVIRenderHardwareConfig@@A 1018ec2c     interfaces:interfaces.obj
 0004:0001ac30       ?g_pMeshSystem@@3PAVIMeshSystem@@A 1018ec30     interfaces:interfaces.obj
 0004:0001ac34       ?g_pStudioRender@@3PAVIStudioRender@@A 1018ec34     interfaces:interfaces.obj
 0004:0001ac38       ?studiorender@@3PAVIStudioRender@@A 1018ec38     interfaces:interfaces.obj
 0004:0001ac3c       ?g_pMatSystemSurface@@3PAVIMatSystemSurface@@A 1018ec3c     interfaces:interfaces.obj
 0004:0001ac40       ?g_pVGuiInput@@3PAVIInput@vgui@@A 1018ec40     interfaces:interfaces.obj
 0004:0001ac44       ?g_pVGuiSurface@@3PAVISurface@vgui@@A 1018ec44     interfaces:interfaces.obj
 0004:0001ac48       ?g_pVGuiPanel@@3PAVIPanel@vgui@@A 1018ec48     interfaces:interfaces.obj
 0004:0001ac4c       ?g_pVGui@@3PAVIVGui@vgui@@A 1018ec4c     interfaces:interfaces.obj
 0004:0001ac50       ?g_pVGuiLocalize@@3PAVILocalize@vgui@@A 1018ec50     interfaces:interfaces.obj
 0004:0001ac54       ?g_pVGuiSchemeManager@@3PAVISchemeManager@vgui@@A 1018ec54     interfaces:interfaces.obj
 0004:0001ac58       ?g_pVGuiSystem@@3PAVISystem@vgui@@A 1018ec58     interfaces:interfaces.obj
 0004:0001ac5c       ?g_pDataCache@@3PAVIDataCache@@A 1018ec5c     interfaces:interfaces.obj
 0004:0001ac60       ?g_pMDLCache@@3PAVIMDLCache@@A 1018ec60     interfaces:interfaces.obj
 0004:0001ac64       ?mdlcache@@3PAVIMDLCache@@A 1018ec64     interfaces:interfaces.obj
 0004:0001ac68       ?g_pAVI@@3PAVIAvi@@A       1018ec68     interfaces:interfaces.obj
 0004:0001ac6c       ?g_pBIK@@3PAVIBik@@A       1018ec6c     interfaces:interfaces.obj
 0004:0001ac70       ?g_pDmeMakefileUtils@@3PAVIDmeMakefileUtils@@A 1018ec70     interfaces:interfaces.obj
 0004:0001ac74       ?g_pPhysicsCollision@@3PAVIPhysicsCollision@@A 1018ec74     interfaces:interfaces.obj
 0004:0001ac78       ?g_pSoundEmitterSystem@@3PAVISoundEmitterSystemBase@@A 1018ec78     interfaces:interfaces.obj
 0004:0001ac7c       ?g_pWorldRendererMgr@@3PAVIWorldRendererMgr@@A 1018ec7c     interfaces:interfaces.obj
 0004:0001ac80       ?g_pVGuiRenderSurface@@3PAVIVGuiRenderSurface@@A 1018ec80     interfaces:interfaces.obj
 0004:0001ad18       __pfnReportHook            1018ed18     <common>
 0004:0001ad28       __pReportHookListW         1018ed28     <common>
 0004:0001ad2c       __pReportHookList          1018ed2c     <common>
 0004:0001ad30       __debugger_hook_dummy      1018ed30     <common>
 0004:0001ad3c       ___setlc_active            1018ed3c     <common>
 0004:0001ad4c       ___unguarded_readlc_active 1018ed4c     <common>
 0004:0001ad50       ___use_sse2_mathfcns       1018ed50     <common>
 0004:0001ad5c       __pmatherr                 1018ed5c     <common>
 0004:0001ad68       __nhandle                  1018ed68     <common>
 0004:0001adc0       ___pioinfo                 1018edc0     <common>
 0004:0001aec0       ___piob                    1018eec0     <common>
 0004:0001b200       __bufin                    1018f200     <common>
 0004:0001c200       __nstream                  10190200     <common>
 0004:0001c204       ___env_initialized         10190204     <common>
 0004:0001c214       ___onexitend               10190214     <common>
 0004:0001c218       ___onexitbegin             10190218     <common>
 0004:0001c21c       ___mbctype_initialized     1019021c     <common>
 0004:0001c220       ___dyn_tls_init_callback   10190220     <common>
 0004:0001c224       ___sse2_available          10190224     <common>
 0004:0001c230       __acmdln                   10190230     <common>
 0005:00000000       __IMPORT_DESCRIPTOR_tier0  10191000     tier0:tier0.dll
 0005:00000014       __IMPORT_DESCRIPTOR_KERNEL32 10191014     kernel32:KERNEL32.dll
 0005:00000028       __NULL_IMPORT_DESCRIPTOR   10191028     tier0:tier0.dll
 0005:000002b8       __imp__TlsFree@4           101912b8     kernel32:KERNEL32.dll
 0005:000002bc       __imp__CreateFileW@28      101912bc     kernel32:KERNEL32.dll
 0005:000002c0       __imp__SetStdHandle@8      101912c0     kernel32:KERNEL32.dll
 0005:000002c4       __imp__ReadFile@20         101912c4     kernel32:KERNEL32.dll
 0005:000002c8       __imp__FlushFileBuffers@4  101912c8     kernel32:KERNEL32.dll
 0005:000002cc       __imp__GetUserDefaultLCID@0 101912cc     kernel32:KERNEL32.dll
 0005:000002d0       __imp__EnumSystemLocalesA@8 101912d0     kernel32:KERNEL32.dll
 0005:000002d4       __imp__IsValidLocale@8     101912d4     kernel32:KERNEL32.dll
 0005:000002d8       __imp__GetLocaleInfoA@16   101912d8     kernel32:KERNEL32.dll
 0005:000002dc       __imp__GetConsoleMode@8    101912dc     kernel32:KERNEL32.dll
 0005:000002e0       __imp__MultiByteToWideChar@24 101912e0     kernel32:KERNEL32.dll
 0005:000002e4       __imp__WideCharToMultiByte@32 101912e4     kernel32:KERNEL32.dll
 0005:000002e8       __imp__GetProcAddress@8    101912e8     kernel32:KERNEL32.dll
 0005:000002ec       __imp__GetModuleHandleA@4  101912ec     kernel32:KERNEL32.dll
 0005:000002f0       __imp__LoadLibraryExA@12   101912f0     kernel32:KERNEL32.dll
 0005:000002f4       __imp__WaitForSingleObject@8 101912f4     kernel32:KERNEL32.dll
 0005:000002f8       __imp__GetCurrentProcessId@0 101912f8     kernel32:KERNEL32.dll
 0005:000002fc       __imp__CreateFileMappingA@24 101912fc     kernel32:KERNEL32.dll
 0005:00000300       __imp__CloseHandle@4       10191300     kernel32:KERNEL32.dll
 0005:00000304       __imp__OpenFileMappingA@12 10191304     kernel32:KERNEL32.dll
 0005:00000308       __imp__FreeLibrary@4       10191308     kernel32:KERNEL32.dll
 0005:0000030c       __imp__EncodePointer@4     1019130c     kernel32:KERNEL32.dll
 0005:00000310       __imp__DecodePointer@4     10191310     kernel32:KERNEL32.dll
 0005:00000314       __imp__GetCurrentThreadId@0 10191314     kernel32:KERNEL32.dll
 0005:00000318       __imp__GetCommandLineA@0   10191318     kernel32:KERNEL32.dll
 0005:0000031c       __imp__GetLastError@0      1019131c     kernel32:KERNEL32.dll
 0005:00000320       __imp__GetFullPathNameA@16 10191320     kernel32:KERNEL32.dll
 0005:00000324       __imp__GetDriveTypeW@4     10191324     kernel32:KERNEL32.dll
 0005:00000328       __imp__SetEnvironmentVariableA@8 10191328     kernel32:KERNEL32.dll
 0005:0000032c       __imp__GetCurrentDirectoryA@8 1019132c     kernel32:KERNEL32.dll
 0005:00000330       __imp__SetCurrentDirectoryA@4 10191330     kernel32:KERNEL32.dll
 0005:00000334       __imp__IsDebuggerPresent@0 10191334     kernel32:KERNEL32.dll
 0005:00000338       __imp__RaiseException@16   10191338     kernel32:KERNEL32.dll
 0005:0000033c       __imp__lstrlenA@4          1019133c     kernel32:KERNEL32.dll
 0005:00000340       __imp__LoadLibraryW@4      10191340     kernel32:KERNEL32.dll
 0005:00000344       __imp__IsProcessorFeaturePresent@4 10191344     kernel32:KERNEL32.dll
 0005:00000348       __imp__InterlockedIncrement@4 10191348     kernel32:KERNEL32.dll
 0005:0000034c       __imp__InterlockedDecrement@4 1019134c     kernel32:KERNEL32.dll
 0005:00000350       __imp__GetModuleHandleW@4  10191350     kernel32:KERNEL32.dll
 0005:00000354       __imp__ExitProcess@4       10191354     kernel32:KERNEL32.dll
 0005:00000358       __imp__HeapValidate@12     10191358     kernel32:KERNEL32.dll
 0005:0000035c       __imp__IsBadReadPtr@8      1019135c     kernel32:KERNEL32.dll
 0005:00000360       __imp__GetModuleFileNameW@12 10191360     kernel32:KERNEL32.dll
 0005:00000364       __imp__WriteFile@20        10191364     kernel32:KERNEL32.dll
 0005:00000368       __imp__GetStdHandle@4      10191368     kernel32:KERNEL32.dll
 0005:0000036c       __imp__GetLocaleInfoW@16   1019136c     kernel32:KERNEL32.dll
 0005:00000370       __imp__EnterCriticalSection@4 10191370     kernel32:KERNEL32.dll
 0005:00000374       __imp__LeaveCriticalSection@4 10191374     kernel32:KERNEL32.dll
 0005:00000378       __imp__TerminateProcess@8  10191378     kernel32:KERNEL32.dll
 0005:0000037c       __imp__GetCurrentProcess@0 1019137c     kernel32:KERNEL32.dll
 0005:00000380       __imp__UnhandledExceptionFilter@4 10191380     kernel32:KERNEL32.dll
 0005:00000384       __imp__SetUnhandledExceptionFilter@4 10191384     kernel32:KERNEL32.dll
 0005:00000388       __imp__InitializeCriticalSectionAndSpinCount@8 10191388     kernel32:KERNEL32.dll
 0005:0000038c       __imp__DeleteCriticalSection@4 1019138c     kernel32:KERNEL32.dll
 0005:00000390       __imp__FatalAppExitA@8     10191390     kernel32:KERNEL32.dll
 0005:00000394       __imp__TlsAlloc@0          10191394     kernel32:KERNEL32.dll
 0005:00000398       __imp__TlsGetValue@4       10191398     kernel32:KERNEL32.dll
 0005:0000039c       __imp__TlsSetValue@8       1019139c     kernel32:KERNEL32.dll
 0005:000003a0       __imp__GetConsoleCP@0      101913a0     kernel32:KERNEL32.dll
 0005:000003a4       __imp__SetLastError@4      101913a4     kernel32:KERNEL32.dll
 0005:000003a8       __imp__GetCurrentThread@0  101913a8     kernel32:KERNEL32.dll
 0005:000003ac       __imp__SetHandleCount@4    101913ac     kernel32:KERNEL32.dll
 0005:000003b0       __imp__GetFileType@4       101913b0     kernel32:KERNEL32.dll
 0005:000003b4       __imp__GetStartupInfoW@4   101913b4     kernel32:KERNEL32.dll
 0005:000003b8       __imp__GetModuleFileNameA@12 101913b8     kernel32:KERNEL32.dll
 0005:000003bc       __imp__FreeEnvironmentStringsW@4 101913bc     kernel32:KERNEL32.dll
 0005:000003c0       __imp__GetEnvironmentStringsW@0 101913c0     kernel32:KERNEL32.dll
 0005:000003c4       __imp__HeapCreate@12       101913c4     kernel32:KERNEL32.dll
 0005:000003c8       __imp__HeapDestroy@4       101913c8     kernel32:KERNEL32.dll
 0005:000003cc       __imp__QueryPerformanceCounter@4 101913cc     kernel32:KERNEL32.dll
 0005:000003d0       __imp__GetTickCount@0      101913d0     kernel32:KERNEL32.dll
 0005:000003d4       __imp__GetSystemTimeAsFileTime@4 101913d4     kernel32:KERNEL32.dll
 0005:000003d8       __imp__GetACP@0            101913d8     kernel32:KERNEL32.dll
 0005:000003dc       __imp__GetOEMCP@0          101913dc     kernel32:KERNEL32.dll
 0005:000003e0       __imp__GetCPInfo@8         101913e0     kernel32:KERNEL32.dll
 0005:000003e4       __imp__IsValidCodePage@4   101913e4     kernel32:KERNEL32.dll
 0005:000003e8       __imp__LCMapStringW@24     101913e8     kernel32:KERNEL32.dll
 0005:000003ec       __imp__GetCurrentDirectoryW@8 101913ec     kernel32:KERNEL32.dll
 0005:000003f0       __imp__SetCurrentDirectoryW@4 101913f0     kernel32:KERNEL32.dll
 0005:000003f4       __imp__RtlUnwind@16        101913f4     kernel32:KERNEL32.dll
 0005:000003f8       __imp__HeapFree@12         101913f8     kernel32:KERNEL32.dll
 0005:000003fc       __imp__HeapAlloc@12        101913fc     kernel32:KERNEL32.dll
 0005:00000400       __imp__GetProcessHeap@0    10191400     kernel32:KERNEL32.dll
 0005:00000404       __imp__VirtualQuery@12     10191404     kernel32:KERNEL32.dll
 0005:00000408       __imp__SetConsoleCtrlHandler@8 10191408     kernel32:KERNEL32.dll
 0005:0000040c       __imp__InterlockedExchange@8 1019140c     kernel32:KERNEL32.dll
 0005:00000410       __imp__HeapReAlloc@16      10191410     kernel32:KERNEL32.dll
 0005:00000414       __imp__HeapSize@12         10191414     kernel32:KERNEL32.dll
 0005:00000418       __imp__HeapQueryInformation@20 10191418     kernel32:KERNEL32.dll
 0005:0000041c       __imp__OutputDebugStringA@4 1019141c     kernel32:KERNEL32.dll
 0005:00000420       __imp__WriteConsoleW@20    10191420     kernel32:KERNEL32.dll
 0005:00000424       __imp__OutputDebugStringW@4 10191424     kernel32:KERNEL32.dll
 0005:00000428       __imp__GetStringTypeW@16   10191428     kernel32:KERNEL32.dll
 0005:0000042c       __imp__SetFilePointer@16   1019142c     kernel32:KERNEL32.dll
 0005:00000430       \177KERNEL32_NULL_THUNK_DATA 10191430     kernel32:KERNEL32.dll
 0005:000004a4       __imp__ThreadSleep         101914a4     tier0:tier0.dll
 0005:000004a8       __imp__GetCPUInformation   101914a8     tier0:tier0.dll
 0005:000004ac       __imp__Error               101914ac     tier0:tier0.dll
 0005:000004b0       __imp__Msg                 101914b0     tier0:tier0.dll
 0005:000004b4       __imp__g_pMemAlloc         101914b4     tier0:tier0.dll
 0005:000004b8       __imp__LoggingSystem_LogAssert 101914b8     tier0:tier0.dll
 0005:000004bc       __imp__ShouldUseNewAssertDialog 101914bc     tier0:tier0.dll
 0005:000004c0       __imp__DoNewAssertDialog   101914c0     tier0:tier0.dll
 0005:000004c4       __imp___ExitOnFatalAssert  101914c4     tier0:tier0.dll
 0005:000004c8       __imp__Warning             101914c8     tier0:tier0.dll
 0005:000004cc       __imp_?ConMsg@@YAXPBDZZ    101914cc     tier0:tier0.dll
 0005:000004d0       __imp__AssertValidStringPtr 101914d0     tier0:tier0.dll
 0005:000004d4       __imp___AssertValidWritePtr 101914d4     tier0:tier0.dll
 0005:000004d8       __imp___AssertValidReadPtr 101914d8     tier0:tier0.dll
 0005:000004dc       __imp__Plat_IsInDebugSession 101914dc     tier0:tier0.dll
 0005:000004e0       __imp__ReleaseThreadHandle 101914e0     tier0:tier0.dll
 0005:000004e4       __imp__CreateSimpleThread  101914e4     tier0:tier0.dll
 0005:000004e8       __imp__StackToolsNotify_LoadedLibrary 101914e8     tier0:tier0.dll
 0005:000004ec       __imp__GetThreadedLoadLibraryFunc 101914ec     tier0:tier0.dll
 0005:000004f0       __imp__CommandLine         101914f0     tier0:tier0.dll
 0005:000004f4       __imp_?DevWarning@@YAXPBDZZ 101914f4     tier0:tier0.dll
 0005:000004f8       \177tier0_NULL_THUNK_DATA  101914f8     tier0:tier0.dll

 entry point at        0002:000011cb

